Component: ARM Compiler 5.06 update 4 (build 422) Tool: armlink [4d35d2]

==============================================================================

Section Cross References

    system_stm32f4xx.o(i.SystemCoreClockUpdate) refers to system_stm32f4xx.o(.data) for SystemCoreClock
    system_stm32f4xx.o(i.SystemCoreClockUpdate) refers to system_stm32f4xx.o(.constdata) for AHBPrescTable
    stm32f4xx_hal.o(i.HAL_DeInit) refers to stm32f4xx_hal.o(i.HAL_MspDeInit) for HAL_MspDeInit
    stm32f4xx_hal.o(i.HAL_Delay) refers to stm32f4xx_hal.o(i.HAL_GetTick) for HAL_GetTick
    stm32f4xx_hal.o(i.HAL_Delay) refers to stm32f4xx_hal_rcc.o(i.HAL_RCC_GetHCLKFreq) for HAL_RCC_GetHCLKFreq
    stm32f4xx_hal.o(i.HAL_Delay) refers to stm32f4xx_hal_cortex.o(i.HAL_SYSTICK_Config) for HAL_SYSTICK_Config
    stm32f4xx_hal.o(i.HAL_Delay) refers to stm32f4xx_hal.o(.data) for uwTickFreq
    stm32f4xx_hal.o(i.HAL_DelayUs) refers to stm32f4xx_hal.o(i.HAL_GetTick) for HAL_GetTick
    stm32f4xx_hal.o(i.HAL_DelayUs) refers to stm32f4xx_hal_rcc.o(i.HAL_RCC_GetHCLKFreq) for HAL_RCC_GetHCLKFreq
    stm32f4xx_hal.o(i.HAL_DelayUs) refers to stm32f4xx_hal_cortex.o(i.HAL_SYSTICK_Config) for HAL_SYSTICK_Config
    stm32f4xx_hal.o(i.HAL_DelayUs) refers to stm32f4xx_hal.o(.data) for uwTickFreq
    stm32f4xx_hal.o(i.HAL_GetTick) refers to stm32f4xx_hal.o(.data) for uwTick
    stm32f4xx_hal.o(i.HAL_GetTickFreq) refers to stm32f4xx_hal.o(.data) for uwTickFreq
    stm32f4xx_hal.o(i.HAL_GetTickPrio) refers to stm32f4xx_hal.o(.data) for uwTickPrio
    stm32f4xx_hal.o(i.HAL_IncTick) refers to stm32f4xx_hal.o(.data) for uwTick
    stm32f4xx_hal.o(i.HAL_Init) refers to stm32f4xx_hal_cortex.o(i.HAL_NVIC_SetPriorityGrouping) for HAL_NVIC_SetPriorityGrouping
    stm32f4xx_hal.o(i.HAL_Init) refers to stm32f4xx_hal.o(i.HAL_InitTick) for HAL_InitTick
    stm32f4xx_hal.o(i.HAL_Init) refers to stm32f4xx_hal_msp.o(i.HAL_MspInit) for HAL_MspInit
    stm32f4xx_hal.o(i.HAL_InitTick) refers to stm32f4xx_hal_cortex.o(i.HAL_SYSTICK_Config) for HAL_SYSTICK_Config
    stm32f4xx_hal.o(i.HAL_InitTick) refers to stm32f4xx_hal_cortex.o(i.HAL_NVIC_SetPriority) for HAL_NVIC_SetPriority
    stm32f4xx_hal.o(i.HAL_InitTick) refers to stm32f4xx_hal.o(.data) for uwTickFreq
    stm32f4xx_hal.o(i.HAL_InitTick) refers to system_stm32f4xx.o(.data) for SystemCoreClock
    stm32f4xx_hal.o(i.HAL_SetTickFreq) refers to stm32f4xx_hal.o(i.HAL_InitTick) for HAL_InitTick
    stm32f4xx_hal.o(i.HAL_SetTickFreq) refers to stm32f4xx_hal.o(.data) for uwTickFreq
    stm32f4xx_hal_adc.o(i.ADC_DMAConvCplt) refers to rocbattery.o(i.HAL_ADC_ConvCpltCallback) for HAL_ADC_ConvCpltCallback
    stm32f4xx_hal_adc.o(i.ADC_DMAError) refers to stm32f4xx_hal_adc.o(i.HAL_ADC_ErrorCallback) for HAL_ADC_ErrorCallback
    stm32f4xx_hal_adc.o(i.ADC_DMAHalfConvCplt) refers to stm32f4xx_hal_adc.o(i.HAL_ADC_ConvHalfCpltCallback) for HAL_ADC_ConvHalfCpltCallback
    stm32f4xx_hal_adc.o(i.HAL_ADC_ConfigChannel) refers to system_stm32f4xx.o(.data) for SystemCoreClock
    stm32f4xx_hal_adc.o(i.HAL_ADC_DeInit) refers to adc.o(i.HAL_ADC_MspDeInit) for HAL_ADC_MspDeInit
    stm32f4xx_hal_adc.o(i.HAL_ADC_IRQHandler) refers to rocbattery.o(i.HAL_ADC_ConvCpltCallback) for HAL_ADC_ConvCpltCallback
    stm32f4xx_hal_adc.o(i.HAL_ADC_IRQHandler) refers to stm32f4xx_hal_adc_ex.o(i.HAL_ADCEx_InjectedConvCpltCallback) for HAL_ADCEx_InjectedConvCpltCallback
    stm32f4xx_hal_adc.o(i.HAL_ADC_IRQHandler) refers to stm32f4xx_hal_adc.o(i.HAL_ADC_LevelOutOfWindowCallback) for HAL_ADC_LevelOutOfWindowCallback
    stm32f4xx_hal_adc.o(i.HAL_ADC_IRQHandler) refers to stm32f4xx_hal_adc.o(i.HAL_ADC_ErrorCallback) for HAL_ADC_ErrorCallback
    stm32f4xx_hal_adc.o(i.HAL_ADC_Init) refers to adc.o(i.HAL_ADC_MspInit) for HAL_ADC_MspInit
    stm32f4xx_hal_adc.o(i.HAL_ADC_Init) refers to stm32f4xx_hal_adc.o(i.ADC_Init) for ADC_Init
    stm32f4xx_hal_adc.o(i.HAL_ADC_PollForConversion) refers to stm32f4xx_hal.o(i.HAL_GetTick) for HAL_GetTick
    stm32f4xx_hal_adc.o(i.HAL_ADC_PollForEvent) refers to stm32f4xx_hal.o(i.HAL_GetTick) for HAL_GetTick
    stm32f4xx_hal_adc.o(i.HAL_ADC_Start) refers to system_stm32f4xx.o(.data) for SystemCoreClock
    stm32f4xx_hal_adc.o(i.HAL_ADC_Start_DMA) refers to stm32f4xx_hal_dma.o(i.HAL_DMA_Start_IT) for HAL_DMA_Start_IT
    stm32f4xx_hal_adc.o(i.HAL_ADC_Start_DMA) refers to system_stm32f4xx.o(.data) for SystemCoreClock
    stm32f4xx_hal_adc.o(i.HAL_ADC_Start_DMA) refers to stm32f4xx_hal_adc.o(i.ADC_DMAConvCplt) for ADC_DMAConvCplt
    stm32f4xx_hal_adc.o(i.HAL_ADC_Start_DMA) refers to stm32f4xx_hal_adc.o(i.ADC_DMAHalfConvCplt) for ADC_DMAHalfConvCplt
    stm32f4xx_hal_adc.o(i.HAL_ADC_Start_DMA) refers to stm32f4xx_hal_adc.o(i.ADC_DMAError) for ADC_DMAError
    stm32f4xx_hal_adc.o(i.HAL_ADC_Start_IT) refers to system_stm32f4xx.o(.data) for SystemCoreClock
    stm32f4xx_hal_adc.o(i.HAL_ADC_Stop_DMA) refers to stm32f4xx_hal_dma.o(i.HAL_DMA_Abort) for HAL_DMA_Abort
[...]
    i.HW_GPIO_GetBitPos                      0x080032fc   Section        0  gpio.o(i.HW_GPIO_GetBitPos)
    HW_GPIO_GetBitPos                        0x080032fd   Thumb Code    52  gpio.o(i.HW_GPIO_GetBitPos)
    i.HW_GPIO_IrqHandler                     0x08003330   Section        0  gpio.o(i.HW_GPIO_IrqHandler)
    i.HardFault_Handler                      0x08003354   Section        0  stm32f4xx_it.o(i.HardFault_Handler)
    i.MX_ADC1_Init                           0x08003384   Section        0  adc.o(i.MX_ADC1_Init)
    i.MX_DMA_Init                            0x0800347c   Section        0  dma.o(i.MX_DMA_Init)
    i.MX_GPIO_Init                           0x08003534   Section        0  gpio.o(i.MX_GPIO_Init)
    i.MX_I2C1_Init                           0x080037d8   Section        0  i2c.o(i.MX_I2C1_Init)
    i.MX_I2C2_Init                           0x08003828   Section        0  i2c.o(i.MX_I2C2_Init)
    i.MX_NVIC_Init                           0x08003878   Section        0  main.o(i.MX_NVIC_Init)
    MX_NVIC_Init                             0x08003879   Thumb Code    52  main.o(i.MX_NVIC_Init)
    i.MX_SPI1_Init                           0x080038ac   Section        0  spi.o(i.MX_SPI1_Init)
    i.MX_SPI3_Init                           0x08003908   Section        0  spi.o(i.MX_SPI3_Init)
    i.MX_TIM2_Init                           0x08003960   Section        0  tim.o(i.MX_TIM2_Init)
    i.MX_TIM6_Init                           0x080039b8   Section        0  tim.o(i.MX_TIM6_Init)
    i.MX_TIM7_Init                           0x08003a10   Section        0  tim.o(i.MX_TIM7_Init)
    i.MX_USART1_UART_Init                    0x08003a68   Section        0  usart.o(i.MX_USART1_UART_Init)
    i.MX_USART2_UART_Init                    0x08003ab4   Section        0  usart.o(i.MX_USART2_UART_Init)
    i.MX_USART3_UART_Init                    0x08003b00   Section        0  usart.o(i.MX_USART3_UART_Init)
    i.MemManage_Handler                      0x08003b4c   Section        0  stm32f4xx_it.o(i.MemManage_Handler)
    i.NMI_Handler                            0x08003b50   Section        0  stm32f4xx_it.o(i.NMI_Handler)
    i.NVIC_GetPriorityGrouping               0x08003b54   Section        0  stm32f4xx_hal_cortex.o(i.NVIC_GetPriorityGrouping)
    NVIC_GetPriorityGrouping                 0x08003b55   Thumb Code    10  stm32f4xx_hal_cortex.o(i.NVIC_GetPriorityGrouping)
    i.NVIC_SetPriority                       0x08003b64   Section        0  stm32f4xx_hal_cortex.o(i.NVIC_SetPriority)
    NVIC_SetPriority                         0x08003b65   Thumb Code    32  stm32f4xx_hal_cortex.o(i.NVIC_SetPriority)
    i.PendSV_Handler                         0x08003b8c   Section        0  stm32f4xx_it.o(i.PendSV_Handler)
    i.RocBatteryCheckTaskEntry               0x08003b90   Section        0  rocjoystick.o(i.RocBatteryCheckTaskEntry)
    RocBatteryCheckTaskEntry                 0x08003b91   Thumb Code    80  rocjoystick.o(i.RocBatteryCheckTaskEntry)
    i.RocBatteryInit                         0x08003bec   Section        0  rocbattery.o(i.RocBatteryInit)
    i.RocBatteryVoltageAdcSample             0x08003c64   Section        0  rocbattery.o(i.RocBatteryVoltageAdcSample)
    i.RocBatteryVoltageConvertStart          0x08003d70   Section        0  rocbattery.o(i.RocBatteryVoltageConvertStart)
    i.RocBatteryVoltageGet                   0x08003de4   Section        0  rocbattery.o(i.RocBatteryVoltageGet)
    i.RocBeeperBlink                         0x08003df0   Section        0  rocbeeper.o(i.RocBeeperBlink)
    i.RocBeeperInit                          0x08003e30   Section        0  rocbeeper.o(i.RocBeeperInit)
    i.RocBeeperOff                           0x08003ea0   Section        0  rocbeeper.o(i.RocBeeperOff)
    RocBeeperOff                             0x08003ea1   Thumb Code    16  rocbeeper.o(i.RocBeeperOff)
    i.RocBeeperOn                            0x08003eb4   Section        0  rocbeeper.o(i.RocBeeperOn)
    RocBeeperOn                              0x08003eb5   Thumb Code    14  rocbeeper.o(i.RocBeeperOn)
    i.RocBeeperTaskBackground                0x08003ec8   Section        0  rocbeeper.o(i.RocBeeperTaskBackground)
    i.RocBeeperTimerPeriodSet                0x08003eec   Section        0  rocbeeper.o(i.RocBeeperTimerPeriodSet)
    RocBeeperTimerPeriodSet                  0x08003eed   Thumb Code    98  rocbeeper.o(i.RocBeeperTimerPeriodSet)
    i.RocBeeperTimerStart                    0x08003fbc   Section        0  rocbeeper.o(i.RocBeeperTimerStart)
    i.RocBeeperTimerStop                     0x0800401c   Section        0  rocbeeper.o(i.RocBeeperTimerStop)
    i.RocBeeperToggle                        0x0800407c   Section        0  rocbeeper.o(i.RocBeeperToggle)
    RocBeeperToggle                          0x0800407d   Thumb Code    14  rocbeeper.o(i.RocBeeperToggle)
    i.RocDoubleDatToStringDat                0x08004090   Section        0  rocfont.o(i.RocDoubleDatToStringDat)
    i.RocJoystickAdcGet                      0x0800426c   Section        0  rocbattery.o(i.RocJoystickAdcGet)
    i.RocJoystickInit                        0x0800428c   Section        0  rocjoystick.o(i.RocJoystickInit)
    i.RocJoystickInitEndAction               0x080043b4   Section        0  rocjoystick.o(i.RocJoystickInitEndAction)
    RocJoystickInitEndAction                 0x080043b5   Thumb Code    12  rocjoystick.o(i.RocJoystickInitEndAction)
    i.RocJoystickMain                        0x080043c0   Section        0  rocjoystick.o(i.RocJoystickMain)
    i.RocJoystickTaskEntry                   0x080043cc   Section        0  rocjoystick.o(i.RocJoystickTaskEntry)
    RocJoystickTaskEntry                     0x080043cd   Thumb Code   226  rocjoystick.o(i.RocJoystickTaskEntry)
    i.RocKeyInit                             0x080044c0   Section        0  rockey.o(i.RocKeyInit)
    i.RocKeyTaskBackground                   0x0800458c   Section        0  rockey.o(i.RocKeyTaskBackground)
    i.RocLedInit                             0x08004728   Section        0  rocled.o(i.RocLedInit)
    i.RocLogE                                0x08004768   Section        0  roclog.o(i.RocLogE)
    i.RocLogI                                0x08004808   Section        0  roclog.o(i.RocLogI)
    i.RocLogN                                0x08004894   Section        0  roclog.o(i.RocLogN)
    i.RocLogW                                0x08004930   Section        0  roclog.o(i.RocLogW)
    i.RocOledDrawGbk8Num                     0x080049cc   Section        0  rocoled.o(i.RocOledDrawGbk8Num)
    i.RocOledDrawGbk8Str                     0x080049f8   Section        0  rocoled.o(i.RocOledDrawGbk8Str)
    i.RocOledFillScreen                      0x08004a5c   Section        0  rocoled.o(i.RocOledFillScreen)
    i.RocOledInit                            0x08004a98   Section        0  rocoled.o(i.RocOledInit)
    i.RocOledRegInit                         0x08004b20   Section        0  rocoled.o(i.RocOledRegInit)
    RocOledRegInit                           0x08004b21   Thumb Code   212  rocoled.o(i.RocOledRegInit)
    i.RocOledSetPos                          0x08004bf8   Section        0  rocoled.o(i.RocOledSetPos)
    RocOledSetPos                            0x08004bf9   Thumb Code    36  rocoled.o(i.RocOledSetPos)
    i.RocOledSpiDmaWriteData                 0x08004c1c   Section        0  rocoled.o(i.RocOledSpiDmaWriteData)
    RocOledSpiDmaWriteData                   0x08004c1d   Thumb Code    46  rocoled.o(i.RocOledSpiDmaWriteData)
    i.RocOledWriteBus                        0x08004c74   Section        0  rocoled.o(i.RocOledWriteBus)
    RocOledWriteBus                          0x08004c75   Thumb Code    12  rocoled.o(i.RocOledWriteBus)
    i.RocOledWriteCmd                        0x08004c80   Section        0  rocoled.o(i.RocOledWriteCmd)
    RocOledWriteCmd                          0x08004c81   Thumb Code    22  rocoled.o(i.RocOledWriteCmd)
    i.RocOledWriteDat                        0x08004c9c   Section        0  rocoled.o(i.RocOledWriteDat)
    RocOledWriteDat                          0x08004c9d   Thumb Code    22  rocoled.o(i.RocOledWriteDat)
    i.RocPressKeyNumGet                      0x08004cb8   Section        0  rockey.o(i.RocPressKeyNumGet)
    i.RocRemoteControlInit                   0x08004ce0   Section        0  rocremotecontrol.o(i.RocRemoteControlInit)
    i.RocRemoteDataTransmit                  0x08004d20   Section        0  rocremotecontrol.o(i.RocRemoteDataTransmit)
    i.RocRemoteReceiveCallback               0x08004d90   Section        0  rocremotecontrol.o(i.RocRemoteReceiveCallback)
    i.RocRemoteTransUsartInit                0x08004e04   Section        0  rocremotecontrol.o(i.RocRemoteTransUsartInit)
    RocRemoteTransUsartInit                  0x08004e05   Thumb Code    30  rocremotecontrol.o(i.RocRemoteTransUsartInit)
    i.SPI1_IRQHandler                        0x08004e30   Section        0  stm32f4xx_it.o(i.SPI1_IRQHandler)
    i.SPI2_IRQHandler                        0x08004e40   Section        0  stm32f4xx_it.o(i.SPI2_IRQHandler)
    i.SPI_CheckFlag_BSY                      0x08004e50   Section        0  stm32f4xx_hal_spi.o(i.SPI_CheckFlag_BSY)
    SPI_CheckFlag_BSY                        0x08004e51   Thumb Code    40  stm32f4xx_hal_spi.o(i.SPI_CheckFlag_BSY)
    i.SPI_DMAAbortOnError                    0x08004e78   Section        0  stm32f4xx_hal_spi.o(i.SPI_DMAAbortOnError)
    SPI_DMAAbortOnError                      0x08004e79   Thumb Code    20  stm32f4xx_hal_spi.o(i.SPI_DMAAbortOnError)
    i.SPI_DMAError                           0x08004e8c   Section        0  stm32f4xx_hal_spi.o(i.SPI_DMAError)
    SPI_DMAError                             0x08004e8d   Thumb Code    40  stm32f4xx_hal_spi.o(i.SPI_DMAError)
    i.SPI_DMAHalfTransmitCplt                0x08004eb4   Section        0  stm32f4xx_hal_spi.o(i.SPI_DMAHalfTransmitCplt)
    SPI_DMAHalfTransmitCplt                  0x08004eb5   Thumb Code    14  stm32f4xx_hal_spi.o(i.SPI_DMAHalfTransmitCplt)
    i.SPI_DMATransmitCplt                    0x08004ec2   Section        0  stm32f4xx_hal_spi.o(i.SPI_DMATransmitCplt)
    SPI_DMATransmitCplt                      0x08004ec3   Thumb Code   114  stm32f4xx_hal_spi.o(i.SPI_DMATransmitCplt)
    i.SPI_WaitFlagStateUntilTimeout          0x08004f34   Section        0  stm32f4xx_hal_spi.o(i.SPI_WaitFlagStateUntilTimeout)
    SPI_WaitFlagStateUntilTimeout            0x08004f35   Thumb Code   170  stm32f4xx_hal_spi.o(i.SPI_WaitFlagStateUntilTimeout)
    i.SVC_Handler                            0x08004fde   Section        0  stm32f4xx_it.o(i.SVC_Handler)
    i.SysTick_Handler                        0x08004fe0   Section        0  stm32f4xx_it.o(i.SysTick_Handler)
    i.SystemClock_Config                     0x08004fec   Section        0  main.o(i.SystemClock_Config)
    i.SystemInit                             0x080050cc   Section        0  system_stm32f4xx.o(i.SystemInit)
    i.TIM2_IRQHandler                        0x08005130   Section        0  stm32f4xx_it.o(i.TIM2_IRQHandler)
    i.TIM6_DAC_IRQHandler                    0x08005140   Section        0  stm32f4xx_it.o(i.TIM6_DAC_IRQHandler)
    i.TIM7_IRQHandler                        0x08005150   Section        0  stm32f4xx_it.o(i.TIM7_IRQHandler)
    i.TIM_Base_SetConfig                     0x08005160   Section        0  stm32f4xx_hal_tim.o(i.TIM_Base_SetConfig)
    i.UART_DMAAbortOnError                   0x08005244   Section        0  stm32f4xx_hal_uart.o(i.UART_DMAAbortOnError)
    UART_DMAAbortOnError                     0x08005245   Thumb Code    20  stm32f4xx_hal_uart.o(i.UART_DMAAbortOnError)
    i.UART_DMAError                          0x08005258   Section        0  stm32f4xx_hal_uart.o(i.UART_DMAError)
    UART_DMAError                            0x08005259   Thumb Code    80  stm32f4xx_hal_uart.o(i.UART_DMAError)
    i.UART_DMAReceiveCplt                    0x080052a8   Section        0  stm32f4xx_hal_uart.o(i.UART_DMAReceiveCplt)
    UART_DMAReceiveCplt                      0x080052a9   Thumb Code    70  stm32f4xx_hal_uart.o(i.UART_DMAReceiveCplt)
    i.UART_DMARxHalfCplt                     0x080052ee   Section        0  stm32f4xx_hal_uart.o(i.UART_DMARxHalfCplt)
    UART_DMARxHalfCplt                       0x080052ef   Thumb Code    14  stm32f4xx_hal_uart.o(i.UART_DMARxHalfCplt)
    i.UART_DMATransmitCplt                   0x080052fc   Section        0  stm32f4xx_hal_uart.o(i.UART_DMATransmitCplt)
    UART_DMATransmitCplt                     0x080052fd   Thumb Code    54  stm32f4xx_hal_uart.o(i.UART_DMATransmitCplt)
    i.UART_DMATxHalfCplt                     0x08005332   Section        0  stm32f4xx_hal_uart.o(i.UART_DMATxHalfCplt)
    UART_DMATxHalfCplt                       0x08005333   Thumb Code    14  stm32f4xx_hal_uart.o(i.UART_DMATxHalfCplt)
    i.UART_EndRxTransfer                     0x08005340   Section        0  stm32f4xx_hal_uart.o(i.UART_EndRxTransfer)
    UART_EndRxTransfer                       0x08005341   Thumb Code    32  stm32f4xx_hal_uart.o(i.UART_EndRxTransfer)
    i.UART_EndTransmit_IT                    0x08005360   Section        0  stm32f4xx_hal_uart.o(i.UART_EndTransmit_IT)
    UART_EndTransmit_IT                      0x08005361   Thumb Code    32  stm32f4xx_hal_uart.o(i.UART_EndTransmit_IT)
    i.UART_EndTxTransfer                     0x08005380   Section        0  stm32f4xx_hal_uart.o(i.UART_EndTxTransfer)
    UART_EndTxTransfer                       0x08005381   Thumb Code    20  stm32f4xx_hal_uart.o(i.UART_EndTxTransfer)
    i.UART_Receive_IT                        0x08005394   Section        0  stm32f4xx_hal_uart.o(i.UART_Receive_IT)
    UART_Receive_IT                          0x08005395   Thumb Code   154  stm32f4xx_hal_uart.o(i.UART_Receive_IT)
    i.UART_SetConfig                         0x08005430   Section        0  stm32f4xx_hal_uart.o(i.UART_SetConfig)
    UART_SetConfig                           0x08005431   Thumb Code   864  stm32f4xx_hal_uart.o(i.UART_SetConfig)
    i.UART_Transmit_IT                       0x08005798   Section        0  stm32f4xx_hal_uart.o(i.UART_Transmit_IT)
    UART_Transmit_IT                         0x08005799   Thumb Code   104  stm32f4xx_hal_uart.o(i.UART_Transmit_IT)
    i.UART_WaitOnFlagUntilTimeout            0x08005800   Section        0  stm32f4xx_hal_uart.o(i.UART_WaitOnFlagUntilTimeout)
    UART_WaitOnFlagUntilTimeout              0x08005801   Thumb Code   108  stm32f4xx_hal_uart.o(i.UART_WaitOnFlagUntilTimeout)
    i.USART2_IRQHandler                      0x0800586c   Section        0  stm32f4xx_it.o(i.USART2_IRQHandler)
    i.USART3_IRQHandler                      0x08005880   Section        0  stm32f4xx_it.o(i.USART3_IRQHandler)
    i.UsageFault_Handler                     0x08005890   Section        0  stm32f4xx_it.o(i.UsageFault_Handler)
    i._Error_Handler                         0x08005894   Section        0  main.o(i._Error_Handler)
    i.__0printf                              0x080058dc   Section        0  printfa.o(i.__0printf)
    i.__0vsnprintf                           0x080058fc   Section        0  printfa.o(i.__0vsnprintf)
    i.__scatterload_copy                     0x08005928   Section       14  handlers.o(i.__scatterload_copy)
    i.__scatterload_null                     0x08005936   Section        2  handlers.o(i.__scatterload_null)
    i.__scatterload_zeroinit                 0x08005938   Section       14  handlers.o(i.__scatterload_zeroinit)
    i._fp_digits                             0x08005948   Section        0  printfa.o(i._fp_digits)
    _fp_digits                               0x08005949   Thumb Code   366  printfa.o(i._fp_digits)
    i._printf_core                           0x08005acc   Section        0  printfa.o(i._printf_core)
    _printf_core                             0x08005acd   Thumb Code  1744  printfa.o(i._printf_core)
    i._printf_post_padding                   0x080061a8   Section        0  printfa.o(i._printf_post_padding)
    _printf_post_padding                     0x080061a9   Thumb Code    36  printfa.o(i._printf_post_padding)
    i._printf_pre_padding                    0x080061cc   Section        0  printfa.o(i._printf_pre_padding)
    _printf_pre_padding                      0x080061cd   Thumb Code    46  printfa.o(i._printf_pre_padding)
    i._snputc                                0x080061fa   Section        0  printfa.o(i._snputc)
    _snputc                                  0x080061fb   Thumb Code    22  printfa.o(i._snputc)
    i.fputc                                  0x08006210   Section        0  roclog.o(i.fputc)
    i.main                                   0x0800622c   Section        0  main.o(i.main)
    .constdata                               0x08006278   Section       24  system_stm32f4xx.o(.constdata)
    .constdata                               0x08006290   Section        8  stm32f4xx_hal_dma.o(.constdata)
    flagBitshiftOffset                       0x08006290   Data           8  stm32f4xx_hal_dma.o(.constdata)
    .constdata                               0x08006298   Section       40  rocbattery.o(.constdata)
    __FUNCTION__                             0x08006298   Data          25  rocbattery.o(.constdata)
    __FUNCTION__                             0x080062b1   Data          15  rocbattery.o(.constdata)
    .constdata                               0x080062c0   Section       38  rocbeeper.o(.constdata)
    __FUNCTION__                             0x080062c0   Data          24  rocbeeper.o(.constdata)
    __FUNCTION__                             0x080062d8   Data          14  rocbeeper.o(.constdata)
    .constdata                               0x080062e6   Section     8712  rocfont.o(.constdata)
    __FUNCTION__                             0x080084d6   Data          24  rocfont.o(.constdata)
    .constdata                               0x080084ee   Section       29  rockey.o(.constdata)
    __FUNCTION__                             0x080084ee   Data          18  rockey.o(.constdata)
    __FUNCTION__                             0x08008500   Data          11  rockey.o(.constdata)
    .constdata                               0x0800850b   Section       11  rocled.o(.constdata)
    __FUNCTION__                             0x0800850b   Data          11  rocled.o(.constdata)
    .constdata                               0x08008516   Section       35  rocoled.o(.constdata)
    __FUNCTION__                             0x08008516   Data          23  rocoled.o(.constdata)
    __FUNCTION__                             0x0800852d   Data          12  rocoled.o(.constdata)
    .constdata                               0x08008539   Section       85  rocremotecontrol.o(.constdata)
    __FUNCTION__                             0x08008539   Data          22  rocremotecontrol.o(.constdata)
    __FUNCTION__                             0x0800854f   Data          23  rocremotecontrol.o(.constdata)
    __FUNCTION__                             0x08008566   Data          19  rocremotecontrol.o(.constdata)
    __FUNCTION__                             0x08008579   Data          21  rocremotecontrol.o(.constdata)
    .constdata                               0x0800858e   Section       15  main.o(.constdata)
    __FUNCTION__                             0x0800858e   Data          15  main.o(.constdata)
    .constdata                               0x0800859d   Section       18  stm32f4xx_it.o(.constdata)
    __FUNCTION__                             0x0800859d   Data          18  stm32f4xx_it.o(.constdata)
    .constdata                               0x080085af   Section       39  rocjoystick.o(.constdata)
    __FUNCTION__                             0x080085af   Data          23  rocjoystick.o(.constdata)
    __FUNCTION__                             0x080085c6   Data          16  rocjoystick.o(.constdata)
    .conststring                             0x080085d8   Section       76  rocremotecontrol.o(.conststring)
    .conststring                             0x08008624   Section       65  rocjoystick.o(.conststring)
    .data                                    0x20000000   Section        4  system_stm32f4xx.o(.data)
    .data                                    0x20000004   Section        9  stm32f4xx_hal.o(.data)
    .data                                    0x20000010   Section       22  rocbattery.o(.data)
    g_BatteryVoltageValue                    0x20000010   Data          20  rocbattery.o(.data)
    AdcSampleIndex                           0x20000024   Data           1  rocbattery.o(.data)
    AdcSampleTimes                           0x20000025   Data           1  rocbattery.o(.data)
    .data                                    0x20000026   Section        6  rocbeeper.o(.data)
    g_BeeperCtrl                             0x20000026   Data           6  rocbeeper.o(.data)
    .data                                    0x2000002c   Section        4  rockey.o(.data)
    g_KeyMask                                0x2000002c   Data           4  rockey.o(.data)
    .data                                    0x20000030   Section        4  roclog.o(.data)
    .data                                    0x20000034   Section       28  rocremotecontrol.o(.data)
    g_RemoteRecvEnd                          0x20000034   Data           1  rocremotecontrol.o(.data)
    g_RemoteRxDatLen                         0x20000035   Data           1  rocremotecontrol.o(.data)
    g_RemoteTxBuffer                         0x20000036   Data          12  rocremotecontrol.o(.data)
    cmd_index                                0x20000044   Data           4  rocremotecontrol.o(.data)
    cmd_rx_time_out                          0x2000004c   Data           4  rocremotecontrol.o(.data)
    .data                                    0x20000050   Section        8  usart.o(.data)
    RxCpltCallback                           0x20000054   Data           4  usart.o(.data)
    .data                                    0x20000058   Section        4  rocjoystick.o(.data)
    g_BatTimeIsReady                         0x20000058   Data           1  rocjoystick.o(.data)
    g_JoystickIsReady                        0x20000059   Data           1  rocjoystick.o(.data)
    CountTick                                0x2000005a   Data           1  rocjoystick.o(.data)
    TimeTick                                 0x2000005b   Data           1  rocjoystick.o(.data)
    .bss                                     0x2000005c   Section      210  rocbattery.o(.bss)
    g_AdcConvertedValue                      0x2000005c   Data          10  rocbattery.o(.bss)
    SampleData                               0x20000066   Data         200  rocbattery.o(.bss)
    .bss                                     0x2000012e   Section       36  rockey.o(.bss)
    g_KeyCoder                               0x2000012e   Data          36  rockey.o(.bss)
    .bss                                     0x20000152   Section      267  rocremotecontrol.o(.bss)
    g_RemoteRxBuffer                         0x20000152   Data          12  rocremotecontrol.o(.bss)
    command                                  0x2000015e   Data         255  rocremotecontrol.o(.bss)
    .bss                                     0x20000260   Section       64  gpio.o(.bss)
    GpioIrq                                  0x20000260   Data          64  gpio.o(.bss)
    .bss                                     0x200002a0   Section      168  i2c.o(.bss)
    .bss                                     0x20000348   Section      552  spi.o(.bss)
    .bss                                     0x20000570   Section      180  tim.o(.bss)
    .bss                                     0x20000624   Section      576  usart.o(.bss)
    .bss                                     0x20000864   Section      168  adc.o(.bss)
    STACK                                    0x20000910   Section     8192  startup_stm32f405xx.o(STACK)

    Global Symbols

    Symbol Name                              Value     Ov Type        Size  Object(Section)

    BuildAttributes$$THM_ISAv4$E$P$D$K$B$S$7EM$VFPi3$EXTD16$VFPS$VFMA$PE$A:L22UL41UL21$X:L11$S22US41US21$IEEE1$IW$USESV6$~STKCKD$USESV7$~SHL$OTIME$ROPI$IEEEJ$EBA8$MICROLIB$REQ8$PRES8$EABIv2 0x00000000   Number         0  anon$$obj.o ABSOLUTE
    __ARM_use_no_argv                        0x00000000   Number         0  main.o ABSOLUTE
    __use_no_errno                           0x00000000   Number         0  useno.o ABSOLUTE
    __use_no_exception_handling              0x00000000   Number         0  useno.o ABSOLUTE
    __use_no_fp                              0x00000000   Number         0  useno.o ABSOLUTE
    __use_no_heap                            0x00000000   Number         0  useno.o ABSOLUTE
    __use_no_heap_region                     0x00000000   Number         0  useno.o ABSOLUTE
    __use_no_semihosting                     0x00000000   Number         0  useno.o ABSOLUTE
    __use_no_semihosting_swi                 0x00000000   Number         0  useno.o ABSOLUTE
    __use_no_signal_handling                 0x00000000   Number         0  useno.o ABSOLUTE
    _printf_a                                0x00000000   Number         0  stubs.o ABSOLUTE
    _printf_c                                0x00000000   Number         0  stubs.o ABSOLUTE
    _printf_charcount                        0x00000000   Number         0  stubs.o ABSOLUTE
    _printf_d                                0x00000000   Number         0  stubs.o ABSOLUTE
    _printf_e                                0x00000000   Number         0  stubs.o ABSOLUTE
    _printf_f                                0x00000000   Number         0  stubs.o ABSOLUTE
    _printf_flags                            0x00000000   Number         0  stubs.o ABSOLUTE
    _printf_fp_dec                           0x00000000   Number         0  stubs.o ABSOLUTE
    _printf_fp_hex                           0x00000000   Number         0  stubs.o ABSOLUTE
    _printf_g                                0x00000000   Number         0  stubs.o ABSOLUTE
    _printf_i                                0x00000000   Number         0  stubs.o ABSOLUTE
    _printf_int_dec                          0x00000000   Number         0  stubs.o ABSOLUTE
    _printf_l                                0x00000000   Number         0  stubs.o ABSOLUTE
    _printf_lc                               0x00000000   Number         0  stubs.o ABSOLUTE
    _printf_ll                               0x00000000   Number         0  stubs.o ABSOLUTE
    _printf_lld                              0x00000000   Number         0  stubs.o ABSOLUTE
    _printf_lli                              0x00000000   Number         0  stubs.o ABSOLUTE
    _printf_llo                              0x00000000   Number         0  stubs.o ABSOLUTE
    _printf_llu                              0x00000000   Number         0  stubs.o ABSOLUTE
    _printf_llx                              0x00000000   Number         0  stubs.o ABSOLUTE
    _printf_longlong_dec                     0x00000000   Number         0  stubs.o ABSOLUTE
    _printf_longlong_hex                     0x00000000   Number         0  stubs.o ABSOLUTE
    _printf_longlong_oct                     0x00000000   Number         0  stubs.o ABSOLUTE
    _printf_ls                               0x00000000   Number         0  stubs.o ABSOLUTE
    _printf_mbtowc                           0x00000000   Number         0  stubs.o ABSOLUTE
    _printf_n                                0x00000000   Number         0  stubs.o ABSOLUTE
    _printf_o                                0x00000000   Number         0  stubs.o ABSOLUTE
    _printf_p                                0x00000000   Number         0  stubs.o ABSOLUTE
    _printf_percent                          0x00000000   Number         0  stubs.o ABSOLUTE
    _printf_pre_padding                      0x00000000   Number         0  stubs.o ABSOLUTE
    _printf_return_value                     0x00000000   Number         0  stubs.o ABSOLUTE
    _printf_s                                0x00000000   Number         0  stubs.o ABSOLUTE
    _printf_sizespec                         0x00000000   Number         0  stubs.o ABSOLUTE
    _printf_str                              0x00000000   Number         0  stubs.o ABSOLUTE
    _printf_truncate_signed                  0x00000000   Number         0  stubs.o ABSOLUTE
    _printf_truncate_unsigned                0x00000000   Number         0  stubs.o ABSOLUTE
    _printf_u                                0x00000000   Number         0  stubs.o ABSOLUTE
    _printf_wc                               0x00000000   Number         0  stubs.o ABSOLUTE
    _printf_wctomb                           0x00000000   Number         0  stubs.o ABSOLUTE
    _printf_widthprec                        0x00000000   Number         0  stubs.o ABSOLUTE
    _printf_x                                0x00000000   Number         0  stubs.o ABSOLUTE
    __cpp_initialize__aeabi_                  - Undefined Weak Reference
    __cxa_finalize                            - Undefined Weak Reference
    __decompress                              - Undefined Weak Reference
    _clock_init                               - Undefined Weak Reference
    _microlib_exit                            - Undefined Weak Reference
    __Vectors_Size                           0x00000188   Number         0  startup_stm32f405xx.o ABSOLUTE
    __Vectors                                0x08000000   Data           4  startup_stm32f405xx.o(RESET)
    __Vectors_End                            0x08000188   Data           0  startup_stm32f405xx.o(RESET)
    __main                                   0x08000189   Thumb Code     0  entry.o(.ARM.Collect$$$$00000000)
    _main_stk                                0x08000189   Thumb Code     0  entry2.o(.ARM.Collect$$$$00000001)
    _main_scatterload                        0x0800018d   Thumb Code     0  entry5.o(.ARM.Collect$$$$00000004)
    __main_after_scatterload                 0x08000191   Thumb Code     0  entry5.o(.ARM.Collect$$$$00000004)
    _main_clock                              0x08000191   Thumb Code     0  entry7b.o(.ARM.Collect$$$$00000008)
    _main_cpp_init                           0x08000191   Thumb Code     0  entry8b.o(.ARM.Collect$$$$0000000A)
    _main_init                               0x08000191   Thumb Code     0  entry9a.o(.ARM.Collect$$$$0000000B)
    __rt_final_cpp                           0x08000199   Thumb Code     0  entry10a.o(.ARM.Collect$$$$0000000D)
    __rt_final_exit                          0x08000199   Thumb Code     0  entry11a.o(.ARM.Collect$$$$0000000F)
    Reset_Handler                            0x0800019d   Thumb Code     8  startup_stm32f405xx.o(.text)
    CAN1_RX0_IRQHandler                      0x080001b7   Thumb Code     0  startup_stm32f405xx.o(.text)
    CAN1_RX1_IRQHandler                      0x080001b7   Thumb Code     0  startup_stm32f405xx.o(.text)
    CAN1_SCE_IRQHandler                      0x080001b7   Thumb Code     0  startup_stm32f405xx.o(.text)
    CAN1_TX_IRQHandler                       0x080001b7   Thumb Code     0  startup_stm32f405xx.o(.text)
    CAN2_RX0_IRQHandler                      0x080001b7   Thumb Code     0  startup_stm32f405xx.o(.text)
    CAN2_RX1_IRQHandler                      0x080001b7   Thumb Code     0  startup_stm32f405xx.o(.text)
    CAN2_SCE_IRQHandler                      0x080001b7   Thumb Code     0  startup_stm32f405xx.o(.text)
    CAN2_TX_IRQHandler                       0x080001b7   Thumb Code     0  startup_stm32f405xx.o(.text)
    DMA1_Stream0_IRQHandler                  0x080001b7   Thumb Code     0  startup_stm32f405xx.o(.text)
    DMA1_Stream2_IRQHandler                  0x080001b7   Thumb Code     0  startup_stm32f405xx.o(.text)
    DMA2_Stream1_IRQHandler                  0x080001b7   Thumb Code     0  startup_stm32f405xx.o(.text)
    DMA2_Stream2_IRQHandler                  0x080001b7   Thumb Code     0  startup_stm32f405xx.o(.text)
    DMA2_Stream4_IRQHandler                  0x080001b7   Thumb Code     0  startup_stm32f405xx.o(.text)
    DMA2_Stream5_IRQHandler                  0x080001b7   Thumb Code     0  startup_stm32f405xx.o(.text)
    DMA2_Stream6_IRQHandler                  0x080001b7   Thumb Code     0  startup_stm32f405xx.o(.text)
    DMA2_Stream7_IRQHandler                  0x080001b7   Thumb Code     0  startup_stm32f405xx.o(.text)
    EXTI0_IRQHandler                         0x080001b7   Thumb Code     0  startup_stm32f405xx.o(.text)
    EXTI2_IRQHandler                         0x080001b7   Thumb Code     0  startup_stm32f405xx.o(.text)
    EXTI3_IRQHandler                         0x080001b7   Thumb Code     0  startup_stm32f405xx.o(.text)
    EXTI4_IRQHandler                         0x080001b7   Thumb Code     0  startup_stm32f405xx.o(.text)
    FLASH_IRQHandler                         0x080001b7   Thumb Code     0  startup_stm32f405xx.o(.text)
    FMC_IRQHandler                           0x080001b7   Thumb Code     0  startup_stm32f405xx.o(.text)
    FPU_IRQHandler                           0x080001b7   Thumb Code     0  startup_stm32f405xx.o(.text)
    HASH_RNG_IRQHandler                      0x080001b7   Thumb Code     0  startup_stm32f405xx.o(.text)
    I2C1_ER_IRQHandler                       0x080001b7   Thumb Code     0  startup_stm32f405xx.o(.text)
    I2C1_EV_IRQHandler                       0x080001b7   Thumb Code     0  startup_stm32f405xx.o(.text)
    I2C2_ER_IRQHandler                       0x080001b7   Thumb Code     0  startup_stm32f405xx.o(.text)
    I2C2_EV_IRQHandler                       0x080001b7   Thumb Code     0  startup_stm32f405xx.o(.text)
    I2C3_ER_IRQHandler                       0x080001b7   Thumb Code     0  startup_stm32f405xx.o(.text)
    I2C3_EV_IRQHandler                       0x080001b7   Thumb Code     0  startup_stm32f405xx.o(.text)
    OTG_FS_IRQHandler                        0x080001b7   Thumb Code     0  startup_stm32f405xx.o(.text)
    OTG_FS_WKUP_IRQHandler                   0x080001b7   Thumb Code     0  startup_stm32f405xx.o(.text)
    OTG_HS_EP1_IN_IRQHandler                 0x080001b7   Thumb Code     0  startup_stm32f405xx.o(.text)
    OTG_HS_EP1_OUT_IRQHandler                0x080001b7   Thumb Code     0  startup_stm32f405xx.o(.text)
    OTG_HS_IRQHandler                        0x080001b7   Thumb Code     0  startup_stm32f405xx.o(.text)
    OTG_HS_WKUP_IRQHandler                   0x080001b7   Thumb Code     0  startup_stm32f405xx.o(.text)
    PVD_IRQHandler                           0x080001b7   Thumb Code     0  startup_stm32f405xx.o(.text)
    RCC_IRQHandler                           0x080001b7   Thumb Code     0  startup_stm32f405xx.o(.text)
    RTC_Alarm_IRQHandler                     0x080001b7   Thumb Code     0  startup_stm32f405xx.o(.text)
    RTC_WKUP_IRQHandler                      0x080001b7   Thumb Code     0  startup_stm32f405xx.o(.text)
    SDIO_IRQHandler                          0x080001b7   Thumb Code     0  startup_stm32f405xx.o(.text)
    SPI3_IRQHandler                          0x080001b7   Thumb Code     0  startup_stm32f405xx.o(.text)
    TAMP_STAMP_IRQHandler                    0x080001b7   Thumb Code     0  startup_stm32f405xx.o(.text)
    TIM1_BRK_TIM9_IRQHandler                 0x080001b7   Thumb Code     0  startup_stm32f405xx.o(.text)
    TIM1_CC_IRQHandler                       0x080001b7   Thumb Code     0  startup_stm32f405xx.o(.text)
    TIM1_TRG_COM_TIM11_IRQHandler            0x080001b7   Thumb Code     0  startup_stm32f405xx.o(.text)
    TIM1_UP_TIM10_IRQHandler                 0x080001b7   Thumb Code     0  startup_stm32f405xx.o(.text)
    TIM3_IRQHandler                          0x080001b7   Thumb Code     0  startup_stm32f405xx.o(.text)
    TIM4_IRQHandler                          0x080001b7   Thumb Code     0  startup_stm32f405xx.o(.text)
    TIM5_IRQHandler                          0x080001b7   Thumb Code     0  startup_stm32f405xx.o(.text)
    TIM8_BRK_TIM12_IRQHandler                0x080001b7   Thumb Code     0  startup_stm32f405xx.o(.text)
    TIM8_CC_IRQHandler                       0x080001b7   Thumb Code     0  startup_stm32f405xx.o(.text)
    TIM8_TRG_COM_TIM14_IRQHandler            0x080001b7   Thumb Code     0  startup_stm32f405xx.o(.text)
    TIM8_UP_TIM13_IRQHandler                 0x080001b7   Thumb Code     0  startup_stm32f405xx.o(.text)
    UART4_IRQHandler                         0x080001b7   Thumb Code     0  startup_stm32f405xx.o(.text)
    UART5_IRQHandler                         0x080001b7   Thumb Code     0  startup_stm32f405xx.o(.text)
    USART1_IRQHandler                        0x080001b7   Thumb Code     0  startup_stm32f405xx.o(.text)
    USART6_IRQHandler                        0x080001b7   Thumb Code     0  startup_stm32f405xx.o(.text)
    WWDG_IRQHandler                          0x080001b7   Thumb Code     0  startup_stm32f405xx.o(.text)
    __aeabi_uldivmod                         0x080001c1   Thumb Code    98  uldiv.o(.text)
    __aeabi_memset                           0x08000223   Thumb Code    14  memseta.o(.text)
    __aeabi_memset4                          0x08000223   Thumb Code     0  memseta.o(.text)
    __aeabi_memset8                          0x08000223   Thumb Code     0  memseta.o(.text)
    __aeabi_memclr                           0x08000231   Thumb Code     4  memseta.o(.text)
    __aeabi_memclr4                          0x08000231   Thumb Code     0  memseta.o(.text)
    __aeabi_memclr8                          0x08000231   Thumb Code     0  memseta.o(.text)
    _memset$wrapper                          0x08000235   Thumb Code    18  memseta.o(.text)
    __aeabi_dadd                             0x08000247   Thumb Code   322  dadd.o(.text)
    __aeabi_dsub                             0x08000389   Thumb Code     6  dadd.o(.text)
    __aeabi_drsub                            0x0800038f   Thumb Code     6  dadd.o(.text)
    __aeabi_dmul                             0x08000395   Thumb Code   228  dmul.o(.text)
    __aeabi_ddiv                             0x08000479   Thumb Code   222  ddiv.o(.text)
    __aeabi_f2d                              0x08000557   Thumb Code    38  f2d.o(.text)
    __aeabi_cdrcmple                         0x0800057d   Thumb Code    48  cdrcmple.o(.text)
    __aeabi_uidiv                            0x080005ad   Thumb Code     0  uidiv.o(.text)
    __aeabi_uidivmod                         0x080005ad   Thumb Code    44  uidiv.o(.text)
    __aeabi_llsl                             0x080005d9   Thumb Code    30  llshl.o(.text)
    _ll_shift_l                              0x080005d9   Thumb Code     0  llshl.o(.text)
    __aeabi_llsr                             0x080005f7   Thumb Code    32  llushr.o(.text)
    _ll_ushift_r                             0x080005f7   Thumb Code     0  llushr.o(.text)
    __aeabi_lasr                             0x08000617   Thumb Code    36  llsshr.o(.text)
    _ll_sshift_r                             0x08000617   Thumb Code     0  llsshr.o(.text)
    __I$use$fp                               0x0800063b   Thumb Code     0  iusefp.o(.text)
    _double_round                            0x0800063b   Thumb Code    30  depilogue.o(.text)
    _double_epilogue                         0x08000659   Thumb Code   156  depilogue.o(.text)
    __aeabi_d2ulz                            0x080006f5   Thumb Code    48  dfixul.o(.text)
    __scatterload                            0x08000725   Thumb Code    28  init.o(.text)
    __scatterload_rt2                        0x08000725   Thumb Code     0  init.o(.text)
    ADC_IRQHandler                           0x080007e1   Thumb Code    10  stm32f4xx_it.o(i.ADC_IRQHandler)
    BusFault_Handler                         0x0800094d   Thumb Code     4  stm32f4xx_it.o(i.BusFault_Handler)
    DMA1_Stream1_IRQHandler                  0x08000951   Thumb Code    10  stm32f4xx_it.o(i.DMA1_Stream1_IRQHandler)
    DMA1_Stream3_IRQHandler                  0x08000961   Thumb Code    10  stm32f4xx_it.o(i.DMA1_Stream3_IRQHandler)
    DMA1_Stream4_IRQHandler                  0x08000971   Thumb Code    10  stm32f4xx_it.o(i.DMA1_Stream4_IRQHandler)
    DMA1_Stream5_IRQHandler                  0x08000981   Thumb Code    10  stm32f4xx_it.o(i.DMA1_Stream5_IRQHandler)
    DMA1_Stream6_IRQHandler                  0x08000991   Thumb Code    10  stm32f4xx_it.o(i.DMA1_Stream6_IRQHandler)
    DMA1_Stream7_IRQHandler                  0x080009a1   Thumb Code    10  stm32f4xx_it.o(i.DMA1_Stream7_IRQHandler)
    DMA2_Stream0_IRQHandler                  0x080009b1   Thumb Code    10  stm32f4xx_it.o(i.DMA2_Stream0_IRQHandler)
    DMA2_Stream3_IRQHandler                  0x080009c1   Thumb Code    10  stm32f4xx_it.o(i.DMA2_Stream3_IRQHandler)
    DebugMon_Handler                         0x08000adb   Thumb Code     2  stm32f4xx_it.o(i.DebugMon_Handler)
    EXTI15_10_IRQHandler                     0x08000add   Thumb Code     2  stm32f4xx_it.o(i.EXTI15_10_IRQHandler)
    EXTI1_IRQHandler                         0x08000adf   Thumb Code     2  stm32f4xx_it.o(i.EXTI1_IRQHandler)
    EXTI9_5_IRQHandler                       0x08000ae1   Thumb Code    16  stm32f4xx_it.o(i.EXTI9_5_IRQHandler)
    HAL_ADCEx_InjectedConvCpltCallback       0x08000af1   Thumb Code     2  stm32f4xx_hal_adc_ex.o(i.HAL_ADCEx_InjectedConvCpltCallback)
    HAL_ADC_ConfigChannel                    0x08000af5   Thumb Code   380  stm32f4xx_hal_adc.o(i.HAL_ADC_ConfigChannel)
    HAL_ADC_ConvCpltCallback                 0x08000c81   Thumb Code    26  rocbattery.o(i.HAL_ADC_ConvCpltCallback)
    HAL_ADC_ConvHalfCpltCallback             0x08000cc5   Thumb Code     2  stm32f4xx_hal_adc.o(i.HAL_ADC_ConvHalfCpltCallback)
    HAL_ADC_ErrorCallback                    0x08000cc7   Thumb Code     2  stm32f4xx_hal_adc.o(i.HAL_ADC_ErrorCallback)
    HAL_ADC_IRQHandler                       0x08000cc9   Thumb Code   372  stm32f4xx_hal_adc.o(i.HAL_ADC_IRQHandler)
    HAL_ADC_Init                             0x08000e3d   Thumb Code   100  stm32f4xx_hal_adc.o(i.HAL_ADC_Init)
    HAL_ADC_LevelOutOfWindowCallback         0x08000ea5   Thumb Code     2  stm32f4xx_hal_adc.o(i.HAL_ADC_LevelOutOfWindowCallback)
    HAL_ADC_MspInit                          0x08000ea9   Thumb Code   228  adc.o(i.HAL_ADC_MspInit)
    HAL_ADC_Start_DMA                        0x08000fb5   Thumb Code   300  stm32f4xx_hal_adc.o(i.HAL_ADC_Start_DMA)
    HAL_DMA_Abort                            0x080010fd   Thumb Code   170  stm32f4xx_hal_dma.o(i.HAL_DMA_Abort)
    HAL_DMA_Abort_IT                         0x080011a7   Thumb Code    40  stm32f4xx_hal_dma.o(i.HAL_DMA_Abort_IT)
    HAL_DMA_IRQHandler                       0x080011d1   Thumb Code   570  stm32f4xx_hal_dma.o(i.HAL_DMA_IRQHandler)
    HAL_DMA_Init                             0x08001411   Thumb Code   232  stm32f4xx_hal_dma.o(i.HAL_DMA_Init)
    HAL_DMA_Start_IT                         0x080014fd   Thumb Code   158  stm32f4xx_hal_dma.o(i.HAL_DMA_Start_IT)
    HAL_Delay                                0x0800159d   Thumb Code    58  stm32f4xx_hal.o(i.HAL_Delay)
    HAL_GPIO_EXTI_Callback                   0x080015dd   Thumb Code    24  rocjoystick.o(i.HAL_GPIO_EXTI_Callback)
    HAL_GPIO_EXTI_IRQHandler                 0x08001615   Thumb Code    24  stm32f4xx_hal_gpio.o(i.HAL_GPIO_EXTI_IRQHandler)
    HAL_GPIO_Init                            0x08001631   Thumb Code   466  stm32f4xx_hal_gpio.o(i.HAL_GPIO_Init)
    HAL_GPIO_ReadPin                         0x08001831   Thumb Code    16  stm32f4xx_hal_gpio.o(i.HAL_GPIO_ReadPin)
    HAL_GPIO_TogglePin                       0x08001841   Thumb Code     8  stm32f4xx_hal_gpio.o(i.HAL_GPIO_TogglePin)
    HAL_GPIO_WritePin                        0x08001849   Thumb Code    12  stm32f4xx_hal_gpio.o(i.HAL_GPIO_WritePin)
    HAL_GetTick                              0x08001855   Thumb Code     6  stm32f4xx_hal.o(i.HAL_GetTick)
    HAL_I2C_Init                             0x08001861   Thumb Code   286  stm32f4xx_hal_i2c.o(i.HAL_I2C_Init)
    HAL_I2C_MspInit                          0x08001989   Thumb Code   264  i2c.o(i.HAL_I2C_MspInit)
    HAL_IncTick                              0x08001aa1   Thumb Code    16  stm32f4xx_hal.o(i.HAL_IncTick)
    HAL_Init                                 0x08001ab9   Thumb Code    54  stm32f4xx_hal.o(i.HAL_Init)
    HAL_InitTick                             0x08001af5   Thumb Code    64  stm32f4xx_hal.o(i.HAL_InitTick)
    HAL_MspInit                              0x08001b41   Thumb Code   150  stm32f4xx_hal_msp.o(i.HAL_MspInit)
    HAL_NVIC_EnableIRQ                       0x08001bdd   Thumb Code    26  stm32f4xx_hal_cortex.o(i.HAL_NVIC_EnableIRQ)
    HAL_NVIC_SetPriority                     0x08001bf7   Thumb Code   124  stm32f4xx_hal_cortex.o(i.HAL_NVIC_SetPriority)
    HAL_NVIC_SetPriorityGrouping             0x08001c75   Thumb Code    32  stm32f4xx_hal_cortex.o(i.HAL_NVIC_SetPriorityGrouping)
    HAL_RCC_ClockConfig                      0x08001c9d   Thumb Code   366  stm32f4xx_hal_rcc.o(i.HAL_RCC_ClockConfig)
    HAL_RCC_GetHCLKFreq                      0x08001e1d   Thumb Code     6  stm32f4xx_hal_rcc.o(i.HAL_RCC_GetHCLKFreq)
    HAL_RCC_GetPCLK1Freq                     0x08001e29   Thumb Code    22  stm32f4xx_hal_rcc.o(i.HAL_RCC_GetPCLK1Freq)
    HAL_RCC_GetPCLK2Freq                     0x08001e49   Thumb Code    22  stm32f4xx_hal_rcc.o(i.HAL_RCC_GetPCLK2Freq)
    HAL_RCC_GetSysClockFreq                  0x08001e69   Thumb Code   162  stm32f4xx_hal_rcc.o(i.HAL_RCC_GetSysClockFreq)
    HAL_RCC_OscConfig                        0x08001f19   Thumb Code  1086  stm32f4xx_hal_rcc.o(i.HAL_RCC_OscConfig)
    HAL_SPI_ErrorCallback                    0x08002361   Thumb Code     2  stm32f4xx_hal_spi.o(i.HAL_SPI_ErrorCallback)
    HAL_SPI_GetState                         0x08002363   Thumb Code     8  stm32f4xx_hal_spi.o(i.HAL_SPI_GetState)
    HAL_SPI_IRQHandler                       0x0800236d   Thumb Code   308  stm32f4xx_hal_spi.o(i.HAL_SPI_IRQHandler)
    HAL_SPI_Init                             0x080024a5   Thumb Code   140  stm32f4xx_hal_spi.o(i.HAL_SPI_Init)
    HAL_SPI_MspInit                          0x08002531   Thumb Code   388  spi.o(i.HAL_SPI_MspInit)
    HAL_SPI_Transmit_DMA                     0x080026e9   Thumb Code   208  stm32f4xx_hal_spi.o(i.HAL_SPI_Transmit_DMA)
    HAL_SPI_TxCpltCallback                   0x080027c5   Thumb Code     2  stm32f4xx_hal_spi.o(i.HAL_SPI_TxCpltCallback)
    HAL_SPI_TxHalfCpltCallback               0x080027c7   Thumb Code     2  stm32f4xx_hal_spi.o(i.HAL_SPI_TxHalfCpltCallback)
    HAL_SYSTICK_CLKSourceConfig              0x080027c9   Thumb Code    40  stm32f4xx_hal_cortex.o(i.HAL_SYSTICK_CLKSourceConfig)
    HAL_SYSTICK_Callback                     0x080027f1   Thumb Code     2  stm32f4xx_hal_cortex.o(i.HAL_SYSTICK_Callback)
    HAL_SYSTICK_Config                       0x080027f3   Thumb Code    52  stm32f4xx_hal_cortex.o(i.HAL_SYSTICK_Config)
    HAL_SYSTICK_IRQHandler                   0x08002827   Thumb Code     8  stm32f4xx_hal_cortex.o(i.HAL_SYSTICK_IRQHandler)
    HAL_TIMEx_BreakCallback                  0x0800282f   Thumb Code     2  stm32f4xx_hal_tim_ex.o(i.HAL_TIMEx_BreakCallback)
    HAL_TIMEx_CommutationCallback            0x08002831   Thumb Code     2  stm32f4xx_hal_tim_ex.o(i.HAL_TIMEx_CommutationCallback)
    HAL_TIMEx_MasterConfigSynchronization    0x08002833   Thumb Code    98  stm32f4xx_hal_tim_ex.o(i.HAL_TIMEx_MasterConfigSynchronization)
    HAL_TIM_Base_Init                        0x08002895   Thumb Code    52  stm32f4xx_hal_tim.o(i.HAL_TIM_Base_Init)
    HAL_TIM_Base_MspInit                     0x080028c9   Thumb Code   124  tim.o(i.HAL_TIM_Base_MspInit)
    HAL_TIM_Base_Start_IT                    0x08002951   Thumb Code    30  stm32f4xx_hal_tim.o(i.HAL_TIM_Base_Start_IT)
    HAL_TIM_Base_Stop_IT                     0x0800296f   Thumb Code    56  stm32f4xx_hal_tim.o(i.HAL_TIM_Base_Stop_IT)
    HAL_TIM_IC_CaptureCallback               0x080029a7   Thumb Code     2  stm32f4xx_hal_tim.o(i.HAL_TIM_IC_CaptureCallback)
    HAL_TIM_IRQHandler                       0x080029a9   Thumb Code   406  stm32f4xx_hal_tim.o(i.HAL_TIM_IRQHandler)
    HAL_TIM_OC_DelayElapsedCallback          0x08002b3f   Thumb Code     2  stm32f4xx_hal_tim.o(i.HAL_TIM_OC_DelayElapsedCallback)
    HAL_TIM_PWM_PulseFinishedCallback        0x08002b41   Thumb Code     2  stm32f4xx_hal_tim.o(i.HAL_TIM_PWM_PulseFinishedCallback)
    HAL_TIM_PeriodElapsedCallback            0x08002b45   Thumb Code    76  rocjoystick.o(i.HAL_TIM_PeriodElapsedCallback)
    HAL_TIM_TriggerCallback                  0x08002ba5   Thumb Code     2  stm32f4xx_hal_tim.o(i.HAL_TIM_TriggerCallback)
    HAL_UART_DMAStop                         0x08002ba7   Thumb Code   102  stm32f4xx_hal_uart.o(i.HAL_UART_DMAStop)
    HAL_UART_ErrorCallback                   0x08002c0d   Thumb Code     2  stm32f4xx_hal_uart.o(i.HAL_UART_ErrorCallback)
    HAL_UART_IRQHandler                      0x08002c11   Thumb Code   326  stm32f4xx_hal_uart.o(i.HAL_UART_IRQHandler)
    HAL_UART_Init                            0x08002d5d   Thumb Code   114  stm32f4xx_hal_uart.o(i.HAL_UART_Init)
    HAL_UART_MspInit                         0x08002dd1   Thumb Code   546  usart.o(i.HAL_UART_MspInit)
    HAL_UART_Receive_DMA                     0x08003031   Thumb Code   182  stm32f4xx_hal_uart.o(i.HAL_UART_Receive_DMA)
    HAL_UART_Receive_IT                      0x080030f5   Thumb Code   100  stm32f4xx_hal_uart.o(i.HAL_UART_Receive_IT)
    HAL_UART_RxCpltCallback                  0x08003159   Thumb Code    34  usart.o(i.HAL_UART_RxCpltCallback)
    HAL_UART_RxHalfCpltCallback              0x08003185   Thumb Code     2  stm32f4xx_hal_uart.o(i.HAL_UART_RxHalfCpltCallback)
    HAL_UART_Transmit                        0x08003187   Thumb Code   214  stm32f4xx_hal_uart.o(i.HAL_UART_Transmit)
    HAL_UART_Transmit_DMA                    0x0800325d   Thumb Code   142  stm32f4xx_hal_uart.o(i.HAL_UART_Transmit_DMA)
    HAL_UART_TxCpltCallback                  0x080032f9   Thumb Code     2  stm32f4xx_hal_uart.o(i.HAL_UART_TxCpltCallback)
    HAL_UART_TxHalfCpltCallback              0x080032fb   Thumb Code     2  stm32f4xx_hal_uart.o(i.HAL_UART_TxHalfCpltCallback)
    HW_GPIO_IrqHandler                       0x08003331   Thumb Code    30  gpio.o(i.HW_GPIO_IrqHandler)
    HardFault_Handler                        0x08003355   Thumb Code    14  stm32f4xx_it.o(i.HardFault_Handler)
    MX_ADC1_Init                             0x08003385   Thumb Code   220  adc.o(i.MX_ADC1_Init)
    MX_DMA_Init                              0x0800347d   Thumb Code   178  dma.o(i.MX_DMA_Init)
    MX_GPIO_Init                             0x08003535   Thumb Code   658  gpio.o(i.MX_GPIO_Init)
    MX_I2C1_Init                             0x080037d9   Thumb Code    52  i2c.o(i.MX_I2C1_Init)
    MX_I2C2_Init                             0x08003829   Thumb Code    52  i2c.o(i.MX_I2C2_Init)
    MX_SPI1_Init                             0x080038ad   Thumb Code    68  spi.o(i.MX_SPI1_Init)
    MX_SPI3_Init                             0x08003909   Thumb Code    64  spi.o(i.MX_SPI3_Init)
    MX_TIM2_Init                             0x08003961   Thumb Code    66  tim.o(i.MX_TIM2_Init)
    MX_TIM6_Init                             0x080039b9   Thumb Code    64  tim.o(i.MX_TIM6_Init)
    MX_TIM7_Init                             0x08003a11   Thumb Code    64  tim.o(i.MX_TIM7_Init)
    MX_USART1_UART_Init                      0x08003a69   Thumb Code    50  usart.o(i.MX_USART1_UART_Init)
    MX_USART2_UART_Init                      0x08003ab5   Thumb Code    50  usart.o(i.MX_USART2_UART_Init)
    MX_USART3_UART_Init                      0x08003b01   Thumb Code    50  usart.o(i.MX_USART3_UART_Init)
    MemManage_Handler                        0x08003b4d   Thumb Code     4  stm32f4xx_it.o(i.MemManage_Handler)
    NMI_Handler                              0x08003b51   Thumb Code     2  stm32f4xx_it.o(i.NMI_Handler)
    PendSV_Handler                           0x08003b8d   Thumb Code     2  stm32f4xx_it.o(i.PendSV_Handler)
    RocBatteryInit                           0x08003bed   Thumb Code    38  rocbattery.o(i.RocBatteryInit)
    RocBatteryVoltageAdcSample               0x08003c65   Thumb Code   242  rocbattery.o(i.RocBatteryVoltageAdcSample)
    RocBatteryVoltageConvertStart            0x08003d71   Thumb Code    40  rocbattery.o(i.RocBatteryVoltageConvertStart)
    RocBatteryVoltageGet                     0x08003de5   Thumb Code     8  rocbattery.o(i.RocBatteryVoltageGet)
    RocBeeperBlink                           0x08003df1   Thumb Code    58  rocbeeper.o(i.RocBeeperBlink)
    RocBeeperInit                            0x08003e31   Thumb Code    40  rocbeeper.o(i.RocBeeperInit)
    RocBeeperTaskBackground                  0x08003ec9   Thumb Code    32  rocbeeper.o(i.RocBeeperTaskBackground)
    RocBeeperTimerStart                      0x08003fbd   Thumb Code    26  rocbeeper.o(i.RocBeeperTimerStart)
    RocBeeperTimerStop                       0x0800401d   Thumb Code    26  rocbeeper.o(i.RocBeeperTimerStop)
    RocDoubleDatToStringDat                  0x08004091   Thumb Code   432  rocfont.o(i.RocDoubleDatToStringDat)
    RocJoystickAdcGet                        0x0800426d   Thumb Code    26  rocbattery.o(i.RocJoystickAdcGet)
    RocJoystickInit                          0x0800428d   Thumb Code   170  rocjoystick.o(i.RocJoystickInit)
    RocJoystickMain                          0x080043c1   Thumb Code    12  rocjoystick.o(i.RocJoystickMain)
    RocKeyInit                               0x080044c1   Thumb Code    70  rockey.o(i.RocKeyInit)
    RocKeyTaskBackground                     0x0800458d   Thumb Code   390  rockey.o(i.RocKeyTaskBackground)
    RocLedInit                               0x08004729   Thumb Code    18  rocled.o(i.RocLedInit)
    RocLogE                                  0x08004769   Thumb Code    88  roclog.o(i.RocLogE)
    RocLogI                                  0x08004809   Thumb Code    88  roclog.o(i.RocLogI)
    RocLogN                                  0x08004895   Thumb Code    84  roclog.o(i.RocLogN)
    RocLogW                                  0x08004931   Thumb Code    88  roclog.o(i.RocLogW)
    RocOledDrawGbk8Num                       0x080049cd   Thumb Code    44  rocoled.o(i.RocOledDrawGbk8Num)
    RocOledDrawGbk8Str                       0x080049f9   Thumb Code    96  rocoled.o(i.RocOledDrawGbk8Str)
    RocOledFillScreen                        0x08004a5d   Thumb Code    58  rocoled.o(i.RocOledFillScreen)
    RocOledInit                              0x08004a99   Thumb Code    66  rocoled.o(i.RocOledInit)
    RocPressKeyNumGet                        0x08004cb9   Thumb Code    22  rockey.o(i.RocPressKeyNumGet)
    RocRemoteControlInit                     0x08004ce1   Thumb Code    28  rocremotecontrol.o(i.RocRemoteControlInit)
    RocRemoteDataTransmit                    0x08004d21   Thumb Code    56  rocremotecontrol.o(i.RocRemoteDataTransmit)
    RocRemoteReceiveCallback                 0x08004d91   Thumb Code    92  rocremotecontrol.o(i.RocRemoteReceiveCallback)
    SPI1_IRQHandler                          0x08004e31   Thumb Code    10  stm32f4xx_it.o(i.SPI1_IRQHandler)
    SPI2_IRQHandler                          0x08004e41   Thumb Code    10  stm32f4xx_it.o(i.SPI2_IRQHandler)
    SVC_Handler                              0x08004fdf   Thumb Code     2  stm32f4xx_it.o(i.SVC_Handler)
    SysTick_Handler                          0x08004fe1   Thumb Code    12  stm32f4xx_it.o(i.SysTick_Handler)
    SystemClock_Config                       0x08004fed   Thumb Code   198  main.o(i.SystemClock_Config)
    SystemInit                               0x080050cd   Thumb Code    82  system_stm32f4xx.o(i.SystemInit)
    TIM2_IRQHandler                          0x08005131   Thumb Code    10  stm32f4xx_it.o(i.TIM2_IRQHandler)
    TIM6_DAC_IRQHandler                      0x08005141   Thumb Code    10  stm32f4xx_it.o(i.TIM6_DAC_IRQHandler)
    TIM7_IRQHandler                          0x08005151   Thumb Code    10  stm32f4xx_it.o(i.TIM7_IRQHandler)
    TIM_Base_SetConfig                       0x08005161   Thumb Code   184  stm32f4xx_hal_tim.o(i.TIM_Base_SetConfig)
    USART2_IRQHandler                        0x0800586d   Thumb Code    16  stm32f4xx_it.o(i.USART2_IRQHandler)
    USART3_IRQHandler                        0x08005881   Thumb Code    10  stm32f4xx_it.o(i.USART3_IRQHandler)
    UsageFault_Handler                       0x08005891   Thumb Code     4  stm32f4xx_it.o(i.UsageFault_Handler)
    _Error_Handler                           0x08005895   Thumb Code    24  main.o(i._Error_Handler)
    __0printf                                0x080058dd   Thumb Code    22  printfa.o(i.__0printf)
    __1printf                                0x080058dd   Thumb Code     0  printfa.o(i.__0printf)
    __2printf                                0x080058dd   Thumb Code     0  printfa.o(i.__0printf)
    __c89printf                              0x080058dd   Thumb Code     0  printfa.o(i.__0printf)
    printf                                   0x080058dd   Thumb Code     0  printfa.o(i.__0printf)
    __0vsnprintf                             0x080058fd   Thumb Code    40  printfa.o(i.__0vsnprintf)
    __1vsnprintf                             0x080058fd   Thumb Code     0  printfa.o(i.__0vsnprintf)
    __2vsnprintf                             0x080058fd   Thumb Code     0  printfa.o(i.__0vsnprintf)
    __c89vsnprintf                           0x080058fd   Thumb Code     0  printfa.o(i.__0vsnprintf)
    vsnprintf                                0x080058fd   Thumb Code     0  printfa.o(i.__0vsnprintf)
    __scatterload_copy                       0x08005929   Thumb Code    14  handlers.o(i.__scatterload_copy)
    __scatterload_null                       0x08005937   Thumb Code     2  handlers.o(i.__scatterload_null)
    __scatterload_zeroinit                   0x08005939   Thumb Code    14  handlers.o(i.__scatterload_zeroinit)
    fputc                                    0x08006211   Thumb Code    22  roclog.o(i.fputc)
    main                                     0x0800622d   Thumb Code    76  main.o(i.main)
    AHBPrescTable                            0x08006278   Data          16  system_stm32f4xx.o(.constdata)
    APBPrescTable                            0x08006288   Data           8  system_stm32f4xx.o(.constdata)
    g_Ascii16                                0x080062e6   Data        1521  rocfont.o(.constdata)
    g_Sz32                                   0x080068d7   Data        1921  rocfont.o(.constdata)
    g_Hz16                                   0x08007058   Data        1768  rocfont.o(.constdata)
    g_Hz24                                   0x08007740   Data        1406  rocfont.o(.constdata)
    g_OledFont6x8                            0x08007cbe   Data         552  rocfont.o(.constdata)
    g_OledFont8x16                           0x08007ee6   Data        1520  rocfont.o(.constdata)
    Region$$Table$$Base                      0x08008668   Number         0  anon$$obj.o(Region$$Table)
    Region$$Table$$Limit                     0x08008688   Number         0  anon$$obj.o(Region$$Table)
    SystemCoreClock                          0x20000000   Data           4  system_stm32f4xx.o(.data)
    uwTick                                   0x20000004   Data           4  stm32f4xx_hal.o(.data)
    uwTickPrio                               0x20000008   Data           4  stm32f4xx_hal.o(.data)
    uwTickFreq                               0x2000000c   Data           1  stm32f4xx_hal.o(.data)
    __stdout                                 0x20000030   Data           4  roclog.o(.data)
    IsCmdReceived                            0x20000048   Data           1  rocremotecontrol.o(.data)
    charRx                                   0x20000050   Data           1  usart.o(.data)
    hi2c1                                    0x200002a0   Data          84  i2c.o(.bss)
    hi2c2                                    0x200002f4   Data          84  i2c.o(.bss)
    hspi1                                    0x20000348   Data          88  spi.o(.bss)
    hspi2                                    0x200003a0   Data          88  spi.o(.bss)
    hspi3                                    0x200003f8   Data          88  spi.o(.bss)
    hdma_spi1_tx                             0x20000450   Data          96  spi.o(.bss)
    hdma_spi2_tx                             0x200004b0   Data          96  spi.o(.bss)
    hdma_spi3_tx                             0x20000510   Data          96  spi.o(.bss)
    htim2                                    0x20000570   Data          60  tim.o(.bss)
    htim6                                    0x200005ac   Data          60  tim.o(.bss)
    htim7                                    0x200005e8   Data          60  tim.o(.bss)
    huart1                                   0x20000624   Data          64  usart.o(.bss)
    huart2                                   0x20000664   Data          64  usart.o(.bss)
    huart3                                   0x200006a4   Data          64  usart.o(.bss)
    hdma_usart2_rx                           0x200006e4   Data          96  usart.o(.bss)
    hdma_usart2_tx                           0x20000744   Data          96  usart.o(.bss)
    hdma_usart3_rx                           0x200007a4   Data          96  usart.o(.bss)
    hdma_usart3_tx                           0x20000804   Data          96  usart.o(.bss)
    hadc1                                    0x20000864   Data          72  adc.o(.bss)
    hdma_adc1                                0x200008ac   Data          96  adc.o(.bss)
    __initial_sp                             0x20002910   Data           0  startup_stm32f405xx.o(STACK)



==============================================================================

Memory Map of the image

  Image Entry point : 0x08000189

  Load Region LR_IROM1 (Base: 0x08000000, Size: 0x000086e4, Max: 0x00100000, ABSOLUTE)

    Execution Region ER_IROM1 (Base: 0x08000000, Size: 0x00008688, Max: 0x00100000, ABSOLUTE)

    Base Addr    Size         Type   Attr      Idx    E Section Name        Object

    0x08000000   0x00000188   Data   RO         4208    RESET               startup_stm32f405xx.o
    0x08000188   0x00000000   Code   RO         4938  * .ARM.Collect$$$$00000000  mc_w.l(entry.o)
    0x08000188   0x00000004   Code   RO         5254    .ARM.Collect$$$$00000001  mc_w.l(entry2.o)
    0x0800018c   0x00000004   Code   RO         5257    .ARM.Collect$$$$00000004  mc_w.l(entry5.o)
    0x08000190   0x00000000   Code   RO         5259    .ARM.Collect$$$$00000008  mc_w.l(entry7b.o)
    0x08000190   0x00000000   Code   RO         5261    .ARM.Collect$$$$0000000A  mc_w.l(entry8b.o)
    0x08000190   0x00000008   Code   RO         5262    .ARM.Collect$$$$0000000B  mc_w.l(entry9a.o)
    0x08000198   0x00000000   Code   RO         5264    .ARM.Collect$$$$0000000D  mc_w.l(entry10a.o)
    0x08000198   0x00000000   Code   RO         5266    .ARM.Collect$$$$0000000F  mc_w.l(entry11a.o)
    0x08000198   0x00000004   Code   RO         5255    .ARM.Collect$$$$00002712  mc_w.l(entry2.o)
    0x0800019c   0x00000024   Code   RO         4209    .text               startup_stm32f405xx.o
    0x080001c0   0x00000062   Code   RO         4941    .text               mc_w.l(uldiv.o)
    0x08000222   0x00000024   Code   RO         4945    .text               mc_w.l(memseta.o)
    0x08000246   0x0000014e   Code   RO         5238    .text               mf_w.l(dadd.o)
    0x08000394   0x000000e4   Code   RO         5240    .text               mf_w.l(dmul.o)
    0x08000478   0x000000de   Code   RO         5242    .text               mf_w.l(ddiv.o)
    0x08000556   0x00000026   Code   RO         5250    .text               mf_w.l(f2d.o)
    0x0800057c   0x00000030   Code   RO         5252    .text               mf_w.l(cdrcmple.o)
    0x080005ac   0x0000002c   Code   RO         5268    .text               mc_w.l(uidiv.o)
    0x080005d8   0x0000001e   Code   RO         5270    .text               mc_w.l(llshl.o)
    0x080005f6   0x00000020   Code   RO         5272    .text               mc_w.l(llushr.o)
    0x08000616   0x00000024   Code   RO         5274    .text               mc_w.l(llsshr.o)
    0x0800063a   0x00000000   Code   RO         5278    .text               mc_w.l(iusefp.o)
    0x0800063a   0x000000ba   Code   RO         5279    .text               mf_w.l(depilogue.o)
    0x080006f4   0x00000030   Code   RO         5283    .text               mf_w.l(dfixul.o)
    0x08000724   0x00000024   Code   RO         5287    .text               mc_w.l(init.o)
    0x08000748   0x0000006e   Code   RO          335    i.ADC_DMAConvCplt   stm32f4xx_hal_adc.o
    0x080007b6   0x0000001a   Code   RO          336    i.ADC_DMAError      stm32f4xx_hal_adc.o
    0x080007d0   0x0000000e   Code   RO          337    i.ADC_DMAHalfConvCplt  stm32f4xx_hal_adc.o
    0x080007de   0x00000002   PAD
    0x080007e0   0x00000010   Code   RO         4598    i.ADC_IRQHandler    stm32f4xx_it.o
    0x080007f0   0x0000015c   Code   RO          338    i.ADC_Init          stm32f4xx_hal_adc.o
    0x0800094c   0x00000004   Code   RO         4599    i.BusFault_Handler  stm32f4xx_it.o
    0x08000950   0x00000010   Code   RO         4600    i.DMA1_Stream1_IRQHandler  stm32f4xx_it.o
    0x08000960   0x00000010   Code   RO         4601    i.DMA1_Stream3_IRQHandler  stm32f4xx_it.o
    0x08000970   0x00000010   Code   RO         4602    i.DMA1_Stream4_IRQHandler  stm32f4xx_it.o
    0x08000980   0x00000010   Code   RO         4603    i.DMA1_Stream5_IRQHandler  stm32f4xx_it.o
    0x08000990   0x00000010   Code   RO         4604    i.DMA1_Stream6_IRQHandler  stm32f4xx_it.o
    0x080009a0   0x00000010   Code   RO         4605    i.DMA1_Stream7_IRQHandler  stm32f4xx_it.o
    0x080009b0   0x00000010   Code   RO         4606    i.DMA2_Stream0_IRQHandler  stm32f4xx_it.o
    0x080009c0   0x00000010   Code   RO         4607    i.DMA2_Stream3_IRQHandler  stm32f4xx_it.o
    0x080009d0   0x00000034   Code   RO          750    i.DMA_CalcBaseAndBitshift  stm32f4xx_hal_dma.o
    0x08000a04   0x000000aa   Code   RO          751    i.DMA_CheckFifoParam  stm32f4xx_hal_dma.o
    0x08000aae   0x0000002c   Code   RO          752    i.DMA_SetConfig     stm32f4xx_hal_dma.o
    0x08000ada   0x00000002   Code   RO         4608    i.DebugMon_Handler  stm32f4xx_it.o
    0x08000adc   0x00000002   Code   RO         4609    i.EXTI15_10_IRQHandler  stm32f4xx_it.o
    0x08000ade   0x00000002   Code   RO         4610    i.EXTI1_IRQHandler  stm32f4xx_it.o
    0x08000ae0   0x00000010   Code   RO         4611    i.EXTI9_5_IRQHandler  stm32f4xx_it.o
    0x08000af0   0x00000002   Code   RO          509    i.HAL_ADCEx_InjectedConvCpltCallback  stm32f4xx_hal_adc_ex.o
    0x08000af2   0x00000002   PAD
    0x08000af4   0x0000018c   Code   RO          340    i.HAL_ADC_ConfigChannel  stm32f4xx_hal_adc.o
    0x08000c80   0x00000044   Code   RO         3098    i.HAL_ADC_ConvCpltCallback  rocbattery.o
    0x08000cc4   0x00000002   Code   RO          342    i.HAL_ADC_ConvHalfCpltCallback  stm32f4xx_hal_adc.o
    0x08000cc6   0x00000002   Code   RO          344    i.HAL_ADC_ErrorCallback  stm32f4xx_hal_adc.o
    0x08000cc8   0x00000174   Code   RO          348    i.HAL_ADC_IRQHandler  stm32f4xx_hal_adc.o
    0x08000e3c   0x00000068   Code   RO          349    i.HAL_ADC_Init      stm32f4xx_hal_adc.o
    0x08000ea4   0x00000002   Code   RO          350    i.HAL_ADC_LevelOutOfWindowCallback  stm32f4xx_hal_adc.o
    0x08000ea6   0x00000002   PAD
    0x08000ea8   0x0000010c   Code   RO         4818    i.HAL_ADC_MspInit   adc.o
    0x08000fb4   0x00000148   Code   RO          356    i.HAL_ADC_Start_DMA  stm32f4xx_hal_adc.o
    0x080010fc   0x000000aa   Code   RO          753    i.HAL_DMA_Abort     stm32f4xx_hal_dma.o
    0x080011a6   0x00000028   Code   RO          754    i.HAL_DMA_Abort_IT  stm32f4xx_hal_dma.o
    0x080011ce   0x00000002   PAD
    0x080011d0   0x00000240   Code   RO          758    i.HAL_DMA_IRQHandler  stm32f4xx_hal_dma.o
    0x08001410   0x000000ec   Code   RO          759    i.HAL_DMA_Init      stm32f4xx_hal_dma.o
    0x080014fc   0x0000009e   Code   RO          763    i.HAL_DMA_Start_IT  stm32f4xx_hal_dma.o
    0x0800159a   0x00000002   PAD
    0x0800159c   0x00000040   Code   RO          161    i.HAL_Delay         stm32f4xx_hal.o
    0x080015dc   0x00000038   Code   RO         4859    i.HAL_GPIO_EXTI_Callback  rocjoystick.o
    0x08001614   0x0000001c   Code   RO          899    i.HAL_GPIO_EXTI_IRQHandler  stm32f4xx_hal_gpio.o
    0x08001630   0x00000200   Code   RO          900    i.HAL_GPIO_Init     stm32f4xx_hal_gpio.o
    0x08001830   0x00000010   Code   RO          902    i.HAL_GPIO_ReadPin  stm32f4xx_hal_gpio.o
    0x08001840   0x00000008   Code   RO          903    i.HAL_GPIO_TogglePin  stm32f4xx_hal_gpio.o
    0x08001848   0x0000000c   Code   RO          904    i.HAL_GPIO_WritePin  stm32f4xx_hal_gpio.o
    0x08001854   0x0000000c   Code   RO          168    i.HAL_GetTick       stm32f4xx_hal.o
    0x08001860   0x00000128   Code   RO          974    i.HAL_I2C_Init      stm32f4xx_hal_i2c.o
    0x08001988   0x00000118   Code   RO         4361    i.HAL_I2C_MspInit   i2c.o
    0x08001aa0   0x00000018   Code   RO          172    i.HAL_IncTick       stm32f4xx_hal.o
    0x08001ab8   0x0000003c   Code   RO          173    i.HAL_Init          stm32f4xx_hal.o
    0x08001af4   0x0000004c   Code   RO          174    i.HAL_InitTick      stm32f4xx_hal.o
    0x08001b40   0x0000009c   Code   RO         4793    i.HAL_MspInit       stm32f4xx_hal_msp.o
    0x08001bdc   0x0000001a   Code   RO          615    i.HAL_NVIC_EnableIRQ  stm32f4xx_hal_cortex.o
    0x08001bf6   0x0000007c   Code   RO          621    i.HAL_NVIC_SetPriority  stm32f4xx_hal_cortex.o
    0x08001c72   0x00000002   PAD
    0x08001c74   0x00000028   Code   RO          622    i.HAL_NVIC_SetPriorityGrouping  stm32f4xx_hal_cortex.o
    0x08001c9c   0x00000180   Code   RO         2943    i.HAL_RCC_ClockConfig  stm32f4xx_hal_rcc.o
    0x08001e1c   0x0000000c   Code   RO         2948    i.HAL_RCC_GetHCLKFreq  stm32f4xx_hal_rcc.o
    0x08001e28   0x00000020   Code   RO         2950    i.HAL_RCC_GetPCLK1Freq  stm32f4xx_hal_rcc.o
    0x08001e48   0x00000020   Code   RO         2951    i.HAL_RCC_GetPCLK2Freq  stm32f4xx_hal_rcc.o
    0x08001e68   0x000000b0   Code   RO         2952    i.HAL_RCC_GetSysClockFreq  stm32f4xx_hal_rcc.o
    0x08001f18   0x00000448   Code   RO         2955    i.HAL_RCC_OscConfig  stm32f4xx_hal_rcc.o
    0x08002360   0x00000002   Code   RO         1421    i.HAL_SPI_ErrorCallback  stm32f4xx_hal_spi.o
    0x08002362   0x00000008   Code   RO         1423    i.HAL_SPI_GetState  stm32f4xx_hal_spi.o
    0x0800236a   0x00000002   PAD
    0x0800236c   0x00000138   Code   RO         1424    i.HAL_SPI_IRQHandler  stm32f4xx_hal_spi.o
    0x080024a4   0x0000008c   Code   RO         1425    i.HAL_SPI_Init      stm32f4xx_hal_spi.o
    0x08002530   0x000001b8   Code   RO         4409    i.HAL_SPI_MspInit   spi.o
    0x080026e8   0x000000dc   Code   RO         1437    i.HAL_SPI_Transmit_DMA  stm32f4xx_hal_spi.o
    0x080027c4   0x00000002   Code   RO         1439    i.HAL_SPI_TxCpltCallback  stm32f4xx_hal_spi.o
    0x080027c6   0x00000002   Code   RO         1440    i.HAL_SPI_TxHalfCpltCallback  stm32f4xx_hal_spi.o
    0x080027c8   0x00000028   Code   RO          624    i.HAL_SYSTICK_CLKSourceConfig  stm32f4xx_hal_cortex.o
    0x080027f0   0x00000002   Code   RO          625    i.HAL_SYSTICK_Callback  stm32f4xx_hal_cortex.o
    0x080027f2   0x00000034   Code   RO          626    i.HAL_SYSTICK_Config  stm32f4xx_hal_cortex.o
    0x08002826   0x00000008   Code   RO          627    i.HAL_SYSTICK_IRQHandler  stm32f4xx_hal_cortex.o
    0x0800282e   0x00000002   Code   RO         2372    i.HAL_TIMEx_BreakCallback  stm32f4xx_hal_tim_ex.o
    0x08002830   0x00000002   Code   RO         2373    i.HAL_TIMEx_CommutationCallback  stm32f4xx_hal_tim_ex.o
    0x08002832   0x00000062   Code   RO         2389    i.HAL_TIMEx_MasterConfigSynchronization  stm32f4xx_hal_tim_ex.o
    0x08002894   0x00000034   Code   RO         1733    i.HAL_TIM_Base_Init  stm32f4xx_hal_tim.o
    0x080028c8   0x00000088   Code   RO         4469    i.HAL_TIM_Base_MspInit  tim.o
    0x08002950   0x0000001e   Code   RO         1738    i.HAL_TIM_Base_Start_IT  stm32f4xx_hal_tim.o
    0x0800296e   0x00000038   Code   RO         1741    i.HAL_TIM_Base_Stop_IT  stm32f4xx_hal_tim.o
    0x080029a6   0x00000002   Code   RO         1762    i.HAL_TIM_IC_CaptureCallback  stm32f4xx_hal_tim.o
    0x080029a8   0x00000196   Code   RO         1775    i.HAL_TIM_IRQHandler  stm32f4xx_hal_tim.o
    0x08002b3e   0x00000002   Code   RO         1778    i.HAL_TIM_OC_DelayElapsedCallback  stm32f4xx_hal_tim.o
    0x08002b40   0x00000002   Code   RO         1805    i.HAL_TIM_PWM_PulseFinishedCallback  stm32f4xx_hal_tim.o
    0x08002b42   0x00000002   PAD
    0x08002b44   0x00000060   Code   RO         4860    i.HAL_TIM_PeriodElapsedCallback  rocjoystick.o
    0x08002ba4   0x00000002   Code   RO         1816    i.HAL_TIM_TriggerCallback  stm32f4xx_hal_tim.o
    0x08002ba6   0x00000066   Code   RO         2630    i.HAL_UART_DMAStop  stm32f4xx_hal_uart.o
    0x08002c0c   0x00000002   Code   RO         2632    i.HAL_UART_ErrorCallback  stm32f4xx_hal_uart.o
    0x08002c0e   0x00000002   PAD
    0x08002c10   0x0000014c   Code   RO         2635    i.HAL_UART_IRQHandler  stm32f4xx_hal_uart.o
    0x08002d5c   0x00000072   Code   RO         2636    i.HAL_UART_Init     stm32f4xx_hal_uart.o
    0x08002dce   0x00000002   PAD
    0x08002dd0   0x00000260   Code   RO         4523    i.HAL_UART_MspInit  usart.o
    0x08003030   0x000000c4   Code   RO         2640    i.HAL_UART_Receive_DMA  stm32f4xx_hal_uart.o
    0x080030f4   0x00000064   Code   RO         2641    i.HAL_UART_Receive_IT  stm32f4xx_hal_uart.o
    0x08003158   0x0000002c   Code   RO         4524    i.HAL_UART_RxCpltCallback  usart.o
    0x08003184   0x00000002   Code   RO         2643    i.HAL_UART_RxHalfCpltCallback  stm32f4xx_hal_uart.o
    0x08003186   0x000000d6   Code   RO         2644    i.HAL_UART_Transmit  stm32f4xx_hal_uart.o
    0x0800325c   0x0000009c   Code   RO         2645    i.HAL_UART_Transmit_DMA  stm32f4xx_hal_uart.o
    0x080032f8   0x00000002   Code   RO         2647    i.HAL_UART_TxCpltCallback  stm32f4xx_hal_uart.o
    0x080032fa   0x00000002   Code   RO         2648    i.HAL_UART_TxHalfCpltCallback  stm32f4xx_hal_uart.o
    0x080032fc   0x00000034   Code   RO         4268    i.HW_GPIO_GetBitPos  gpio.o
    0x08003330   0x00000024   Code   RO         4270    i.HW_GPIO_IrqHandler  gpio.o
    0x08003354   0x00000030   Code   RO         4612    i.HardFault_Handler  stm32f4xx_it.o
    0x08003384   0x000000f8   Code   RO         4819    i.MX_ADC1_Init      adc.o
    0x0800347c   0x000000b8   Code   RO         4336    i.MX_DMA_Init       dma.o
    0x08003534   0x000002a4   Code   RO         4275    i.MX_GPIO_Init      gpio.o
    0x080037d8   0x00000050   Code   RO         4362    i.MX_I2C1_Init      i2c.o
    0x08003828   0x00000050   Code   RO         4363    i.MX_I2C2_Init      i2c.o
    0x08003878   0x00000034   Code   RO         4216    i.MX_NVIC_Init      main.o
    0x080038ac   0x0000005c   Code   RO         4411    i.MX_SPI1_Init      spi.o
    0x08003908   0x00000058   Code   RO         4413    i.MX_SPI3_Init      spi.o
    0x08003960   0x00000058   Code   RO         4470    i.MX_TIM2_Init      tim.o
    0x080039b8   0x00000058   Code   RO         4471    i.MX_TIM6_Init      tim.o
    0x08003a10   0x00000058   Code   RO         4472    i.MX_TIM7_Init      tim.o
    0x08003a68   0x0000004c   Code   RO         4525    i.MX_USART1_UART_Init  usart.o
    0x08003ab4   0x0000004c   Code   RO         4526    i.MX_USART2_UART_Init  usart.o
    0x08003b00   0x0000004c   Code   RO         4527    i.MX_USART3_UART_Init  usart.o
    0x08003b4c   0x00000004   Code   RO         4613    i.MemManage_Handler  stm32f4xx_it.o
    0x08003b50   0x00000002   Code   RO         4614    i.NMI_Handler       stm32f4xx_it.o
    0x08003b52   0x00000002   PAD
    0x08003b54   0x00000010   Code   RO          628    i.NVIC_GetPriorityGrouping  stm32f4xx_hal_cortex.o
    0x08003b64   0x00000028   Code   RO          629    i.NVIC_SetPriority  stm32f4xx_hal_cortex.o
    0x08003b8c   0x00000002   Code   RO         4615    i.PendSV_Handler    stm32f4xx_it.o
    0x08003b8e   0x00000002   PAD
    0x08003b90   0x0000005c   Code   RO         4862    i.RocBatteryCheckTaskEntry  rocjoystick.o
    0x08003bec   0x00000078   Code   RO         3099    i.RocBatteryInit    rocbattery.o
    0x08003c64   0x0000010c   Code   RO         3100    i.RocBatteryVoltageAdcSample  rocbattery.o
    0x08003d70   0x00000074   Code   RO         3101    i.RocBatteryVoltageConvertStart  rocbattery.o
    0x08003de4   0x0000000c   Code   RO         3102    i.RocBatteryVoltageGet  rocbattery.o
    0x08003df0   0x00000040   Code   RO         3173    i.RocBeeperBlink    rocbeeper.o
    0x08003e30   0x00000070   Code   RO         3174    i.RocBeeperInit     rocbeeper.o
    0x08003ea0   0x00000014   Code   RO         3175    i.RocBeeperOff      rocbeeper.o
    0x08003eb4   0x00000014   Code   RO         3176    i.RocBeeperOn       rocbeeper.o
    0x08003ec8   0x00000024   Code   RO         3177    i.RocBeeperTaskBackground  rocbeeper.o
    0x08003eec   0x000000d0   Code   RO         3178    i.RocBeeperTimerPeriodSet  rocbeeper.o
    0x08003fbc   0x00000060   Code   RO         3179    i.RocBeeperTimerStart  rocbeeper.o
    0x0800401c   0x00000060   Code   RO         3180    i.RocBeeperTimerStop  rocbeeper.o
    0x0800407c   0x00000014   Code   RO         3181    i.RocBeeperToggle   rocbeeper.o
    0x08004090   0x000001dc   Code   RO         3250    i.RocDoubleDatToStringDat  rocfont.o
    0x0800426c   0x00000020   Code   RO         3103    i.RocJoystickAdcGet  rocbattery.o
    0x0800428c   0x00000128   Code   RO         4863    i.RocJoystickInit   rocjoystick.o
    0x080043b4   0x0000000c   Code   RO         4864    i.RocJoystickInitEndAction  rocjoystick.o
    0x080043c0   0x0000000c   Code   RO         4865    i.RocJoystickMain   rocjoystick.o
    0x080043cc   0x000000f4   Code   RO         4866    i.RocJoystickTaskEntry  rocjoystick.o
    0x080044c0   0x000000cc   Code   RO         3281    i.RocKeyInit        rockey.o
    0x0800458c   0x0000019c   Code   RO         3282    i.RocKeyTaskBackground  rockey.o
    0x08004728   0x00000040   Code   RO         3329    i.RocLedInit        rocled.o
    0x08004768   0x000000a0   Code   RO         3375    i.RocLogE           roclog.o
    0x08004808   0x0000008c   Code   RO         3376    i.RocLogI           roclog.o
    0x08004894   0x0000009c   Code   RO         3377    i.RocLogN           roclog.o
    0x08004930   0x0000009c   Code   RO         3378    i.RocLogW           roclog.o
    0x080049cc   0x0000002c   Code   RO         3460    i.RocOledDrawGbk8Num  rocoled.o
    0x080049f8   0x00000064   Code   RO         3461    i.RocOledDrawGbk8Str  rocoled.o
    0x08004a5c   0x0000003a   Code   RO         3462    i.RocOledFillScreen  rocoled.o
    0x08004a96   0x00000002   PAD
    0x08004a98   0x00000088   Code   RO         3463    i.RocOledInit       rocoled.o
    0x08004b20   0x000000d8   Code   RO         3464    i.RocOledRegInit    rocoled.o
    0x08004bf8   0x00000024   Code   RO         3465    i.RocOledSetPos     rocoled.o
    0x08004c1c   0x00000058   Code   RO         3466    i.RocOledSpiDmaWriteData  rocoled.o
    0x08004c74   0x0000000c   Code   RO         3467    i.RocOledWriteBus   rocoled.o
    0x08004c80   0x0000001c   Code   RO         3468    i.RocOledWriteCmd   rocoled.o
    0x08004c9c   0x0000001c   Code   RO         3469    i.RocOledWriteDat   rocoled.o
    0x08004cb8   0x00000028   Code   RO         3283    i.RocPressKeyNumGet  rockey.o
    0x08004ce0   0x00000040   Code   RO         3577    i.RocRemoteControlInit  rocremotecontrol.o
    0x08004d20   0x00000070   Code   RO         3578    i.RocRemoteDataTransmit  rocremotecontrol.o
    0x08004d90   0x00000074   Code   RO         3579    i.RocRemoteReceiveCallback  rocremotecontrol.o
    0x08004e04   0x0000002c   Code   RO         3581    i.RocRemoteTransUsartInit  rocremotecontrol.o
    0x08004e30   0x00000010   Code   RO         4616    i.SPI1_IRQHandler   stm32f4xx_it.o
    0x08004e40   0x00000010   Code   RO         4617    i.SPI2_IRQHandler   stm32f4xx_it.o
    0x08004e50   0x00000028   Code   RO         1449    i.SPI_CheckFlag_BSY  stm32f4xx_hal_spi.o
    0x08004e78   0x00000014   Code   RO         1453    i.SPI_DMAAbortOnError  stm32f4xx_hal_spi.o
    0x08004e8c   0x00000028   Code   RO         1454    i.SPI_DMAError      stm32f4xx_hal_spi.o
    0x08004eb4   0x0000000e   Code   RO         1456    i.SPI_DMAHalfTransmitCplt  stm32f4xx_hal_spi.o
    0x08004ec2   0x00000072   Code   RO         1460    i.SPI_DMATransmitCplt  stm32f4xx_hal_spi.o
    0x08004f34   0x000000aa   Code   RO         1467    i.SPI_WaitFlagStateUntilTimeout  stm32f4xx_hal_spi.o
    0x08004fde   0x00000002   Code   RO         4618    i.SVC_Handler       stm32f4xx_it.o
    0x08004fe0   0x0000000c   Code   RO         4619    i.SysTick_Handler   stm32f4xx_it.o
    0x08004fec   0x000000e0   Code   RO         4217    i.SystemClock_Config  main.o
    0x080050cc   0x00000064   Code   RO            5    i.SystemInit        system_stm32f4xx.o
    0x08005130   0x00000010   Code   RO         4620    i.TIM2_IRQHandler   stm32f4xx_it.o
    0x08005140   0x00000010   Code   RO         4621    i.TIM6_DAC_IRQHandler  stm32f4xx_it.o
    0x08005150   0x00000010   Code   RO         4622    i.TIM7_IRQHandler   stm32f4xx_it.o
    0x08005160   0x000000e4   Code   RO         1817    i.TIM_Base_SetConfig  stm32f4xx_hal_tim.o
    0x08005244   0x00000014   Code   RO         2649    i.UART_DMAAbortOnError  stm32f4xx_hal_uart.o
    0x08005258   0x00000050   Code   RO         2650    i.UART_DMAError     stm32f4xx_hal_uart.o
    0x080052a8   0x00000046   Code   RO         2651    i.UART_DMAReceiveCplt  stm32f4xx_hal_uart.o
    0x080052ee   0x0000000e   Code   RO         2653    i.UART_DMARxHalfCplt  stm32f4xx_hal_uart.o
    0x080052fc   0x00000036   Code   RO         2655    i.UART_DMATransmitCplt  stm32f4xx_hal_uart.o
    0x08005332   0x0000000e   Code   RO         2657    i.UART_DMATxHalfCplt  stm32f4xx_hal_uart.o
    0x08005340   0x00000020   Code   RO         2659    i.UART_EndRxTransfer  stm32f4xx_hal_uart.o
    0x08005360   0x00000020   Code   RO         2660    i.UART_EndTransmit_IT  stm32f4xx_hal_uart.o
    0x08005380   0x00000014   Code   RO         2661    i.UART_EndTxTransfer  stm32f4xx_hal_uart.o
    0x08005394   0x0000009a   Code   RO         2662    i.UART_Receive_IT   stm32f4xx_hal_uart.o
    0x0800542e   0x00000002   PAD
    0x08005430   0x00000368   Code   RO         2663    i.UART_SetConfig    stm32f4xx_hal_uart.o
    0x08005798   0x00000068   Code   RO         2664    i.UART_Transmit_IT  stm32f4xx_hal_uart.o
    0x08005800   0x0000006c   Code   RO         2665    i.UART_WaitOnFlagUntilTimeout  stm32f4xx_hal_uart.o
    0x0800586c   0x00000014   Code   RO         4623    i.USART2_IRQHandler  stm32f4xx_it.o
    0x08005880   0x00000010   Code   RO         4624    i.USART3_IRQHandler  stm32f4xx_it.o
    0x08005890   0x00000004   Code   RO         4625    i.UsageFault_Handler  stm32f4xx_it.o
    0x08005894   0x00000048   Code   RO         4218    i._Error_Handler    main.o
    0x080058dc   0x00000020   Code   RO         5182    i.__0printf         mc_w.l(printfa.o)
    0x080058fc   0x0000002c   Code   RO         5187    i.__0vsnprintf      mc_w.l(printfa.o)
    0x08005928   0x0000000e   Code   RO         5291    i.__scatterload_copy  mc_w.l(handlers.o)
    0x08005936   0x00000002   Code   RO         5292    i.__scatterload_null  mc_w.l(handlers.o)
    0x08005938   0x0000000e   Code   RO         5293    i.__scatterload_zeroinit  mc_w.l(handlers.o)
    0x08005946   0x00000002   PAD
    0x08005948   0x00000184   Code   RO         5189    i._fp_digits        mc_w.l(printfa.o)
    0x08005acc   0x000006dc   Code   RO         5190    i._printf_core      mc_w.l(printfa.o)
    0x080061a8   0x00000024   Code   RO         5191    i._printf_post_padding  mc_w.l(printfa.o)
    0x080061cc   0x0000002e   Code   RO         5192    i._printf_pre_padding  mc_w.l(printfa.o)
    0x080061fa   0x00000016   Code   RO         5193    i._snputc           mc_w.l(printfa.o)
    0x08006210   0x0000001c   Code   RO         3382    i.fputc             roclog.o
    0x0800622c   0x0000004c   Code   RO         4219    i.main              main.o
    0x08006278   0x00000018   Data   RO            6    .constdata          system_stm32f4xx.o
    0x08006290   0x00000008   Data   RO          765    .constdata          stm32f4xx_hal_dma.o
    0x08006298   0x00000028   Data   RO         3105    .constdata          rocbattery.o
    0x080062c0   0x00000026   Data   RO         3182    .constdata          rocbeeper.o
    0x080062e6   0x00002208   Data   RO         3251    .constdata          rocfont.o
    0x080084ee   0x0000001d   Data   RO         3285    .constdata          rockey.o
    0x0800850b   0x0000000b   Data   RO         3333    .constdata          rocled.o
    0x08008516   0x00000023   Data   RO         3470    .constdata          rocoled.o
    0x08008539   0x00000055   Data   RO         3584    .constdata          rocremotecontrol.o
    0x0800858e   0x0000000f   Data   RO         4220    .constdata          main.o
    0x0800859d   0x00000012   Data   RO         4626    .constdata          stm32f4xx_it.o
    0x080085af   0x00000027   Data   RO         4867    .constdata          rocjoystick.o
    0x080085d6   0x00000002   PAD
    0x080085d8   0x0000004c   Data   RO         3585    .conststring        rocremotecontrol.o
    0x08008624   0x00000041   Data   RO         4868    .conststring        rocjoystick.o
    0x08008665   0x00000003   PAD
    0x08008668   0x00000020   Data   RO         5289    Region$$Table       anon$$obj.o


    Execution Region RW_IRAM1 (Base: 0x20000000, Size: 0x00002910, Max: 0x00020000, ABSOLUTE)

    Base Addr    Size         Type   Attr      Idx    E Section Name        Object

    0x20000000   0x00000004   Data   RW            7    .data               system_stm32f4xx.o
    0x20000004   0x00000009   Data   RW          180    .data               stm32f4xx_hal.o
    0x2000000d   0x00000003   PAD
    0x20000010   0x00000016   Data   RW         3106    .data               rocbattery.o
    0x20000026   0x00000006   Data   RW         3183    .data               rocbeeper.o
    0x2000002c   0x00000004   Data   RW         3286    .data               rockey.o
    0x20000030   0x00000004   Data   RW         3383    .data               roclog.o
    0x20000034   0x0000001c   Data   RW         3586    .data               rocremotecontrol.o
    0x20000050   0x00000008   Data   RW         4531    .data               usart.o
    0x20000058   0x00000004   Data   RW         4869    .data               rocjoystick.o
    0x2000005c   0x000000d2   Zero   RW         3104    .bss                rocbattery.o
    0x2000012e   0x00000024   Zero   RW         3284    .bss                rockey.o
    0x20000152   0x0000010b   Zero   RW         3583    .bss                rocremotecontrol.o
    0x2000025d   0x00000003   PAD
    0x20000260   0x00000040   Zero   RW         4276    .bss                gpio.o
    0x200002a0   0x000000a8   Zero   RW         4364    .bss                i2c.o
    0x20000348   0x00000228   Zero   RW         4414    .bss                spi.o
    0x20000570   0x000000b4   Zero   RW         4473    .bss                tim.o
    0x20000624   0x00000240   Zero   RW         4530    .bss                usart.o
    0x20000864   0x000000a8   Zero   RW         4820    .bss                adc.o
    0x2000090c   0x00000004   PAD
    0x20000910   0x00002000   Zero   RW         4206    STACK               startup_stm32f405xx.o


==============================================================================

Image component sizes


      Code (inc. data)   RO Data    RW Data    ZI Data      Debug   Object Name

       516         68          0          0        168       2223   adc.o
       184          6          0          0          0        986   dma.o
       764         24          0          0         64       3052   gpio.o
       440         72          0          0        168       2630   i2c.o
       424         74         15          0          0       3249   main.o
       616        236         40         22        210       5540   rocbattery.o
       672        348         38          6          0       9990   rocbeeper.o
       476         44       8712          0          0       3424   rocfont.o
       808        208        104          4          0       6077   rocjoystick.o
       656        174         29          4         36       4496   rockey.o
        64         46         11          0          0        705   rocled.o
       640        270          0          4          0       7350   roclog.o
       746        132         35          0          0       8156   rocoled.o
       336        130        161         28        267       6240   rocremotecontrol.o
       620        100          0          0        552       2951   spi.o
        36          8        392          0       8192        860   startup_stm32f405xx.o
       236         38          0          9          0       5337   stm32f4xx_hal.o
      1704         56          0          0          0       9554   stm32f4xx_hal_adc.o
         2          0          0          0          0       1241   stm32f4xx_hal_adc_ex.o
       348         22          0          0          0      33809   stm32f4xx_hal_cortex.o
      1446         16          8          0          0       8034   stm32f4xx_hal_dma.o
       576         50          0          0          0       4907   stm32f4xx_hal_gpio.o
       296         10          0          0          0       2143   stm32f4xx_hal_i2c.o
       156          6          0          0          0       1070   stm32f4xx_hal_msp.o
      1732         84          0          0          0       6304   stm32f4xx_hal_rcc.o
      1084         16          0          0          0      11152   stm32f4xx_hal_spi.o
       780         44          0          0          0       7434   stm32f4xx_hal_tim.o
       102          0          0          0          0       2790   stm32f4xx_hal_tim_ex.o
      2796         42          0          0          0      19941   stm32f4xx_hal_uart.o
       360        128         18          0          0      15652   stm32f4xx_it.o
       100         18         24          4          0     666483   system_stm32f4xx.o
       400         82          0          0        180       3180   tim.o
       880        150          0          8        576       4949   usart.o

    ----------------------------------------------------------------------
     21024       2702       9624         92      10420     871909   Object Totals
         0          0         32          0          0          0   (incl. Generated)
        28          0          5          3          7          0   (incl. Padding)

    ----------------------------------------------------------------------

      Code (inc. data)   RO Data    RW Data    ZI Data      Debug   Library Member Name

         0          0          0          0          0          0   entry.o
         0          0          0          0          0          0   entry10a.o
         0          0          0          0          0          0   entry11a.o
         8          4          0          0          0          0   entry2.o
         4          0          0          0          0          0   entry5.o
         0          0          0          0          0          0   entry7b.o
         0          0          0          0          0          0   entry8b.o
         8          4          0          0          0          0   entry9a.o
        30          0          0          0          0          0   handlers.o
        36          8          0          0          0         68   init.o
         0          0          0          0          0          0   iusefp.o
        30          0          0          0          0         68   llshl.o
        36          0          0          0          0         68   llsshr.o
        32          0          0          0          0         68   llushr.o
        36          0          0          0          0        108   memseta.o
      2324         94          0          0          0        600   printfa.o
        44          0          0          0          0         80   uidiv.o
        98          0          0          0          0         92   uldiv.o
        48          0          0          0          0         68   cdrcmple.o
       334          0          0          0          0        148   dadd.o
       222          0          0          0          0        100   ddiv.o
       186          0          0          0          0        176   depilogue.o
        48          0          0          0          0         68   dfixul.o
       228          0          0          0          0         96   dmul.o
        38          0          0          0          0         68   f2d.o

    ----------------------------------------------------------------------
      3792        110          0          0          0       1876   Library Totals
         2          0          0          0          0          0   (incl. Padding)

    ----------------------------------------------------------------------

      Code (inc. data)   RO Data    RW Data    ZI Data      Debug   Library Name

      2686        110          0          0          0       1152   mc_w.l
      1104          0          0          0          0        724   mf_w.l

    ----------------------------------------------------------------------
      3792        110          0          0          0       1876   Library Totals

    ----------------------------------------------------------------------

==============================================================================


      Code (inc. data)   RO Data    RW Data    ZI Data      Debug   

     24816       2812       9624         92      10420     854153   Grand Totals
     24816       2812       9624         92      10420     854153   ELF Image Totals
     24816       2812       9624         92          0          0   ROM Totals

==============================================================================

    Total RO  Size (Code + RO Data)                34440 (  33.63kB)
    Total RW  Size (RW Data + ZI Data)             10512 (  10.27kB)
    Total ROM Size (Code + RO Data + RW Data)      34532 (  33.72kB)

==============================================================================

