<html>
<body>
<pre>
<h1>礦ision Build Log</h1>
<h2>Tool Versions:</h2>
IDE-Version: μVision V5.22.0.0
Copyright (C) 2016 ARM Ltd and ARM Germany GmbH. All rights reserved.
License Information: z Admin, z, LIC=1WS45-G7VHA-GMR99-4JNQS-WFZ8I-8RI52
 
Tool Versions:
Toolchain:       MDK-ARM Professional  Version: 5.22
Toolchain Path:  D:\Program Files (x86)\Keil_v5\ARM\ARMCC\Bin
C Compiler:      Armcc.exe V5.06 update 4 (build 422)
Assembler:       Armasm.exe V5.06 update 4 (build 422)
Linker/Locator:  ArmLink.exe V5.06 update 4 (build 422)
Library Manager: ArmAr.exe V5.06 update 4 (build 422)
Hex Converter:   FromElf.exe V5.06 update 4 (build 422)
CPU DLL:         SARMCM3.DLL V5.22
Dialog DLL:      DCM.DLL V1.13.9.0
Target DLL:      Segger\JL2CM3.dll V2.99.23.0
Dialog DLL:      TCM.DLL V1.21.0.0
 
<h2>Project:</h2>
E:\学科竞赛\2018年IDT传感器创新设计大赛\项目设计\软件设计\SweepRobot\Stm32F4\RobotProject\MDK-ARM\SweepRobot.uvprojx
Project File Date:  07/18/2019

<h2>Output:</h2>
*** Using Compiler 'V5.06 update 4 (build 422)', folder: 'D:\Program Files (x86)\Keil_v5\ARM\ARMCC\Bin'
Build target 'SweepRobot'
compiling main.c...
compiling RocRobotControl.c...
..\Robot\RocRobotControl\RocRobotControl.c(64): warning:  #177-D: function "RocRobotBatteryChargeBeeperAction"  was declared but never referenced
  static void RocRobotBatteryChargeBeeperAction(void)
..\Robot\RocRobotControl\RocRobotControl.c(1273): warning:  #177-D: function "RocRobotStopRun"  was declared but never referenced
  static ROC_RESULT RocRobotStopRun(void)
..\Robot\RocRobotControl\RocRobotControl.c: 2 warnings, 0 errors
compiling RocRobotDhAlgorithm.c...
linking...
Program Size: Code=72658 RO-data=19262 RW-data=640 ZI-data=80808  
FromELF: creating hex file...
"SweepRobot\SweepRobot.axf" - 0 Error(s), 2 Warning(s).

<h2>Software Packages used:</h2>

Package Vendor: ARM
                http://www.keil.com/pack/ARM.CMSIS.5.0.0.pack
                ARM::CMSIS:CORE:5.0.0
                CMSIS (Cortex Microcontroller Software Interface Standard)
   * Component: CORE Version: 5.0.0

<h2>Collection of Component include folders:</h2>
  E:\学科竞赛\2018年IDT传感器创新设计大赛\项目设计\软件设计\SweepRobot\Stm32F4\RobotProject\MDK-ARM\RTE\_SweepRobot
  D:\Program Files (x86)\Keil_v5\ARM\PACK\ARM\CMSIS\5.0.0\CMSIS\Include
  D:\Program Files (x86)\Keil_v5\ARM\PACK\Keil\STM32F4xx_DFP\2.11.0\Drivers\CMSIS\Device\ST\STM32F4xx\Include

<h2>Collection of Component Files used:</h2>

   * Component: ARM::CMSIS:CORE:5.0.0
Build Time Elapsed:  00:00:06
</pre>
</body>
</html>
