Component: ARM Compiler 5.06 update 4 (build 422) Tool: armlink [4d35d2]

==============================================================================

Section Cross References

    startup_stm32f405xx.o(RESET) refers to startup_stm32f405xx.o(STACK) for __initial_sp
    startup_stm32f405xx.o(RESET) refers to startup_stm32f405xx.o(.text) for Reset_Handler
    startup_stm32f405xx.o(RESET) refers to stm32f4xx_it.o(i.NMI_Handler) for NMI_Handler
    startup_stm32f405xx.o(RESET) refers to stm32f4xx_it.o(i.HardFault_Handler) for HardFault_Handler
    startup_stm32f405xx.o(RESET) refers to stm32f4xx_it.o(i.MemManage_Handler) for MemManage_Handler
    startup_stm32f405xx.o(RESET) refers to stm32f4xx_it.o(i.BusFault_Handler) for BusFault_Handler
    startup_stm32f405xx.o(RESET) refers to stm32f4xx_it.o(i.UsageFault_Handler) for UsageFault_Handler
    startup_stm32f405xx.o(RESET) refers to stm32f4xx_it.o(i.SVC_Handler) for SVC_Handler
    startup_stm32f405xx.o(RESET) refers to stm32f4xx_it.o(i.DebugMon_Handler) for DebugMon_Handler
    startup_stm32f405xx.o(RESET) refers to stm32f4xx_it.o(i.PendSV_Handler) for PendSV_Handler
    startup_stm32f405xx.o(RESET) refers to stm32f4xx_it.o(i.SysTick_Handler) for SysTick_Handler
    startup_stm32f405xx.o(RESET) refers to stm32f4xx_it.o(i.DMA1_Stream1_IRQHandler) for DMA1_Stream1_IRQHandler
    startup_stm32f405xx.o(RESET) refers to stm32f4xx_it.o(i.DMA1_Stream3_IRQHandler) for DMA1_Stream3_IRQHandler
    startup_stm32f405xx.o(RESET) refers to stm32f4xx_it.o(i.DMA1_Stream4_IRQHandler) for DMA1_Stream4_IRQHandler
    startup_stm32f405xx.o(RESET) refers to stm32f4xx_it.o(i.DMA1_Stream5_IRQHandler) for DMA1_Stream5_IRQHandler
    startup_stm32f405xx.o(RESET) refers to stm32f4xx_it.o(i.DMA1_Stream6_IRQHandler) for DMA1_Stream6_IRQHandler
    startup_stm32f405xx.o(RESET) refers to stm32f4xx_it.o(i.ADC_IRQHandler) for ADC_IRQHandler
    startup_stm32f405xx.o(RESET) refers to stm32f4xx_it.o(i.TIM2_IRQHandler) for TIM2_IRQHandler
    startup_stm32f405xx.o(RESET) refers to stm32f4xx_it.o(i.SPI1_IRQHandler) for SPI1_IRQHandler
    startup_stm32f405xx.o(RESET) refers to stm32f4xx_it.o(i.SPI2_IRQHandler) for SPI2_IRQHandler
    startup_stm32f405xx.o(RESET) refers to stm32f4xx_it.o(i.USART2_IRQHandler) for USART2_IRQHandler
    startup_stm32f405xx.o(RESET) refers to stm32f4xx_it.o(i.USART3_IRQHandler) for USART3_IRQHandler
    startup_stm32f405xx.o(RESET) refers to stm32f4xx_it.o(i.TIM6_DAC_IRQHandler) for TIM6_DAC_IRQHandler
    startup_stm32f405xx.o(RESET) refers to stm32f4xx_it.o(i.TIM7_IRQHandler) for TIM7_IRQHandler
    startup_stm32f405xx.o(RESET) refers to stm32f4xx_it.o(i.DMA2_Stream0_IRQHandler) for DMA2_Stream0_IRQHandler
    startup_stm32f405xx.o(RESET) refers to stm32f4xx_it.o(i.DMA2_Stream3_IRQHandler) for DMA2_Stream3_IRQHandler
    startup_stm32f405xx.o(RESET) refers to stm32f4xx_it.o(i.OTG_FS_IRQHandler) for OTG_FS_IRQHandler
    startup_stm32f405xx.o(.text) refers to system_stm32f4xx.o(i.SystemInit) for SystemInit
    startup_stm32f405xx.o(.text) refers to entry.o(.ARM.Collect$$$$00000000) for __main
    stm32f4xx_hal_i2c.o(i.HAL_I2C_DeInit) refers to i2c.o(i.HAL_I2C_MspDeInit) for HAL_I2C_MspDeInit
    stm32f4xx_hal_i2c.o(i.HAL_I2C_ER_IRQHandler) refers to stm32f4xx_hal_i2c.o(i.I2C_Slave_AF) for I2C_Slave_AF
    stm32f4xx_hal_i2c.o(i.HAL_I2C_ER_IRQHandler) refers to stm32f4xx_hal_i2c.o(i.I2C_ITError) for I2C_ITError
    stm32f4xx_hal_i2c.o(i.HAL_I2C_EV_IRQHandler) refers to stm32f4xx_hal_i2c.o(i.I2C_Master_SB) for I2C_Master_SB
    stm32f4xx_hal_i2c.o(i.HAL_I2C_EV_IRQHandler) refers to stm32f4xx_hal_i2c.o(i.I2C_Master_ADD10) for I2C_Master_ADD10
    stm32f4xx_hal_i2c.o(i.HAL_I2C_EV_IRQHandler) refers to stm32f4xx_hal_i2c.o(i.I2C_Master_ADDR) for I2C_Master_ADDR
    stm32f4xx_hal_i2c.o(i.HAL_I2C_EV_IRQHandler) refers to stm32f4xx_hal_i2c.o(i.I2C_MasterTransmit_TXE) for I2C_MasterTransmit_TXE
    stm32f4xx_hal_i2c.o(i.HAL_I2C_EV_IRQHandler) refers to stm32f4xx_hal_i2c.o(i.I2C_MasterTransmit_BTF) for I2C_MasterTransmit_BTF
    stm32f4xx_hal_i2c.o(i.HAL_I2C_EV_IRQHandler) refers to stm32f4xx_hal_i2c.o(i.I2C_MasterReceive_RXNE) for I2C_MasterReceive_RXNE
    stm32f4xx_hal_i2c.o(i.HAL_I2C_EV_IRQHandler) refers to stm32f4xx_hal_i2c.o(i.I2C_MasterReceive_BTF) for I2C_MasterReceive_BTF
    stm32f4xx_hal_i2c.o(i.HAL_I2C_EV_IRQHandler) refers to stm32f4xx_hal_i2c.o(i.I2C_Slave_ADDR) for I2C_Slave_ADDR
    stm32f4xx_hal_i2c.o(i.HAL_I2C_EV_IRQHandler) refers to stm32f4xx_hal_i2c.o(i.I2C_Slave_STOPF) for I2C_Slave_STOPF
    stm32f4xx_hal_i2c.o(i.HAL_I2C_EV_IRQHandler) refers to stm32f4xx_hal_i2c.o(i.I2C_SlaveTransmit_TXE) for I2C_SlaveTransmit_TXE
    stm32f4xx_hal_i2c.o(i.HAL_I2C_EV_IRQHandler) refers to stm32f4xx_hal_i2c.o(i.I2C_SlaveTransmit_BTF) for I2C_SlaveTransmit_BTF
    stm32f4xx_hal_i2c.o(i.HAL_I2C_EV_IRQHandler) refers to stm32f4xx_hal_i2c.o(i.I2C_SlaveReceive_RXNE) for I2C_SlaveReceive_RXNE
[...]
    HAL_I2C_MspDeInit                        0x080024d9   Thumb Code    66  i2c.o(i.HAL_I2C_MspDeInit)
    HAL_I2C_MspInit                          0x0800252d   Thumb Code   264  i2c.o(i.HAL_I2C_MspInit)
    HAL_IncTick                              0x08002645   Thumb Code    16  stm32f4xx_hal.o(i.HAL_IncTick)
    HAL_Init                                 0x0800265d   Thumb Code    54  stm32f4xx_hal.o(i.HAL_Init)
    HAL_InitTick                             0x08002699   Thumb Code    64  stm32f4xx_hal.o(i.HAL_InitTick)
    HAL_MspInit                              0x080026e5   Thumb Code   150  stm32f4xx_hal_msp.o(i.HAL_MspInit)
    HAL_NVIC_EnableIRQ                       0x08002781   Thumb Code    26  stm32f4xx_hal_cortex.o(i.HAL_NVIC_EnableIRQ)
    HAL_NVIC_SetPriority                     0x0800279b   Thumb Code   124  stm32f4xx_hal_cortex.o(i.HAL_NVIC_SetPriority)
    HAL_NVIC_SetPriorityGrouping             0x08002819   Thumb Code    32  stm32f4xx_hal_cortex.o(i.HAL_NVIC_SetPriorityGrouping)
    HAL_RCC_ClockConfig                      0x08002841   Thumb Code   366  stm32f4xx_hal_rcc.o(i.HAL_RCC_ClockConfig)
    HAL_RCC_GetHCLKFreq                      0x080029c1   Thumb Code     6  stm32f4xx_hal_rcc.o(i.HAL_RCC_GetHCLKFreq)
    HAL_RCC_GetPCLK1Freq                     0x080029cd   Thumb Code    22  stm32f4xx_hal_rcc.o(i.HAL_RCC_GetPCLK1Freq)
    HAL_RCC_GetPCLK2Freq                     0x080029ed   Thumb Code    22  stm32f4xx_hal_rcc.o(i.HAL_RCC_GetPCLK2Freq)
    HAL_RCC_GetSysClockFreq                  0x08002a0d   Thumb Code   162  stm32f4xx_hal_rcc.o(i.HAL_RCC_GetSysClockFreq)
    HAL_RCC_OscConfig                        0x08002abd   Thumb Code  1086  stm32f4xx_hal_rcc.o(i.HAL_RCC_OscConfig)
    HAL_SPI_ErrorCallback                    0x08002f05   Thumb Code    24  roctftlcd.o(i.HAL_SPI_ErrorCallback)
    HAL_SPI_GetState                         0x08002f41   Thumb Code     8  stm32f4xx_hal_spi.o(i.HAL_SPI_GetState)
    HAL_SPI_IRQHandler                       0x08002f49   Thumb Code   308  stm32f4xx_hal_spi.o(i.HAL_SPI_IRQHandler)
    HAL_SPI_Init                             0x08003081   Thumb Code   140  stm32f4xx_hal_spi.o(i.HAL_SPI_Init)
    HAL_SPI_MspInit                          0x0800310d   Thumb Code   312  spi.o(i.HAL_SPI_MspInit)
    HAL_SPI_Transmit                         0x08003275   Thumb Code   422  stm32f4xx_hal_spi.o(i.HAL_SPI_Transmit)
    HAL_SPI_Transmit_DMA                     0x0800341d   Thumb Code   208  stm32f4xx_hal_spi.o(i.HAL_SPI_Transmit_DMA)
    HAL_SPI_TxCpltCallback                   0x080034f9   Thumb Code     2  roctftlcd.o(i.HAL_SPI_TxCpltCallback)
    HAL_SPI_TxHalfCpltCallback               0x080034fb   Thumb Code     2  stm32f4xx_hal_spi.o(i.HAL_SPI_TxHalfCpltCallback)
    HAL_SYSTICK_CLKSourceConfig              0x080034fd   Thumb Code    40  stm32f4xx_hal_cortex.o(i.HAL_SYSTICK_CLKSourceConfig)
    HAL_SYSTICK_Callback                     0x08003525   Thumb Code     2  stm32f4xx_hal_cortex.o(i.HAL_SYSTICK_Callback)
    HAL_SYSTICK_Config                       0x08003527   Thumb Code    52  stm32f4xx_hal_cortex.o(i.HAL_SYSTICK_Config)
    HAL_SYSTICK_IRQHandler                   0x0800355b   Thumb Code     8  stm32f4xx_hal_cortex.o(i.HAL_SYSTICK_IRQHandler)
    HAL_TIMEx_BreakCallback                  0x08003563   Thumb Code     2  stm32f4xx_hal_tim_ex.o(i.HAL_TIMEx_BreakCallback)
    HAL_TIMEx_CommutationCallback            0x08003565   Thumb Code     2  stm32f4xx_hal_tim_ex.o(i.HAL_TIMEx_CommutationCallback)
    HAL_TIMEx_MasterConfigSynchronization    0x08003567   Thumb Code    98  stm32f4xx_hal_tim_ex.o(i.HAL_TIMEx_MasterConfigSynchronization)
    HAL_TIM_Base_Init                        0x080035c9   Thumb Code    52  stm32f4xx_hal_tim.o(i.HAL_TIM_Base_Init)
    HAL_TIM_Base_MspInit                     0x080035fd   Thumb Code   124  tim.o(i.HAL_TIM_Base_MspInit)
    HAL_TIM_Base_Start_IT                    0x08003685   Thumb Code    30  stm32f4xx_hal_tim.o(i.HAL_TIM_Base_Start_IT)
    HAL_TIM_Base_Stop_IT                     0x080036a3   Thumb Code    56  stm32f4xx_hal_tim.o(i.HAL_TIM_Base_Stop_IT)
    HAL_TIM_IC_CaptureCallback               0x080036db   Thumb Code     2  stm32f4xx_hal_tim.o(i.HAL_TIM_IC_CaptureCallback)
    HAL_TIM_IRQHandler                       0x080036dd   Thumb Code   406  stm32f4xx_hal_tim.o(i.HAL_TIM_IRQHandler)
    HAL_TIM_OC_DelayElapsedCallback          0x08003873   Thumb Code     2  stm32f4xx_hal_tim.o(i.HAL_TIM_OC_DelayElapsedCallback)
    HAL_TIM_PWM_PulseFinishedCallback        0x08003875   Thumb Code     2  stm32f4xx_hal_tim.o(i.HAL_TIM_PWM_PulseFinishedCallback)
    HAL_TIM_PeriodElapsedCallback            0x08003879   Thumb Code   102  rocrobotcontrol.o(i.HAL_TIM_PeriodElapsedCallback)
    HAL_TIM_TriggerCallback                  0x080038f1   Thumb Code     2  stm32f4xx_hal_tim.o(i.HAL_TIM_TriggerCallback)
    HAL_UART_DMAStop                         0x080038f3   Thumb Code   102  stm32f4xx_hal_uart.o(i.HAL_UART_DMAStop)
    HAL_UART_ErrorCallback                   0x08003959   Thumb Code    44  rocbluetooth.o(i.HAL_UART_ErrorCallback)
    HAL_UART_GetState                        0x080039c5   Thumb Code    20  stm32f4xx_hal_uart.o(i.HAL_UART_GetState)
    HAL_UART_IRQHandler                      0x080039d9   Thumb Code   326  stm32f4xx_hal_uart.o(i.HAL_UART_IRQHandler)
    HAL_UART_Init                            0x08003b25   Thumb Code   114  stm32f4xx_hal_uart.o(i.HAL_UART_Init)
    HAL_UART_MspInit                         0x08003b99   Thumb Code   546  usart.o(i.HAL_UART_MspInit)
    HAL_UART_Receive_DMA                     0x08003df9   Thumb Code   182  stm32f4xx_hal_uart.o(i.HAL_UART_Receive_DMA)
    HAL_UART_RxCpltCallback                  0x08003ebd   Thumb Code    12  rocbluetooth.o(i.HAL_UART_RxCpltCallback)
    HAL_UART_RxHalfCpltCallback              0x08003ecd   Thumb Code     2  stm32f4xx_hal_uart.o(i.HAL_UART_RxHalfCpltCallback)
    HAL_UART_Transmit                        0x08003ecf   Thumb Code   214  stm32f4xx_hal_uart.o(i.HAL_UART_Transmit)
    HAL_UART_Transmit_DMA                    0x08003fa5   Thumb Code   142  stm32f4xx_hal_uart.o(i.HAL_UART_Transmit_DMA)
    HAL_UART_TxCpltCallback                  0x08004041   Thumb Code    12  rocbluetooth.o(i.HAL_UART_TxCpltCallback)
    HAL_UART_TxHalfCpltCallback              0x08004051   Thumb Code     2  stm32f4xx_hal_uart.o(i.HAL_UART_TxHalfCpltCallback)
    HardFault_Handler                        0x08004bf1   Thumb Code    14  stm32f4xx_it.o(i.HardFault_Handler)
    MX_ADC1_Init                             0x080050d1   Thumb Code    98  adc.o(i.MX_ADC1_Init)
    MX_DMA_Init                              0x08005151   Thumb Code   162  dma.o(i.MX_DMA_Init)
    MX_GPIO_Init                             0x080051f9   Thumb Code   530  gpio.o(i.MX_GPIO_Init)
    MX_I2C1_Init                             0x0800541d   Thumb Code    52  i2c.o(i.MX_I2C1_Init)
    MX_I2C2_Init                             0x0800546d   Thumb Code    52  i2c.o(i.MX_I2C2_Init)
    MX_SPI1_Init                             0x080054f1   Thumb Code    64  spi.o(i.MX_SPI1_Init)
    MX_SPI2_Init                             0x08005549   Thumb Code    64  spi.o(i.MX_SPI2_Init)
    MX_TIM2_Init                             0x080055a1   Thumb Code    66  tim.o(i.MX_TIM2_Init)
    MX_TIM6_Init                             0x080055f9   Thumb Code    64  tim.o(i.MX_TIM6_Init)
    MX_TIM7_Init                             0x08005651   Thumb Code    64  tim.o(i.MX_TIM7_Init)
    MX_USART1_UART_Init                      0x080056a9   Thumb Code    50  usart.o(i.MX_USART1_UART_Init)
    MX_USART2_UART_Init                      0x080056f5   Thumb Code    50  usart.o(i.MX_USART2_UART_Init)
    MX_USART3_UART_Init                      0x08005741   Thumb Code    50  usart.o(i.MX_USART3_UART_Init)
    MemManage_Handler                        0x0800578d   Thumb Code     4  stm32f4xx_it.o(i.MemManage_Handler)
    NMI_Handler                              0x08005791   Thumb Code     2  stm32f4xx_it.o(i.NMI_Handler)
    OTG_FS_IRQHandler                        0x080057cd   Thumb Code    10  stm32f4xx_it.o(i.OTG_FS_IRQHandler)
    PendSV_Handler                           0x080057dd   Thumb Code     2  stm32f4xx_it.o(i.PendSV_Handler)
    RocBatteryInit                           0x08005855   Thumb Code    38  rocbattery.o(i.RocBatteryInit)
    RocBatteryVoltageAdcSample               0x080058cd   Thumb Code   144  rocbattery.o(i.RocBatteryVoltageAdcSample)
    RocBatteryVoltageConvertStart            0x08005979   Thumb Code    40  rocbattery.o(i.RocBatteryVoltageConvertStart)
    RocBatteryVoltageGet                     0x080059dd   Thumb Code     8  rocbattery.o(i.RocBatteryVoltageGet)
    RocBeeperBlink                           0x080059e9   Thumb Code    58  rocbeeper.o(i.RocBeeperBlink)
    RocBeeperInit                            0x08005a29   Thumb Code    40  rocbeeper.o(i.RocBeeperInit)
    RocBeeperTaskBackground                  0x08005ac1   Thumb Code    32  rocbeeper.o(i.RocBeeperTaskBackground)
    RocBeeperTimerStart                      0x08005bb5   Thumb Code    26  rocbeeper.o(i.RocBeeperTimerStart)
    RocBeeperTimerStop                       0x08005c05   Thumb Code    26  rocbeeper.o(i.RocBeeperTimerStop)
    RocBluetoothCtrlCmd_Get                  0x08005c69   Thumb Code     6  rocbluetooth.o(i.RocBluetoothCtrlCmd_Get)
    RocBluetoothData_Send                    0x08005c75   Thumb Code    54  rocbluetooth.o(i.RocBluetoothData_Send)
    RocBluetoothInit                         0x08005d15   Thumb Code    58  rocbluetooth.o(i.RocBluetoothInit)
    RocBluetoothReceiveCallback              0x08005dc9   Thumb Code    92  rocbluetooth.o(i.RocBluetoothReceiveCallback)
    RocBluetoothRecvIsFinshed                0x08005e3d   Thumb Code    54  rocbluetooth.o(i.RocBluetoothRecvIsFinshed)
    RocBluetoothUsart_Init                   0x08005ea9   Thumb Code    82  rocbluetooth.o(i.RocBluetoothUsart_Init)
    RocDoubleDatToStringDat                  0x080066b1   Thumb Code   432  rocfont.o(i.RocDoubleDatToStringDat)
    RocLedInit                               0x0800688d   Thumb Code    22  rocled.o(i.RocLedInit)
    RocLedToggle                             0x080068d1   Thumb Code    14  rocled.o(i.RocLedToggle)
    RocLedTurnOff                            0x080068e5   Thumb Code    14  rocled.o(i.RocLedTurnOff)
    RocLogE                                  0x08006db9   Thumb Code    88  roclog.o(i.RocLogE)
    RocLogI                                  0x08006e59   Thumb Code    88  roclog.o(i.RocLogI)
    RocLogN                                  0x08006ee5   Thumb Code    84  roclog.o(i.RocLogN)
    RocLogW                                  0x08006f81   Thumb Code    88  roclog.o(i.RocLogW)
    RocMotorInit                             0x0800701d   Thumb Code    90  rocmotor.o(i.RocMotorInit)
    RocMotorServoTurnAngleSet                0x08007155   Thumb Code    56  rocmotor.o(i.RocMotorServoTurnAngleSet)
    RocMpu6050EulerAngleGet                  0x08007199   Thumb Code    30  rocmpu6050.o(i.RocMpu6050EulerAngleGet)
    RocMpu6050Init                           0x080071b9   Thumb Code    96  rocmpu6050.o(i.RocMpu6050Init)
    RocMpu6050ReadByte                       0x080072c1   Thumb Code    54  rocmpu6050.o(i.RocMpu6050ReadByte)
    RocMpu6050ReadLen                        0x08007321   Thumb Code    56  rocmpu6050.o(i.RocMpu6050ReadLen)
    RocMpu6050SetAccelFsr                    0x080073f1   Thumb Code    16  rocmpu6050.o(i.RocMpu6050SetAccelFsr)
    RocMpu6050SetGyroFsr                     0x08007401   Thumb Code    16  rocmpu6050.o(i.RocMpu6050SetGyroFsr)
    RocMpu6050SetLpf                         0x08007411   Thumb Code    58  rocmpu6050.o(i.RocMpu6050SetLpf)
    RocMpu6050SetRate                        0x0800744b   Thumb Code    58  rocmpu6050.o(i.RocMpu6050SetRate)
    RocMpu6050WriteByte                      0x08007485   Thumb Code   102  rocmpu6050.o(i.RocMpu6050WriteByte)
    RocMpu6050WriteLen                       0x08007535   Thumb Code   112  rocmpu6050.o(i.RocMpu6050WriteLen)
    RocPca9685Init                           0x080075ed   Thumb Code   178  rocpca9685.o(i.RocPca9685Init)
    RocPca9685OutPwm                         0x0800773d   Thumb Code    92  rocpca9685.o(i.RocPca9685OutPwm)
    RocPca9685OutPwmAll                      0x0800779d   Thumb Code   130  rocpca9685.o(i.RocPca9685OutPwmAll)
    RocPca9685PwmOutDisable                  0x08007825   Thumb Code    34  rocpca9685.o(i.RocPca9685PwmOutDisable)
    RocPca9685PwmOutEnable                   0x0800784d   Thumb Code    34  rocpca9685.o(i.RocPca9685PwmOutEnable)
    RocRelayInit                             0x08007a01   Thumb Code    36  rocrelay.o(i.RocRelayInit)
    RocRelayTurnOff                          0x08007a69   Thumb Code    14  rocrelay.o(i.RocRelayTurnOff)
    RocRelayTurnOn                           0x08007a7d   Thumb Code    14  rocrelay.o(i.RocRelayTurnOn)
    RocRemoteControlInit                     0x08007a91   Thumb Code    28  rocremotecontrol.o(i.RocRemoteControlInit)
    RocRemoteDataTransmit                    0x08007ad1   Thumb Code    58  rocremotecontrol.o(i.RocRemoteDataTransmit)
    RocRemoteReceiveCallback                 0x08007b7d   Thumb Code    92  rocremotecontrol.o(i.RocRemoteReceiveCallback)
    RocRemoteTransUsartInit                  0x08007bf1   Thumb Code    82  rocremotecontrol.o(i.RocRemoteTransUsartInit)
    RocRobotAlgoCtrlInit                     0x08007db1   Thumb Code   120  rocrobotdhalgorithm.o(i.RocRobotAlgoCtrlInit)
    RocRobotClosedLoopWalkCalculate          0x08007ee9   Thumb Code  2628  rocrobotdhalgorithm.o(i.RocRobotClosedLoopWalkCalculate)
    RocRobotCtrlDeltaMoveCoorInput           0x080089fd   Thumb Code   130  rocrobotdhalgorithm.o(i.RocRobotCtrlDeltaMoveCoorInput)
    RocRobotCtrlInfoGet                      0x08008ab9   Thumb Code     4  rocrobotdhalgorithm.o(i.RocRobotCtrlInfoGet)
    RocRobotGaitSeqUpdate                    0x08009339   Thumb Code   336  rocrobotdhalgorithm.o(i.RocRobotGaitSeqUpdate)
    RocRobotInit                             0x080094b1   Thumb Code   380  rocrobotcontrol.o(i.RocRobotInit)
    RocRobotMain                             0x0800978d   Thumb Code    20  rocrobotcontrol.o(i.RocRobotMain)
    RocRobotMoveStatus_Get                   0x08009925   Thumb Code     8  rocrobotdhalgorithm.o(i.RocRobotMoveStatus_Get)
    RocRobotMoveStatus_Set                   0x08009931   Thumb Code     8  rocrobotdhalgorithm.o(i.RocRobotMoveStatus_Set)
    RocRobotOpenLoopCircleCalculate          0x0800993d   Thumb Code  2328  rocrobotdhalgorithm.o(i.RocRobotOpenLoopCircleCalculate)
    RocRobotOpenLoopWalkCalculate            0x0800a26d   Thumb Code  2020  rocrobotdhalgorithm.o(i.RocRobotOpenLoopWalkCalculate)
    RocRobotSingleLegCtrl                    0x0800b0bd   Thumb Code   170  rocrobotdhalgorithm.o(i.RocRobotSingleLegCtrl)
    RocRobotSingleLegSelect                  0x0800b179   Thumb Code     8  rocrobotdhalgorithm.o(i.RocRobotSingleLegSelect)
    RocServoControl                          0x0800b255   Thumb Code    78  rocservo.o(i.RocServoControl)
    RocServoInit                             0x0800b2ad   Thumb Code    68  rocservo.o(i.RocServoInit)
    RocServoOutputDisable                    0x0800b379   Thumb Code     8  rocservo.o(i.RocServoOutputDisable)
    RocServoOutputEnable                     0x0800b381   Thumb Code     8  rocservo.o(i.RocServoOutputEnable)
    RocServoSpeedSet                         0x0800b55d   Thumb Code   120  rocservo.o(i.RocServoSpeedSet)
    RocServoTimerStart                       0x0800b635   Thumb Code    28  rocservo.o(i.RocServoTimerStart)
    RocServoTimerStop                        0x0800b681   Thumb Code    28  rocservo.o(i.RocServoTimerStop)
    RocServoTurnIsFinshed                    0x0800b6cd   Thumb Code     6  rocservo.o(i.RocServoTurnIsFinshed)
    RocTftLcdAllClear                        0x0800b6d9   Thumb Code    82  roctftlcd.o(i.RocTftLcdAllClear)
    RocTftLcdDrawGbk16Num                    0x0800b8f1   Thumb Code   192  roctftlcd.o(i.RocTftLcdDrawGbk16Num)
    RocTftLcdDrawGbk16Str                    0x0800ba3d   Thumb Code   546  roctftlcd.o(i.RocTftLcdDrawGbk16Str)
    RocTftLcdDrawGbk24Str                    0x0800bc71   Thumb Code   636  roctftlcd.o(i.RocTftLcdDrawGbk24Str)
    RocTftLcdDrawLine                        0x0800befd   Thumb Code   186  roctftlcd.o(i.RocTftLcdDrawLine)
    RocTftLcdDrawPoint                       0x0800bfb7   Thumb Code    24  roctftlcd.o(i.RocTftLcdDrawPoint)
    RocTftLcdDrawTubeNum                     0x0800bfd1   Thumb Code   136  roctftlcd.o(i.RocTftLcdDrawTubeNum)
    RocTftLcdInit                            0x0800c165   Thumb Code    52  roctftlcd.o(i.RocTftLcdInit)
    RocTftLcdShowErrorMsg                    0x0800c7a5   Thumb Code    24  roctftlcd.o(i.RocTftLcdShowErrorMsg)
    SPI1_IRQHandler                          0x0800c9f9   Thumb Code    10  stm32f4xx_it.o(i.SPI1_IRQHandler)
    SPI2_IRQHandler                          0x0800ca09   Thumb Code    10  stm32f4xx_it.o(i.SPI2_IRQHandler)
    SVC_Handler                              0x0800cba7   Thumb Code     2  stm32f4xx_it.o(i.SVC_Handler)
    SysTick_Handler                          0x0800cba9   Thumb Code    12  stm32f4xx_it.o(i.SysTick_Handler)
    SystemClock_Config                       0x0800cbb5   Thumb Code   198  main.o(i.SystemClock_Config)
    SystemInit                               0x0800cc95   Thumb Code    82  system_stm32f4xx.o(i.SystemInit)
    TIM2_IRQHandler                          0x0800ccf9   Thumb Code    10  stm32f4xx_it.o(i.TIM2_IRQHandler)
    TIM6_DAC_IRQHandler                      0x0800cd09   Thumb Code    10  stm32f4xx_it.o(i.TIM6_DAC_IRQHandler)
    TIM7_IRQHandler                          0x0800cd19   Thumb Code    10  stm32f4xx_it.o(i.TIM7_IRQHandler)
    TIM_Base_SetConfig                       0x0800cd29   Thumb Code   184  stm32f4xx_hal_tim.o(i.TIM_Base_SetConfig)
    USART2_IRQHandler                        0x0800d435   Thumb Code    16  stm32f4xx_it.o(i.USART2_IRQHandler)
    USART3_IRQHandler                        0x0800d449   Thumb Code    16  stm32f4xx_it.o(i.USART3_IRQHandler)
    USBH_FreePipe                            0x0800d45d   Thumb Code    30  usbh_pipes.o(i.USBH_FreePipe)
    USBH_LL_Connect                          0x0800d497   Thumb Code    46  usbh_core.o(i.USBH_LL_Connect)
    USBH_LL_Disconnect                       0x0800d4c5   Thumb Code    74  usbh_core.o(i.USBH_LL_Disconnect)
    USBH_LL_IncTimer                         0x0800d52d   Thumb Code    22  usbh_core.o(i.USBH_LL_IncTimer)
    USBH_LL_Start                            0x0800d543   Thumb Code    60  usbh_conf.o(i.USBH_LL_Start)
    USBH_LL_Stop                             0x0800d57f   Thumb Code    60  usbh_conf.o(i.USBH_LL_Stop)
    USB_DisableGlobalInt                     0x0800d5bb   Thumb Code    14  stm32f4xx_ll_usb.o(i.USB_DisableGlobalInt)
    USB_DriveVbus                            0x0800d5c9   Thumb Code    68  stm32f4xx_ll_usb.o(i.USB_DriveVbus)
    USB_EnableGlobalInt                      0x0800d60d   Thumb Code    14  stm32f4xx_ll_usb.o(i.USB_EnableGlobalInt)
    USB_FlushRxFifo                          0x0800d61d   Thumb Code    38  stm32f4xx_ll_usb.o(i.USB_FlushRxFifo)
    USB_FlushTxFifo                          0x0800d649   Thumb Code    44  stm32f4xx_ll_usb.o(i.USB_FlushTxFifo)
    USB_GetMode                              0x0800d679   Thumb Code    10  stm32f4xx_ll_usb.o(i.USB_GetMode)
    USB_HC_Halt                              0x0800d683   Thumb Code   328  stm32f4xx_ll_usb.o(i.USB_HC_Halt)
    USB_HC_ReadInterrupt                     0x0800d7cb   Thumb Code    12  stm32f4xx_ll_usb.o(i.USB_HC_ReadInterrupt)
    USB_InitFSLSPClkSel                      0x0800d7d7   Thumb Code    62  stm32f4xx_ll_usb.o(i.USB_InitFSLSPClkSel)
    USB_ReadInterrupts                       0x0800d815   Thumb Code    12  stm32f4xx_ll_usb.o(i.USB_ReadInterrupts)
    USB_ReadPacket                           0x0800d821   Thumb Code    34  stm32f4xx_ll_usb.o(i.USB_ReadPacket)
    USB_StopHost                             0x0800d843   Thumb Code   174  stm32f4xx_ll_usb.o(i.USB_StopHost)
    UsageFault_Handler                       0x0800d8f1   Thumb Code     4  stm32f4xx_it.o(i.UsageFault_Handler)
    _Error_Handler                           0x0800d8f5   Thumb Code    24  main.o(i._Error_Handler)
    __0printf                                0x0800d93d   Thumb Code    22  printfa.o(i.__0printf)
    __1printf                                0x0800d93d   Thumb Code     0  printfa.o(i.__0printf)
    __2printf                                0x0800d93d   Thumb Code     0  printfa.o(i.__0printf)
    __c89printf                              0x0800d93d   Thumb Code     0  printfa.o(i.__0printf)
    printf                                   0x0800d93d   Thumb Code     0  printfa.o(i.__0printf)
    __0vsnprintf                             0x0800d95d   Thumb Code    40  printfa.o(i.__0vsnprintf)
    __1vsnprintf                             0x0800d95d   Thumb Code     0  printfa.o(i.__0vsnprintf)
    __2vsnprintf                             0x0800d95d   Thumb Code     0  printfa.o(i.__0vsnprintf)
    __c89vsnprintf                           0x0800d95d   Thumb Code     0  printfa.o(i.__0vsnprintf)
    vsnprintf                                0x0800d95d   Thumb Code     0  printfa.o(i.__0vsnprintf)
    __ARM_fpclassify                         0x0800d989   Thumb Code    48  fpclassify.o(i.__ARM_fpclassify)
    __hardfp_acos                            0x0800d9b9   Thumb Code   738  acos.o(i.__hardfp_acos)
    __hardfp_asin                            0x0800dd11   Thumb Code   770  asin.o(i.__hardfp_asin)
    __hardfp_atan                            0x0800e071   Thumb Code   622  atan.o(i.__hardfp_atan)
    __hardfp_atan2                           0x0800e349   Thumb Code   432  atan2.o(i.__hardfp_atan2)
    __hardfp_fabs                            0x0800e539   Thumb Code    20  fabs.o(i.__hardfp_fabs)
    __kernel_poly                            0x0800e54d   Thumb Code   248  poly.o(i.__kernel_poly)
    __mathlib_dbl_infnan                     0x0800e645   Thumb Code    20  dunder.o(i.__mathlib_dbl_infnan)
    __mathlib_dbl_infnan2                    0x0800e659   Thumb Code    20  dunder.o(i.__mathlib_dbl_infnan2)
    __mathlib_dbl_invalid                    0x0800e671   Thumb Code    24  dunder.o(i.__mathlib_dbl_invalid)
    __mathlib_dbl_underflow                  0x0800e691   Thumb Code    24  dunder.o(i.__mathlib_dbl_underflow)
    __scatterload_copy                       0x0800e6b1   Thumb Code    14  handlers.o(i.__scatterload_copy)
    __scatterload_null                       0x0800e6bf   Thumb Code     2  handlers.o(i.__scatterload_null)
    __scatterload_zeroinit                   0x0800e6c1   Thumb Code    14  handlers.o(i.__scatterload_zeroinit)
    __set_errno                              0x0800e6d1   Thumb Code     6  errno.o(i.__set_errno)
    atan                                     0x0800f065   Thumb Code    16  atan.o(i.atan)
    dmp_enable_6x_lp_quat                    0x0800f0d9   Thumb Code    60  inv_mpu_dmp_motion_driver.o(i.dmp_enable_6x_lp_quat)
    dmp_enable_feature                       0x0800f115   Thumb Code   530  inv_mpu_dmp_motion_driver.o(i.dmp_enable_feature)
    dmp_enable_gyro_cal                      0x0800f331   Thumb Code    62  inv_mpu_dmp_motion_driver.o(i.dmp_enable_gyro_cal)
    dmp_enable_lp_quat                       0x0800f389   Thumb Code    60  inv_mpu_dmp_motion_driver.o(i.dmp_enable_lp_quat)
    dmp_load_motion_driver_firmware          0x0800f3c5   Thumb Code    20  inv_mpu_dmp_motion_driver.o(i.dmp_load_motion_driver_firmware)
    dmp_read_fifo                            0x0800f3dd   Thumb Code   456  inv_mpu_dmp_motion_driver.o(i.dmp_read_fifo)
    dmp_set_accel_bias                       0x0800f5a9   Thumb Code   300  inv_mpu_dmp_motion_driver.o(i.dmp_set_accel_bias)
    dmp_set_fifo_rate                        0x0800f6d9   Thumb Code    96  inv_mpu_dmp_motion_driver.o(i.dmp_set_fifo_rate)
    dmp_set_gyro_bias                        0x0800f749   Thumb Code   294  inv_mpu_dmp_motion_driver.o(i.dmp_set_gyro_bias)
    dmp_set_orientation                      0x0800f879   Thumb Code   290  inv_mpu_dmp_motion_driver.o(i.dmp_set_orientation)
    dmp_set_shake_reject_thresh              0x0800f9b1   Thumb Code    56  inv_mpu_dmp_motion_driver.o(i.dmp_set_shake_reject_thresh)
    dmp_set_shake_reject_time                0x0800f9e9   Thumb Code    38  inv_mpu_dmp_motion_driver.o(i.dmp_set_shake_reject_time)
    dmp_set_shake_reject_timeout             0x0800fa0f   Thumb Code    38  inv_mpu_dmp_motion_driver.o(i.dmp_set_shake_reject_timeout)
    dmp_set_tap_axes                         0x0800fa35   Thumb Code    70  inv_mpu_dmp_motion_driver.o(i.dmp_set_tap_axes)
    dmp_set_tap_count                        0x0800fa7b   Thumb Code    38  inv_mpu_dmp_motion_driver.o(i.dmp_set_tap_count)
    dmp_set_tap_thresh                       0x0800faa1   Thumb Code   412  inv_mpu_dmp_motion_driver.o(i.dmp_set_tap_thresh)
    dmp_set_tap_time                         0x0800fc61   Thumb Code    38  inv_mpu_dmp_motion_driver.o(i.dmp_set_tap_time)
    dmp_set_tap_time_multi                   0x0800fc87   Thumb Code    38  inv_mpu_dmp_motion_driver.o(i.dmp_set_tap_time_multi)
    fabs                                     0x0800fcad   Thumb Code    24  fabs.o(i.fabs)
    fputc                                    0x0800fcc5   Thumb Code    22  roclog.o(i.fputc)
    free                                     0x0800fce1   Thumb Code    76  malloc.o(i.free)
    inv_orientation_matrix_to_scalar         0x0801038d   Thumb Code    40  inv_mpu.o(i.inv_orientation_matrix_to_scalar)
    inv_row_2_scale                          0x080103b5   Thumb Code    78  inv_mpu.o(i.inv_row_2_scale)
    main                                     0x08010403   Thumb Code    76  main.o(i.main)
    malloc                                   0x08010451   Thumb Code    92  malloc.o(i.malloc)
    mget_ms                                  0x080104bd   Thumb Code     2  inv_mpu.o(i.mget_ms)
    mpu_configure_fifo                       0x080104c1   Thumb Code   106  inv_mpu.o(i.mpu_configure_fifo)
    mpu_dmp_get_data                         0x08010531   Thumb Code   520  inv_mpu.o(i.mpu_dmp_get_data)
    mpu_dmp_init                             0x08010749   Thumb Code   146  inv_mpu.o(i.mpu_dmp_init)
    mpu_get_accel_fsr                        0x080107e1   Thumb Code    72  inv_mpu.o(i.mpu_get_accel_fsr)
    mpu_get_accel_sens                       0x0801082d   Thumb Code    78  inv_mpu.o(i.mpu_get_accel_sens)
    mpu_get_fifo_config                      0x08010881   Thumb Code    12  inv_mpu.o(i.mpu_get_fifo_config)
    mpu_get_gyro_fsr                         0x08010891   Thumb Code    64  inv_mpu.o(i.mpu_get_gyro_fsr)
    mpu_get_gyro_sens                        0x080108d5   Thumb Code    74  inv_mpu.o(i.mpu_get_gyro_sens)
    mpu_get_lpf                              0x08010935   Thumb Code    74  inv_mpu.o(i.mpu_get_lpf)
    mpu_get_sample_rate                      0x08010985   Thumb Code    26  inv_mpu.o(i.mpu_get_sample_rate)
    mpu_init                                 0x080109a5   Thumb Code   436  inv_mpu.o(i.mpu_init)
    mpu_load_firmware                        0x08010ba9   Thumb Code   180  inv_mpu.o(i.mpu_load_firmware)
    mpu_lp_accel_mode                        0x08010c61   Thumb Code   218  inv_mpu.o(i.mpu_lp_accel_mode)
    mpu_read_fifo_stream                     0x08010d41   Thumb Code   186  inv_mpu.o(i.mpu_read_fifo_stream)
    mpu_read_mem                             0x08010e01   Thumb Code   122  inv_mpu.o(i.mpu_read_mem)
    mpu_reset_fifo                           0x08010e81   Thumb Code   450  inv_mpu.o(i.mpu_reset_fifo)
    mpu_run_self_test                        0x08011049   Thumb Code   278  inv_mpu.o(i.mpu_run_self_test)
    mpu_set_accel_fsr                        0x08011165   Thumb Code   126  inv_mpu.o(i.mpu_set_accel_fsr)
    mpu_set_bypass                           0x080111e9   Thumb Code   328  inv_mpu.o(i.mpu_set_bypass)
    mpu_set_dmp_state                        0x08011335   Thumb Code   138  inv_mpu.o(i.mpu_set_dmp_state)
    mpu_set_gyro_fsr                         0x080113c5   Thumb Code   132  inv_mpu.o(i.mpu_set_gyro_fsr)
    mpu_set_int_latched                      0x0801144d   Thumb Code   102  inv_mpu.o(i.mpu_set_int_latched)
    mpu_set_lpf                              0x080114b9   Thumb Code   126  inv_mpu.o(i.mpu_set_lpf)
    mpu_set_sample_rate                      0x0801153d   Thumb Code   152  inv_mpu.o(i.mpu_set_sample_rate)
    mpu_set_sensors                          0x080115d9   Thumb Code   202  inv_mpu.o(i.mpu_set_sensors)
    mpu_write_mem                            0x080116a9   Thumb Code   122  inv_mpu.o(i.mpu_write_mem)
    run_self_test                            0x08011729   Thumb Code   154  inv_mpu.o(i.run_self_test)
    sqrt                                     0x08011855   Thumb Code   110  sqrt_full.o(i.sqrt)
    AHBPrescTable                            0x080118ca   Data          16  system_stm32f4xx.o(.constdata)
    APBPrescTable                            0x080118da   Data           8  system_stm32f4xx.o(.constdata)
    g_ImageQQ                                0x08011b66   Data        3200  roctftlcd.o(.constdata)
    g_Ascii16                                0x0801286c   Data        1521  rocfont.o(.constdata)
    g_Sz32                                   0x08012e5d   Data        1921  rocfont.o(.constdata)
    g_Hz16                                   0x080135de   Data        1768  rocfont.o(.constdata)
    g_Hz24                                   0x08013cc6   Data        1406  rocfont.o(.constdata)
    g_OledFont6x8                            0x08014244   Data         552  rocfont.o(.constdata)
    g_OledFont8x16                           0x0801446c   Data        1520  rocfont.o(.constdata)
    reg                                      0x0801566c   Data          27  inv_mpu.o(.constdata)
    hw                                       0x08015688   Data          12  inv_mpu.o(.constdata)
    test                                     0x08015694   Data          40  inv_mpu.o(.constdata)
    sinTable_f32                             0x080156bc   Data        2052  arm_common_tables.o(.constdata)
    __mathlib_zero                           0x08015ff8   Data           8  qnan.o(.constdata)
    Region$$Table$$Base                      0x08016288   Number         0  anon$$obj.o(Region$$Table)
    Region$$Table$$Limit                     0x080162a8   Number         0  anon$$obj.o(Region$$Table)
    uwTick                                   0x20000000   Data           4  stm32f4xx_hal.o(.data)
    uwTickPrio                               0x20000004   Data           4  stm32f4xx_hal.o(.data)
    uwTickFreq                               0x20000008   Data           1  stm32f4xx_hal.o(.data)
    SystemCoreClock                          0x2000000c   Data           4  system_stm32f4xx.o(.data)
    g_RobotCtrl                              0x20000010   Data          72  rocrobotcontrol.o(.data)
    __stdout                                 0x20000200   Data           4  roclog.o(.data)
    __microlib_freelist                      0x20000260   Data           4  mvars.o(.data)
    __microlib_freelist_initialised          0x20000264   Data           4  mvars.o(.data)
    hi2c1                                    0x200003e8   Data          84  i2c.o(.bss)
    hi2c2                                    0x2000043c   Data          84  i2c.o(.bss)
    hspi1                                    0x20000490   Data          88  spi.o(.bss)
    hspi2                                    0x200004e8   Data          88  spi.o(.bss)
    hdma_spi1_tx                             0x20000540   Data          96  spi.o(.bss)
    hdma_spi2_tx                             0x200005a0   Data          96  spi.o(.bss)
    htim2                                    0x20000600   Data          60  tim.o(.bss)
    htim6                                    0x2000063c   Data          60  tim.o(.bss)
    htim7                                    0x20000678   Data          60  tim.o(.bss)
    huart1                                   0x200006b4   Data          64  usart.o(.bss)
    huart2                                   0x200006f4   Data          64  usart.o(.bss)
    huart3                                   0x20000734   Data          64  usart.o(.bss)
    hdma_usart2_rx                           0x20000774   Data          96  usart.o(.bss)
    hdma_usart2_tx                           0x200007d4   Data          96  usart.o(.bss)
    hdma_usart3_rx                           0x20000834   Data          96  usart.o(.bss)
    hdma_usart3_tx                           0x20000894   Data          96  usart.o(.bss)
    hadc1                                    0x200008f4   Data          72  adc.o(.bss)
    hdma_adc1                                0x2000093c   Data          96  adc.o(.bss)
    hhcd_USB_OTG_FS                          0x2000099c   Data         664  usbh_conf.o(.bss)
    g_BtRxBuffer                             0x20000c34   Data         100  rocbluetooth.o(.bss)
    g_PwmExpetVal                            0x20000c98   Data          36  rocservo.o(.bss)
    __heap_base                              0x2000fd78   Data           0  startup_stm32f405xx.o(HEAP)
    __heap_limit                             0x20011d78   Data           0  startup_stm32f405xx.o(HEAP)
    __initial_sp                             0x20013d78   Data           0  startup_stm32f405xx.o(STACK)



==============================================================================

Memory Map of the image

  Image Entry point : 0x08000189

  Load Region LR_IROM1 (Base: 0x08000000, Size: 0x00016514, Max: 0x00100000, ABSOLUTE, COMPRESSED[0x00016378])

    Execution Region ER_IROM1 (Base: 0x08000000, Size: 0x000162a8, Max: 0x00100000, ABSOLUTE)

    Base Addr    Size         Type   Attr      Idx    E Section Name        Object

    0x08000000   0x00000188   Data   RO            3    RESET               startup_stm32f405xx.o
    0x08000188   0x00000000   Code   RO         7779  * .ARM.Collect$$$$00000000  mc_w.l(entry.o)
    0x08000188   0x00000004   Code   RO         8134    .ARM.Collect$$$$00000001  mc_w.l(entry2.o)
    0x0800018c   0x00000004   Code   RO         8137    .ARM.Collect$$$$00000004  mc_w.l(entry5.o)
    0x08000190   0x00000000   Code   RO         8139    .ARM.Collect$$$$00000008  mc_w.l(entry7b.o)
    0x08000190   0x00000000   Code   RO         8141    .ARM.Collect$$$$0000000A  mc_w.l(entry8b.o)
    0x08000190   0x00000008   Code   RO         8142    .ARM.Collect$$$$0000000B  mc_w.l(entry9a.o)
    0x08000198   0x00000000   Code   RO         8144    .ARM.Collect$$$$0000000D  mc_w.l(entry10a.o)
    0x08000198   0x00000000   Code   RO         8146    .ARM.Collect$$$$0000000F  mc_w.l(entry11a.o)
    0x08000198   0x00000004   Code   RO         8135    .ARM.Collect$$$$00002712  mc_w.l(entry2.o)
    0x0800019c   0x00000024   Code   RO            4    .text               startup_stm32f405xx.o
    0x080001c0   0x00000078   Code   RO         7560    .text               arm_cortexM4lf_math.lib(arm_cos_f32.o)
    0x08000238   0x00000084   Code   RO         7616    .text               arm_cortexM4lf_math.lib(arm_sin_f32.o)
    0x080002bc   0x00000062   Code   RO         7782    .text               mc_w.l(uldiv.o)
    0x0800031e   0x00000062   Code   RO         7784    .text               mc_w.l(ldiv.o)
    0x08000380   0x00000024   Code   RO         7786    .text               mc_w.l(memcpya.o)
    0x080003a4   0x00000024   Code   RO         7788    .text               mc_w.l(memseta.o)
    0x080003c8   0x0000001a   Code   RO         7790    .text               mc_w.l(memcmp.o)
    0x080003e2   0x0000014e   Code   RO         8083    .text               mf_w.l(dadd.o)
    0x08000530   0x000000e4   Code   RO         8085    .text               mf_w.l(dmul.o)
    0x08000614   0x000000de   Code   RO         8087    .text               mf_w.l(ddiv.o)
    0x080006f2   0x00000022   Code   RO         8089    .text               mf_w.l(dflti.o)
    0x08000714   0x0000001a   Code   RO         8091    .text               mf_w.l(dfltui.o)
    0x0800072e   0x00000032   Code   RO         8093    .text               mf_w.l(dfixui.o)
    0x08000760   0x00000026   Code   RO         8095    .text               mf_w.l(f2d.o)
    0x08000786   0x00000002   PAD
    0x08000788   0x00000030   Code   RO         8097    .text               mf_w.l(cdcmple.o)
    0x080007b8   0x00000030   Code   RO         8099    .text               mf_w.l(cdrcmple.o)
    0x080007e8   0x00000038   Code   RO         8101    .text               mf_w.l(d2f.o)
    0x08000820   0x0000002c   Code   RO         8148    .text               mc_w.l(uidiv.o)
    0x0800084c   0x0000001e   Code   RO         8150    .text               mc_w.l(llshl.o)
    0x0800086a   0x00000020   Code   RO         8152    .text               mc_w.l(llushr.o)
    0x0800088a   0x00000024   Code   RO         8154    .text               mc_w.l(llsshr.o)
    0x080008ae   0x00000000   Code   RO         8165    .text               mc_w.l(iusefp.o)
    0x080008ae   0x0000006e   Code   RO         8166    .text               mf_w.l(fepilogue.o)
    0x0800091c   0x000000ba   Code   RO         8168    .text               mf_w.l(depilogue.o)
    0x080009d6   0x00000030   Code   RO         8172    .text               mf_w.l(dfixul.o)
    0x08000a06   0x00000002   PAD
    0x08000a08   0x00000024   Code   RO         8174    .text               mc_w.l(init.o)
    0x08000a2c   0x000000a2   Code   RO         8176    .text               mf_w.l(dsqrt.o)
    0x08000ace   0x00000056   Code   RO         8186    .text               mc_w.l(__dczerorl2.o)
    0x08000b24   0x0000006e   Code   RO         3208    i.ADC_DMAConvCplt   stm32f4xx_hal_adc.o
    0x08000b92   0x0000001a   Code   RO         3209    i.ADC_DMAError      stm32f4xx_hal_adc.o
    0x08000bac   0x0000000e   Code   RO         3210    i.ADC_DMAHalfConvCplt  stm32f4xx_hal_adc.o
    0x08000bba   0x00000002   PAD
    0x08000bbc   0x00000010   Code   RO         4668    i.ADC_IRQHandler    stm32f4xx_it.o
    0x08000bcc   0x0000015c   Code   RO         3211    i.ADC_Init          stm32f4xx_hal_adc.o
    0x08000d28   0x00000004   Code   RO         4669    i.BusFault_Handler  stm32f4xx_it.o
    0x08000d2c   0x00000010   Code   RO         4670    i.DMA1_Stream1_IRQHandler  stm32f4xx_it.o
    0x08000d3c   0x00000010   Code   RO         4671    i.DMA1_Stream3_IRQHandler  stm32f4xx_it.o
    0x08000d4c   0x00000010   Code   RO         4672    i.DMA1_Stream4_IRQHandler  stm32f4xx_it.o
    0x08000d5c   0x00000010   Code   RO         4673    i.DMA1_Stream5_IRQHandler  stm32f4xx_it.o
    0x08000d6c   0x00000010   Code   RO         4674    i.DMA1_Stream6_IRQHandler  stm32f4xx_it.o
    0x08000d7c   0x00000010   Code   RO         4675    i.DMA2_Stream0_IRQHandler  stm32f4xx_it.o
    0x08000d8c   0x00000010   Code   RO         4676    i.DMA2_Stream3_IRQHandler  stm32f4xx_it.o
    0x08000d9c   0x00000034   Code   RO         2611    i.DMA_CalcBaseAndBitshift  stm32f4xx_hal_dma.o
    0x08000dd0   0x000000aa   Code   RO         2612    i.DMA_CheckFifoParam  stm32f4xx_hal_dma.o
    0x08000e7a   0x0000002c   Code   RO         2613    i.DMA_SetConfig     stm32f4xx_hal_dma.o
    0x08000ea6   0x00000002   Code   RO         4677    i.DebugMon_Handler  stm32f4xx_it.o
    0x08000ea8   0x00000002   Code   RO         3382    i.HAL_ADCEx_InjectedConvCpltCallback  stm32f4xx_hal_adc_ex.o
    0x08000eaa   0x00000002   PAD
    0x08000eac   0x0000018c   Code   RO         3213    i.HAL_ADC_ConfigChannel  stm32f4xx_hal_adc.o
    0x08001038   0x00000044   Code   RO         5789    i.HAL_ADC_ConvCpltCallback  rocbattery.o
    0x0800107c   0x00000002   Code   RO         3215    i.HAL_ADC_ConvHalfCpltCallback  stm32f4xx_hal_adc.o
    0x0800107e   0x00000002   Code   RO         3217    i.HAL_ADC_ErrorCallback  stm32f4xx_hal_adc.o
    0x08001080   0x00000174   Code   RO         3221    i.HAL_ADC_IRQHandler  stm32f4xx_hal_adc.o
    0x080011f4   0x00000068   Code   RO         3222    i.HAL_ADC_Init      stm32f4xx_hal_adc.o
    0x0800125c   0x00000002   Code   RO         3223    i.HAL_ADC_LevelOutOfWindowCallback  stm32f4xx_hal_adc.o
    0x0800125e   0x00000002   PAD
    0x08001260   0x000000b8   Code   RO         4866    i.HAL_ADC_MspInit   adc.o
    0x08001318   0x00000148   Code   RO         3229    i.HAL_ADC_Start_DMA  stm32f4xx_hal_adc.o
    0x08001460   0x000000aa   Code   RO         2614    i.HAL_DMA_Abort     stm32f4xx_hal_dma.o
    0x0800150a   0x00000028   Code   RO         2615    i.HAL_DMA_Abort_IT  stm32f4xx_hal_dma.o
    0x08001532   0x00000002   PAD
    0x08001534   0x00000240   Code   RO         2619    i.HAL_DMA_IRQHandler  stm32f4xx_hal_dma.o
    0x08001774   0x000000ec   Code   RO         2620    i.HAL_DMA_Init      stm32f4xx_hal_dma.o
    0x08001860   0x0000009e   Code   RO         2624    i.HAL_DMA_Start_IT  stm32f4xx_hal_dma.o
    0x080018fe   0x00000002   PAD
    0x08001900   0x00000040   Code   RO         3038    i.HAL_Delay         stm32f4xx_hal.o
    0x08001940   0x00000164   Code   RO         2504    i.HAL_GPIO_DeInit   stm32f4xx_hal_gpio.o
    0x08001aa4   0x00000200   Code   RO         2507    i.HAL_GPIO_Init     stm32f4xx_hal_gpio.o
    0x08001ca4   0x00000008   Code   RO         2510    i.HAL_GPIO_TogglePin  stm32f4xx_hal_gpio.o
    0x08001cac   0x0000000c   Code   RO         2511    i.HAL_GPIO_WritePin  stm32f4xx_hal_gpio.o
    0x08001cb8   0x0000000c   Code   RO         3045    i.HAL_GetTick       stm32f4xx_hal.o
    0x08001cc4   0x0000000e   Code   RO         4978    i.HAL_HCD_Connect_Callback  usbh_conf.o
    0x08001cd2   0x0000000e   Code   RO         4979    i.HAL_HCD_Disconnect_Callback  usbh_conf.o
    0x08001ce0   0x00000002   Code   RO         4980    i.HAL_HCD_HC_NotifyURBChange_Callback  usbh_conf.o
    0x08001ce2   0x00000166   Code   RO         3496    i.HAL_HCD_IRQHandler  stm32f4xx_hal_hcd.o
    0x08001e48   0x0000000e   Code   RO         4983    i.HAL_HCD_SOF_Callback  usbh_conf.o
    0x08001e56   0x00000036   Code   RO         3502    i.HAL_HCD_Start     stm32f4xx_hal_hcd.o
    0x08001e8c   0x0000002e   Code   RO         3503    i.HAL_HCD_Stop      stm32f4xx_hal_hcd.o
    0x08001eba   0x0000003c   Code   RO           15    i.HAL_I2C_DeInit    stm32f4xx_hal_i2c.o
    0x08001ef6   0x00000008   Code   RO           23    i.HAL_I2C_GetState  stm32f4xx_hal_i2c.o
    0x08001efe   0x00000002   PAD
    0x08001f00   0x00000128   Code   RO           24    i.HAL_I2C_Init      stm32f4xx_hal_i2c.o
    0x08002028   0x00000328   Code   RO           40    i.HAL_I2C_Mem_Read  stm32f4xx_hal_i2c.o
    0x08002350   0x00000188   Code   RO           43    i.HAL_I2C_Mem_Write  stm32f4xx_hal_i2c.o
    0x080024d8   0x00000054   Code   RO         4461    i.HAL_I2C_MspDeInit  i2c.o
    0x0800252c   0x00000118   Code   RO         4462    i.HAL_I2C_MspInit   i2c.o
    0x08002644   0x00000018   Code   RO         3049    i.HAL_IncTick       stm32f4xx_hal.o
    0x0800265c   0x0000003c   Code   RO         3050    i.HAL_Init          stm32f4xx_hal.o
    0x08002698   0x0000004c   Code   RO         3051    i.HAL_InitTick      stm32f4xx_hal.o
    0x080026e4   0x0000009c   Code   RO         4841    i.HAL_MspInit       stm32f4xx_hal_msp.o
    0x08002780   0x0000001a   Code   RO         2896    i.HAL_NVIC_EnableIRQ  stm32f4xx_hal_cortex.o
    0x0800279a   0x0000007c   Code   RO         2902    i.HAL_NVIC_SetPriority  stm32f4xx_hal_cortex.o
    0x08002816   0x00000002   PAD
    0x08002818   0x00000028   Code   RO         2903    i.HAL_NVIC_SetPriorityGrouping  stm32f4xx_hal_cortex.o
    0x08002840   0x00000180   Code   RO         2108    i.HAL_RCC_ClockConfig  stm32f4xx_hal_rcc.o
    0x080029c0   0x0000000c   Code   RO         2113    i.HAL_RCC_GetHCLKFreq  stm32f4xx_hal_rcc.o
    0x080029cc   0x00000020   Code   RO         2115    i.HAL_RCC_GetPCLK1Freq  stm32f4xx_hal_rcc.o
    0x080029ec   0x00000020   Code   RO         2116    i.HAL_RCC_GetPCLK2Freq  stm32f4xx_hal_rcc.o
    0x08002a0c   0x000000b0   Code   RO         2117    i.HAL_RCC_GetSysClockFreq  stm32f4xx_hal_rcc.o
    0x08002abc   0x00000448   Code   RO         2120    i.HAL_RCC_OscConfig  stm32f4xx_hal_rcc.o
    0x08002f04   0x0000003c   Code   RO         5995    i.HAL_SPI_ErrorCallback  roctftlcd.o
    0x08002f40   0x00000008   Code   RO          588    i.HAL_SPI_GetState  stm32f4xx_hal_spi.o
    0x08002f48   0x00000138   Code   RO          589    i.HAL_SPI_IRQHandler  stm32f4xx_hal_spi.o
    0x08003080   0x0000008c   Code   RO          590    i.HAL_SPI_Init      stm32f4xx_hal_spi.o
    0x0800310c   0x00000168   Code   RO         4510    i.HAL_SPI_MspInit   spi.o
    0x08003274   0x000001a6   Code   RO          598    i.HAL_SPI_Transmit  stm32f4xx_hal_spi.o
    0x0800341a   0x00000002   PAD
    0x0800341c   0x000000dc   Code   RO          602    i.HAL_SPI_Transmit_DMA  stm32f4xx_hal_spi.o
    0x080034f8   0x00000002   Code   RO         5996    i.HAL_SPI_TxCpltCallback  roctftlcd.o
    0x080034fa   0x00000002   Code   RO          605    i.HAL_SPI_TxHalfCpltCallback  stm32f4xx_hal_spi.o
    0x080034fc   0x00000028   Code   RO         2905    i.HAL_SYSTICK_CLKSourceConfig  stm32f4xx_hal_cortex.o
    0x08003524   0x00000002   Code   RO         2906    i.HAL_SYSTICK_Callback  stm32f4xx_hal_cortex.o
    0x08003526   0x00000034   Code   RO         2907    i.HAL_SYSTICK_Config  stm32f4xx_hal_cortex.o
    0x0800355a   0x00000008   Code   RO         2908    i.HAL_SYSTICK_IRQHandler  stm32f4xx_hal_cortex.o
    0x08003562   0x00000002   Code   RO         1537    i.HAL_TIMEx_BreakCallback  stm32f4xx_hal_tim_ex.o
    0x08003564   0x00000002   Code   RO         1538    i.HAL_TIMEx_CommutationCallback  stm32f4xx_hal_tim_ex.o
    0x08003566   0x00000062   Code   RO         1554    i.HAL_TIMEx_MasterConfigSynchronization  stm32f4xx_hal_tim_ex.o
    0x080035c8   0x00000034   Code   RO          898    i.HAL_TIM_Base_Init  stm32f4xx_hal_tim.o
    0x080035fc   0x00000088   Code   RO         4558    i.HAL_TIM_Base_MspInit  tim.o
    0x08003684   0x0000001e   Code   RO          903    i.HAL_TIM_Base_Start_IT  stm32f4xx_hal_tim.o
    0x080036a2   0x00000038   Code   RO          906    i.HAL_TIM_Base_Stop_IT  stm32f4xx_hal_tim.o
    0x080036da   0x00000002   Code   RO          927    i.HAL_TIM_IC_CaptureCallback  stm32f4xx_hal_tim.o
    0x080036dc   0x00000196   Code   RO          940    i.HAL_TIM_IRQHandler  stm32f4xx_hal_tim.o
    0x08003872   0x00000002   Code   RO          943    i.HAL_TIM_OC_DelayElapsedCallback  stm32f4xx_hal_tim.o
    0x08003874   0x00000002   Code   RO          970    i.HAL_TIM_PWM_PulseFinishedCallback  stm32f4xx_hal_tim.o
    0x08003876   0x00000002   PAD
    0x08003878   0x00000078   Code   RO         3972    i.HAL_TIM_PeriodElapsedCallback  rocrobotcontrol.o
    0x080038f0   0x00000002   Code   RO          981    i.HAL_TIM_TriggerCallback  stm32f4xx_hal_tim.o
    0x080038f2   0x00000066   Code   RO         1795    i.HAL_UART_DMAStop  stm32f4xx_hal_uart.o
    0x08003958   0x0000006c   Code   RO         5355    i.HAL_UART_ErrorCallback  rocbluetooth.o
    0x080039c4   0x00000014   Code   RO         1799    i.HAL_UART_GetState  stm32f4xx_hal_uart.o
    0x080039d8   0x0000014c   Code   RO         1800    i.HAL_UART_IRQHandler  stm32f4xx_hal_uart.o
    0x08003b24   0x00000072   Code   RO         1801    i.HAL_UART_Init     stm32f4xx_hal_uart.o
    0x08003b96   0x00000002   PAD
    0x08003b98   0x00000260   Code   RO         4612    i.HAL_UART_MspInit  usart.o
    0x08003df8   0x000000c4   Code   RO         1805    i.HAL_UART_Receive_DMA  stm32f4xx_hal_uart.o
    0x08003ebc   0x00000010   Code   RO         5356    i.HAL_UART_RxCpltCallback  rocbluetooth.o
    0x08003ecc   0x00000002   Code   RO         1808    i.HAL_UART_RxHalfCpltCallback  stm32f4xx_hal_uart.o
    0x08003ece   0x000000d6   Code   RO         1809    i.HAL_UART_Transmit  stm32f4xx_hal_uart.o
    0x08003fa4   0x0000009c   Code   RO         1810    i.HAL_UART_Transmit_DMA  stm32f4xx_hal_uart.o
    0x08004040   0x00000010   Code   RO         5357    i.HAL_UART_TxCpltCallback  rocbluetooth.o
    0x08004050   0x00000002   Code   RO         1813    i.HAL_UART_TxHalfCpltCallback  stm32f4xx_hal_uart.o
    0x08004052   0x000004f2   Code   RO         3504    i.HCD_HC_IN_IRQHandler  stm32f4xx_hal_hcd.o
    0x08004544   0x000004d0   Code   RO         3505    i.HCD_HC_OUT_IRQHandler  stm32f4xx_hal_hcd.o
    0x08004a14   0x000000d2   Code   RO         3506    i.HCD_Port_IRQHandler  stm32f4xx_hal_hcd.o
    0x08004ae6   0x00000002   PAD
    0x08004ae8   0x00000108   Code   RO         3507    i.HCD_RXQLVL_IRQHandler  stm32f4xx_hal_hcd.o
    0x08004bf0   0x00000030   Code   RO         4678    i.HardFault_Handler  stm32f4xx_it.o
    0x08004c20   0x00000034   Code   RO           62    i.I2C_IsAcknowledgeFailed  stm32f4xx_hal_i2c.o
    0x08004c54   0x00000158   Code   RO           72    i.I2C_RequestMemoryRead  stm32f4xx_hal_i2c.o
    0x08004dac   0x000000e0   Code   RO           73    i.I2C_RequestMemoryWrite  stm32f4xx_hal_i2c.o
    0x08004e8c   0x00000056   Code   RO           81    i.I2C_WaitOnBTFFlagUntilTimeout  stm32f4xx_hal_i2c.o
    0x08004ee2   0x0000007c   Code   RO           82    i.I2C_WaitOnFlagUntilTimeout  stm32f4xx_hal_i2c.o
    0x08004f5e   0x000000ac   Code   RO           83    i.I2C_WaitOnMasterAddressFlagUntilTimeout  stm32f4xx_hal_i2c.o
    0x0800500a   0x0000006e   Code   RO           84    i.I2C_WaitOnRXNEFlagUntilTimeout  stm32f4xx_hal_i2c.o
    0x08005078   0x00000056   Code   RO           86    i.I2C_WaitOnTXEFlagUntilTimeout  stm32f4xx_hal_i2c.o
    0x080050ce   0x00000002   PAD
    0x080050d0   0x00000080   Code   RO         4867    i.MX_ADC1_Init      adc.o
    0x08005150   0x000000a8   Code   RO         4437    i.MX_DMA_Init       dma.o
    0x080051f8   0x00000224   Code   RO         4413    i.MX_GPIO_Init      gpio.o
    0x0800541c   0x00000050   Code   RO         4463    i.MX_I2C1_Init      i2c.o
    0x0800546c   0x00000050   Code   RO         4464    i.MX_I2C2_Init      i2c.o
    0x080054bc   0x00000034   Code   RO         4354    i.MX_NVIC_Init      main.o
    0x080054f0   0x00000058   Code   RO         4511    i.MX_SPI1_Init      spi.o
    0x08005548   0x00000058   Code   RO         4512    i.MX_SPI2_Init      spi.o
    0x080055a0   0x00000058   Code   RO         4559    i.MX_TIM2_Init      tim.o
    0x080055f8   0x00000058   Code   RO         4560    i.MX_TIM6_Init      tim.o
    0x08005650   0x00000058   Code   RO         4561    i.MX_TIM7_Init      tim.o
    0x080056a8   0x0000004c   Code   RO         4613    i.MX_USART1_UART_Init  usart.o
    0x080056f4   0x0000004c   Code   RO         4614    i.MX_USART2_UART_Init  usart.o
    0x08005740   0x0000004c   Code   RO         4615    i.MX_USART3_UART_Init  usart.o
    0x0800578c   0x00000004   Code   RO         4679    i.MemManage_Handler  stm32f4xx_it.o
    0x08005790   0x00000002   Code   RO         4680    i.NMI_Handler       stm32f4xx_it.o
    0x08005792   0x00000002   PAD
    0x08005794   0x00000010   Code   RO         2909    i.NVIC_GetPriorityGrouping  stm32f4xx_hal_cortex.o
    0x080057a4   0x00000028   Code   RO         2910    i.NVIC_SetPriority  stm32f4xx_hal_cortex.o
    0x080057cc   0x00000010   Code   RO         4681    i.OTG_FS_IRQHandler  stm32f4xx_it.o
    0x080057dc   0x00000002   Code   RO         4682    i.PendSV_Handler    stm32f4xx_it.o
    0x080057de   0x00000002   PAD
    0x080057e0   0x00000074   Code   RO         3973    i.RocBatteryCheckTaskEntry  rocrobotcontrol.o
    0x08005854   0x00000078   Code   RO         5790    i.RocBatteryInit    rocbattery.o
    0x080058cc   0x000000ac   Code   RO         5791    i.RocBatteryVoltageAdcSample  rocbattery.o
    0x08005978   0x00000064   Code   RO         5792    i.RocBatteryVoltageConvertStart  rocbattery.o
    0x080059dc   0x0000000c   Code   RO         5793    i.RocBatteryVoltageGet  rocbattery.o
    0x080059e8   0x00000040   Code   RO         5659    i.RocBeeperBlink    rocbeeper.o
    0x08005a28   0x00000070   Code   RO         5660    i.RocBeeperInit     rocbeeper.o
    0x08005a98   0x00000014   Code   RO         5661    i.RocBeeperOff      rocbeeper.o
    0x08005aac   0x00000014   Code   RO         5662    i.RocBeeperOn       rocbeeper.o
    0x08005ac0   0x00000024   Code   RO         5663    i.RocBeeperTaskBackground  rocbeeper.o
    0x08005ae4   0x000000d0   Code   RO         5664    i.RocBeeperTimerPeriodSet  rocbeeper.o
    0x08005bb4   0x00000050   Code   RO         5665    i.RocBeeperTimerStart  rocbeeper.o
    0x08005c04   0x00000050   Code   RO         5666    i.RocBeeperTimerStop  rocbeeper.o
    0x08005c54   0x00000014   Code   RO         5667    i.RocBeeperToggle   rocbeeper.o
    0x08005c68   0x0000000c   Code   RO         5358    i.RocBluetoothCtrlCmd_Get  rocbluetooth.o
    0x08005c74   0x000000a0   Code   RO         5360    i.RocBluetoothData_Send  rocbluetooth.o
    0x08005d14   0x000000b4   Code   RO         5361    i.RocBluetoothInit  rocbluetooth.o
    0x08005dc8   0x00000074   Code   RO         5362    i.RocBluetoothReceiveCallback  rocbluetooth.o
    0x08005e3c   0x0000006c   Code   RO         5363    i.RocBluetoothRecvIsFinshed  rocbluetooth.o
    0x08005ea8   0x00000094   Code   RO         5364    i.RocBluetoothUsart_Init  rocbluetooth.o
    0x08005f3c   0x000006c0   Code   RO         4217    i.RocBodyInverseKinematic  rocrobotdhalgorithm.o
    0x080065fc   0x000000b4   Code   RO         4218    i.RocBodyRotateRangeCheck  rocrobotdhalgorithm.o
    0x080066b0   0x000001dc   Code   RO         6407    i.RocDoubleDatToStringDat  rocfont.o
    0x0800688c   0x00000044   Code   RO         5616    i.RocLedInit        rocled.o
    0x080068d0   0x00000014   Code   RO         5617    i.RocLedToggle      rocled.o
    0x080068e4   0x00000014   Code   RO         5618    i.RocLedTurnOff     rocled.o
    0x080068f8   0x000004c0   Code   RO         4219    i.RocLegInverseKinematic  rocrobotdhalgorithm.o
    0x08006db8   0x000000a0   Code   RO         5438    i.RocLogE           roclog.o
    0x08006e58   0x0000008c   Code   RO         5439    i.RocLogI           roclog.o
    0x08006ee4   0x0000009c   Code   RO         5440    i.RocLogN           roclog.o
    0x08006f80   0x0000009c   Code   RO         5441    i.RocLogW           roclog.o
    0x0800701c   0x00000138   Code   RO         5730    i.RocMotorInit      rocmotor.o
    0x08007154   0x00000044   Code   RO         5735    i.RocMotorServoTurnAngleSet  rocmotor.o
    0x08007198   0x0000001e   Code   RO         5893    i.RocMpu6050EulerAngleGet  rocmpu6050.o
    0x080071b6   0x00000002   PAD
    0x080071b8   0x00000108   Code   RO         5897    i.RocMpu6050Init    rocmpu6050.o
    0x080072c0   0x00000060   Code   RO         5898    i.RocMpu6050ReadByte  rocmpu6050.o
    0x08007320   0x00000060   Code   RO         5899    i.RocMpu6050ReadLen  rocmpu6050.o
    0x08007380   0x00000070   Code   RO         5900    i.RocMpu6050RegInit  rocmpu6050.o
    0x080073f0   0x00000010   Code   RO         5901    i.RocMpu6050SetAccelFsr  rocmpu6050.o
    0x08007400   0x00000010   Code   RO         5902    i.RocMpu6050SetGyroFsr  rocmpu6050.o
    0x08007410   0x0000003a   Code   RO         5903    i.RocMpu6050SetLpf  rocmpu6050.o
    0x0800744a   0x0000003a   Code   RO         5904    i.RocMpu6050SetRate  rocmpu6050.o
    0x08007484   0x000000b0   Code   RO         5905    i.RocMpu6050WriteByte  rocmpu6050.o
    0x08007534   0x000000b8   Code   RO         5906    i.RocMpu6050WriteLen  rocmpu6050.o
    0x080075ec   0x00000150   Code   RO         5284    i.RocPca9685Init    rocpca9685.o
    0x0800773c   0x00000060   Code   RO         5285    i.RocPca9685OutPwm  rocpca9685.o
    0x0800779c   0x00000088   Code   RO         5286    i.RocPca9685OutPwmAll  rocpca9685.o
    0x08007824   0x00000028   Code   RO         5287    i.RocPca9685PwmOutDisable  rocpca9685.o
    0x0800784c   0x00000028   Code   RO         5288    i.RocPca9685PwmOutEnable  rocpca9685.o
    0x08007874   0x0000005c   Code   RO         5289    i.RocPca9685ReadReg  rocpca9685.o
    0x080078d0   0x000000d4   Code   RO         5291    i.RocPca9685SetPwmFreq  rocpca9685.o
    0x080079a4   0x0000005c   Code   RO         5292    i.RocPca9685WriteReg  rocpca9685.o
    0x08007a00   0x00000068   Code   RO         6364    i.RocRelayInit      rocrelay.o
    0x08007a68   0x00000014   Code   RO         6366    i.RocRelayTurnOff   rocrelay.o
    0x08007a7c   0x00000014   Code   RO         6367    i.RocRelayTurnOn    rocrelay.o
    0x08007a90   0x00000040   Code   RO         5841    i.RocRemoteControlInit  rocremotecontrol.o
    0x08007ad0   0x000000ac   Code   RO         5842    i.RocRemoteDataTransmit  rocremotecontrol.o
    0x08007b7c   0x00000074   Code   RO         5843    i.RocRemoteReceiveCallback  rocremotecontrol.o
    0x08007bf0   0x0000009c   Code   RO         5845    i.RocRemoteTransUsartInit  rocremotecontrol.o
    0x08007c8c   0x00000124   Code   RO         3974    i.RocRemoteWaklInfoTransmit  rocrobotcontrol.o
    0x08007db0   0x000000a4   Code   RO         4220    i.RocRobotAlgoCtrlInit  rocrobotdhalgorithm.o
    0x08007e54   0x00000010   Code   RO         3975    i.RocRobotBatteryChargeBeeperAction  rocrobotcontrol.o
    0x08007e64   0x00000084   Code   RO         3976    i.RocRobotCarTransformRun  rocrobotcontrol.o
    0x08007ee8   0x00000a78   Code   RO         4221    i.RocRobotClosedLoopWalkCalculate  rocrobotdhalgorithm.o
    0x08008960   0x00000078   Code   RO         3977    i.RocRobotControlInit  rocrobotcontrol.o
    0x080089d8   0x00000024   Code   RO         3978    i.RocRobotCtrlCmdIsChanged  rocrobotcontrol.o
    0x080089fc   0x00000088   Code   RO         4222    i.RocRobotCtrlDeltaMoveCoorInput  rocrobotdhalgorithm.o
    0x08008a84   0x0000000c   Code   RO         3979    i.RocRobotCtrlFlagGet  rocrobotcontrol.o
    0x08008a90   0x00000028   Code   RO         3980    i.RocRobotCtrlFlagSet  rocrobotcontrol.o
    0x08008ab8   0x00000008   Code   RO         4223    i.RocRobotCtrlInfoGet  rocrobotdhalgorithm.o
    0x08008ac0   0x00000048   Code   RO         3981    i.RocRobotCtrlTaskEntry  rocrobotcontrol.o
    0x08008b08   0x00000054   Code   RO         4224    i.RocRobotCurLegPosUpdate  rocrobotdhalgorithm.o
    0x08008b5c   0x000007b4   Code   RO         4225    i.RocRobotGaitPosUpdate  rocrobotdhalgorithm.o
    0x08009310   0x00000028   Code   RO         4226    i.RocRobotGaitSelect  rocrobotdhalgorithm.o
    0x08009338   0x00000160   Code   RO         4227    i.RocRobotGaitSeqUpdate  rocrobotdhalgorithm.o
    0x08009498   0x00000018   Code   RO         3982    i.RocRobotImuEulerAngleGet  rocrobotcontrol.o
    0x080094b0   0x0000026c   Code   RO         3983    i.RocRobotInit      rocrobotcontrol.o
    0x0800971c   0x0000000c   Code   RO         3984    i.RocRobotInitEndBeeperAction  rocrobotcontrol.o
    0x08009728   0x00000064   Code   RO         3985    i.RocRobotLcdShowInfoEntry  rocrobotcontrol.o
    0x0800978c   0x00000014   Code   RO         3986    i.RocRobotMain      rocrobotcontrol.o
    0x080097a0   0x00000054   Code   RO         3987    i.RocRobotMotionTrackOnLcdDraw  rocrobotcontrol.o
    0x080097f4   0x00000070   Code   RO         3988    i.RocRobotMoveContextSwitch  rocrobotcontrol.o
    0x08009864   0x000000c0   Code   RO         3989    i.RocRobotMoveCtrlCore  rocrobotcontrol.o
    0x08009924   0x0000000c   Code   RO         4228    i.RocRobotMoveStatus_Get  rocrobotdhalgorithm.o
    0x08009930   0x0000000c   Code   RO         4229    i.RocRobotMoveStatus_Set  rocrobotdhalgorithm.o
    0x0800993c   0x00000930   Code   RO         4230    i.RocRobotOpenLoopCircleCalculate  rocrobotdhalgorithm.o
    0x0800a26c   0x00000808   Code   RO         4231    i.RocRobotOpenLoopWalkCalculate  rocrobotdhalgorithm.o
    0x0800aa74   0x000002ec   Code   RO         3990    i.RocRobotPowerOnGaitSeq_Run  rocrobotcontrol.o
    0x0800ad60   0x00000024   Code   RO         3991    i.RocRobotPowerOnTaskEntry  rocrobotcontrol.o
    0x0800ad84   0x00000310   Code   RO         3992    i.RocRobotRemoteControl  rocrobotcontrol.o
    0x0800b094   0x0000000c   Code   RO         3993    i.RocRobotRunModeGet  rocrobotcontrol.o
    0x0800b0a0   0x0000000c   Code   RO         3994    i.RocRobotRunModeSet  rocrobotcontrol.o
    0x0800b0ac   0x00000010   Code   RO         3995    i.RocRobotSensorMeasure  rocrobotcontrol.o
    0x0800b0bc   0x000000bc   Code   RO         4232    i.RocRobotSingleLegCtrl  rocrobotdhalgorithm.o
    0x0800b178   0x0000000c   Code   RO         4233    i.RocRobotSingleLegSelect  rocrobotdhalgorithm.o
    0x0800b184   0x00000048   Code   RO         3996    i.RocRobotStartRun  rocrobotcontrol.o
    0x0800b1cc   0x00000038   Code   RO         4234    i.RocRobotStepErrorCheck  rocrobotdhalgorithm.o
    0x0800b204   0x00000050   Code   RO         3997    i.RocRobotStopRun   rocrobotcontrol.o
    0x0800b254   0x00000058   Code   RO         5514    i.RocServoControl   rocservo.o
    0x0800b2ac   0x000000ac   Code   RO         5515    i.RocServoInit      rocservo.o
    0x0800b358   0x00000020   Code   RO         5516    i.RocServoInputUpdate  rocservo.o
    0x0800b378   0x00000008   Code   RO         5517    i.RocServoOutputDisable  rocservo.o
    0x0800b380   0x00000008   Code   RO         5518    i.RocServoOutputEnable  rocservo.o
    0x0800b388   0x0000003c   Code   RO         5519    i.RocServoPwmDatInit  rocservo.o
    0x0800b3c4   0x000000a0   Code   RO         5520    i.RocServoPwmIncreCalculate  rocservo.o
    0x0800b464   0x00000080   Code   RO         5521    i.RocServoPwmOutput  rocservo.o
    0x0800b4e4   0x00000024   Code   RO         5522    i.RocServoPwmRecod  rocservo.o
    0x0800b508   0x00000054   Code   RO         5523    i.RocServoPwmUpdate  rocservo.o
    0x0800b55c   0x000000d8   Code   RO         5524    i.RocServoSpeedSet  rocservo.o
    0x0800b634   0x0000004c   Code   RO         5525    i.RocServoTimerStart  rocservo.o
    0x0800b680   0x0000004c   Code   RO         5526    i.RocServoTimerStop  rocservo.o
    0x0800b6cc   0x0000000c   Code   RO         5527    i.RocServoTurnIsFinshed  rocservo.o
    0x0800b6d8   0x0000005c   Code   RO         5997    i.RocTftLcdAllClear  roctftlcd.o
    0x0800b734   0x00000022   Code   RO         5998    i.RocTftLcdBgr2Rgb  roctftlcd.o
    0x0800b756   0x00000002   PAD
    0x0800b758   0x00000094   Code   RO         5999    i.RocTftLcdColorTest  roctftlcd.o
    0x0800b7ec   0x00000082   Code   RO         6000    i.RocTftLcdDisplayButtonDown  roctftlcd.o
    0x0800b86e   0x00000082   Code   RO         6001    i.RocTftLcdDisplayButtonUp  roctftlcd.o
    0x0800b8f0   0x0000014c   Code   RO         6003    i.RocTftLcdDrawGbk16Num  roctftlcd.o
    0x0800ba3c   0x00000234   Code   RO         6004    i.RocTftLcdDrawGbk16Str  roctftlcd.o
    0x0800bc70   0x0000028c   Code   RO         6006    i.RocTftLcdDrawGbk24Str  roctftlcd.o
    0x0800befc   0x000000ba   Code   RO         6007    i.RocTftLcdDrawLine  roctftlcd.o
    0x0800bfb6   0x00000018   Code   RO         6008    i.RocTftLcdDrawPoint  roctftlcd.o
    0x0800bfce   0x00000002   PAD
    0x0800bfd0   0x0000008c   Code   RO         6011    i.RocTftLcdDrawTubeNum  roctftlcd.o
    0x0800c05c   0x00000108   Code   RO         6012    i.RocTftLcdFontTest  roctftlcd.o
    0x0800c164   0x00000070   Code   RO         6013    i.RocTftLcdInit     roctftlcd.o
    0x0800c1d4   0x000001f0   Code   RO         6014    i.RocTftLcdMainMenuTest  roctftlcd.o
    0x0800c3c4   0x00000090   Code   RO         6015    i.RocTftLcdNumTest  roctftlcd.o
    0x0800c454   0x0000020c   Code   RO         6016    i.RocTftLcdRegInit  roctftlcd.o
    0x0800c660   0x000000ac   Code   RO         6017    i.RocTftLcdRegionClear  roctftlcd.o
    0x0800c70c   0x0000002c   Code   RO         6018    i.RocTftLcdReset    roctftlcd.o
    0x0800c738   0x0000003a   Code   RO         6019    i.RocTftLcdSetRegion  roctftlcd.o
    0x0800c772   0x00000032   Code   RO         6020    i.RocTftLcdSetXY    roctftlcd.o
    0x0800c7a4   0x00000018   Code   RO         6021    i.RocTftLcdShowErrorMsg  roctftlcd.o
    0x0800c7bc   0x000000b8   Code   RO         6022    i.RocTftLcdShowImage  roctftlcd.o
    0x0800c874   0x0000002c   Code   RO         6023    i.RocTftLcdTestDemo  roctftlcd.o
    0x0800c8a0   0x00000014   Code   RO         6024    i.RocTftLcdWaitWriteDone  roctftlcd.o
    0x0800c8b4   0x0000003c   Code   RO         6025    i.RocTftLcdWrite16Dat  roctftlcd.o
    0x0800c8f0   0x0000002c   Code   RO         6026    i.RocTftLcdWriteDat  roctftlcd.o
    0x0800c91c   0x0000002c   Code   RO         6027    i.RocTftLcdWriteReg  roctftlcd.o
    0x0800c948   0x00000058   Code   RO         6028    i.RocTftSpiDmaWriteData  roctftlcd.o
    0x0800c9a0   0x00000058   Code   RO         6029    i.RocTftSpiWriteData  roctftlcd.o
    0x0800c9f8   0x00000010   Code   RO         4683    i.SPI1_IRQHandler   stm32f4xx_it.o
    0x0800ca08   0x00000010   Code   RO         4684    i.SPI2_IRQHandler   stm32f4xx_it.o
    0x0800ca18   0x00000028   Code   RO          614    i.SPI_CheckFlag_BSY  stm32f4xx_hal_spi.o
    0x0800ca40   0x00000014   Code   RO          618    i.SPI_DMAAbortOnError  stm32f4xx_hal_spi.o
    0x0800ca54   0x00000028   Code   RO          619    i.SPI_DMAError      stm32f4xx_hal_spi.o
    0x0800ca7c   0x0000000e   Code   RO          621    i.SPI_DMAHalfTransmitCplt  stm32f4xx_hal_spi.o
    0x0800ca8a   0x00000072   Code   RO          625    i.SPI_DMATransmitCplt  stm32f4xx_hal_spi.o
    0x0800cafc   0x000000aa   Code   RO          632    i.SPI_WaitFlagStateUntilTimeout  stm32f4xx_hal_spi.o
    0x0800cba6   0x00000002   Code   RO         4685    i.SVC_Handler       stm32f4xx_it.o
    0x0800cba8   0x0000000c   Code   RO         4686    i.SysTick_Handler   stm32f4xx_it.o
    0x0800cbb4   0x000000e0   Code   RO         4355    i.SystemClock_Config  main.o
    0x0800cc94   0x00000064   Code   RO         3936    i.SystemInit        system_stm32f4xx.o
    0x0800ccf8   0x00000010   Code   RO         4687    i.TIM2_IRQHandler   stm32f4xx_it.o
    0x0800cd08   0x00000010   Code   RO         4688    i.TIM6_DAC_IRQHandler  stm32f4xx_it.o
    0x0800cd18   0x00000010   Code   RO         4689    i.TIM7_IRQHandler   stm32f4xx_it.o
    0x0800cd28   0x000000e4   Code   RO          982    i.TIM_Base_SetConfig  stm32f4xx_hal_tim.o
    0x0800ce0c   0x00000014   Code   RO         1814    i.UART_DMAAbortOnError  stm32f4xx_hal_uart.o
    0x0800ce20   0x00000050   Code   RO         1815    i.UART_DMAError     stm32f4xx_hal_uart.o
    0x0800ce70   0x00000046   Code   RO         1816    i.UART_DMAReceiveCplt  stm32f4xx_hal_uart.o
    0x0800ceb6   0x0000000e   Code   RO         1818    i.UART_DMARxHalfCplt  stm32f4xx_hal_uart.o
    0x0800cec4   0x00000036   Code   RO         1820    i.UART_DMATransmitCplt  stm32f4xx_hal_uart.o
    0x0800cefa   0x0000000e   Code   RO         1822    i.UART_DMATxHalfCplt  stm32f4xx_hal_uart.o
    0x0800cf08   0x00000020   Code   RO         1824    i.UART_EndRxTransfer  stm32f4xx_hal_uart.o
    0x0800cf28   0x00000020   Code   RO         1825    i.UART_EndTransmit_IT  stm32f4xx_hal_uart.o
    0x0800cf48   0x00000014   Code   RO         1826    i.UART_EndTxTransfer  stm32f4xx_hal_uart.o
    0x0800cf5c   0x0000009a   Code   RO         1827    i.UART_Receive_IT   stm32f4xx_hal_uart.o
    0x0800cff6   0x00000002   PAD
    0x0800cff8   0x00000368   Code   RO         1828    i.UART_SetConfig    stm32f4xx_hal_uart.o
    0x0800d360   0x00000068   Code   RO         1829    i.UART_Transmit_IT  stm32f4xx_hal_uart.o
    0x0800d3c8   0x0000006c   Code   RO         1830    i.UART_WaitOnFlagUntilTimeout  stm32f4xx_hal_uart.o
    0x0800d434   0x00000014   Code   RO         4690    i.USART2_IRQHandler  stm32f4xx_it.o
    0x0800d448   0x00000014   Code   RO         4691    i.USART3_IRQHandler  stm32f4xx_it.o
    0x0800d45c   0x0000001e   Code   RO         6742    i.USBH_FreePipe     usbh_pipes.o
    0x0800d47a   0x0000001c   Code   RO         6443    i.USBH_HandleSof    usbh_core.o
    0x0800d496   0x0000002e   Code   RO         6445    i.USBH_LL_Connect   usbh_core.o
    0x0800d4c4   0x00000068   Code   RO         6446    i.USBH_LL_Disconnect  usbh_core.o
    0x0800d52c   0x00000016   Code   RO         6447    i.USBH_LL_IncTimer  usbh_core.o
    0x0800d542   0x0000003c   Code   RO         4996    i.USBH_LL_Start     usbh_conf.o
    0x0800d57e   0x0000003c   Code   RO         4997    i.USBH_LL_Stop      usbh_conf.o
    0x0800d5ba   0x0000000e   Code   RO         3658    i.USB_DisableGlobalInt  stm32f4xx_ll_usb.o
    0x0800d5c8   0x00000044   Code   RO         3660    i.USB_DriveVbus     stm32f4xx_ll_usb.o
    0x0800d60c   0x0000000e   Code   RO         3666    i.USB_EnableGlobalInt  stm32f4xx_ll_usb.o
    0x0800d61a   0x00000002   PAD
    0x0800d61c   0x0000002c   Code   RO         3667    i.USB_FlushRxFifo   stm32f4xx_ll_usb.o
    0x0800d648   0x00000030   Code   RO         3668    i.USB_FlushTxFifo   stm32f4xx_ll_usb.o
    0x0800d678   0x0000000a   Code   RO         3672    i.USB_GetMode       stm32f4xx_ll_usb.o
    0x0800d682   0x00000148   Code   RO         3673    i.USB_HC_Halt       stm32f4xx_ll_usb.o
    0x0800d7ca   0x0000000c   Code   RO         3675    i.USB_HC_ReadInterrupt  stm32f4xx_ll_usb.o
    0x0800d7d6   0x0000003e   Code   RO         3678    i.USB_InitFSLSPClkSel  stm32f4xx_ll_usb.o
    0x0800d814   0x0000000c   Code   RO         3683    i.USB_ReadInterrupts  stm32f4xx_ll_usb.o
    0x0800d820   0x00000022   Code   RO         3684    i.USB_ReadPacket    stm32f4xx_ll_usb.o
    0x0800d842   0x000000ae   Code   RO         3690    i.USB_StopHost      stm32f4xx_ll_usb.o
    0x0800d8f0   0x00000004   Code   RO         4692    i.UsageFault_Handler  stm32f4xx_it.o
    0x0800d8f4   0x00000048   Code   RO         4356    i._Error_Handler    main.o
    0x0800d93c   0x00000020   Code   RO         8027    i.__0printf         mc_w.l(printfa.o)
    0x0800d95c   0x0000002c   Code   RO         8032    i.__0vsnprintf      mc_w.l(printfa.o)
    0x0800d988   0x00000030   Code   RO         8117    i.__ARM_fpclassify  m_wm.l(fpclassify.o)
    0x0800d9b8   0x00000358   Code   RO         7719    i.__hardfp_acos     m_wm.l(acos.o)
    0x0800dd10   0x00000360   Code   RO         7733    i.__hardfp_asin     m_wm.l(asin.o)
    0x0800e070   0x000002d8   Code   RO         7747    i.__hardfp_atan     m_wm.l(atan.o)
    0x0800e348   0x000001f0   Code   RO         7761    i.__hardfp_atan2    m_wm.l(atan2.o)
    0x0800e538   0x00000014   Code   RO         7773    i.__hardfp_fabs     m_wm.l(fabs.o)
    0x0800e54c   0x000000f8   Code   RO         8119    i.__kernel_poly     m_wm.l(poly.o)
    0x0800e644   0x00000014   Code   RO         8104    i.__mathlib_dbl_infnan  m_wm.l(dunder.o)
    0x0800e658   0x00000014   Code   RO         8105    i.__mathlib_dbl_infnan2  m_wm.l(dunder.o)
    0x0800e66c   0x00000004   PAD
    0x0800e670   0x00000020   Code   RO         8106    i.__mathlib_dbl_invalid  m_wm.l(dunder.o)
    0x0800e690   0x00000020   Code   RO         8109    i.__mathlib_dbl_underflow  m_wm.l(dunder.o)
    0x0800e6b0   0x0000000e   Code   RO         8180    i.__scatterload_copy  mc_w.l(handlers.o)
    0x0800e6be   0x00000002   Code   RO         8181    i.__scatterload_null  mc_w.l(handlers.o)
    0x0800e6c0   0x0000000e   Code   RO         8182    i.__scatterload_zeroinit  mc_w.l(handlers.o)
    0x0800e6ce   0x00000002   PAD
    0x0800e6d0   0x0000000c   Code   RO         8160    i.__set_errno       mc_w.l(errno.o)
    0x0800e6dc   0x00000184   Code   RO         8034    i._fp_digits        mc_w.l(printfa.o)
    0x0800e860   0x000006dc   Code   RO         8035    i._printf_core      mc_w.l(printfa.o)
    0x0800ef3c   0x00000024   Code   RO         8036    i._printf_post_padding  mc_w.l(printfa.o)
    0x0800ef60   0x0000002e   Code   RO         8037    i._printf_pre_padding  mc_w.l(printfa.o)
    0x0800ef8e   0x00000016   Code   RO         8038    i._snputc           mc_w.l(printfa.o)
    0x0800efa4   0x000000c0   Code   RO         7223    i.accel_self_test   inv_mpu.o
    0x0800f064   0x00000010   Code   RO         7749    i.atan              m_wm.l(atan.o)
    0x0800f074   0x00000064   Code   RO         7029    i.decode_gesture    inv_mpu_dmp_motion_driver.o
    0x0800f0d8   0x0000003c   Code   RO         7030    i.dmp_enable_6x_lp_quat  inv_mpu_dmp_motion_driver.o
    0x0800f114   0x0000021c   Code   RO         7031    i.dmp_enable_feature  inv_mpu_dmp_motion_driver.o
    0x0800f330   0x00000058   Code   RO         7032    i.dmp_enable_gyro_cal  inv_mpu_dmp_motion_driver.o
    0x0800f388   0x0000003c   Code   RO         7033    i.dmp_enable_lp_quat  inv_mpu_dmp_motion_driver.o
    0x0800f3c4   0x00000018   Code   RO         7038    i.dmp_load_motion_driver_firmware  inv_mpu_dmp_motion_driver.o
    0x0800f3dc   0x000001cc   Code   RO         7039    i.dmp_read_fifo     inv_mpu_dmp_motion_driver.o
    0x0800f5a8   0x00000130   Code   RO         7042    i.dmp_set_accel_bias  inv_mpu_dmp_motion_driver.o
    0x0800f6d8   0x00000070   Code   RO         7043    i.dmp_set_fifo_rate  inv_mpu_dmp_motion_driver.o
    0x0800f748   0x00000130   Code   RO         7044    i.dmp_set_gyro_bias  inv_mpu_dmp_motion_driver.o
    0x0800f878   0x00000138   Code   RO         7046    i.dmp_set_orientation  inv_mpu_dmp_motion_driver.o
    0x0800f9b0   0x00000038   Code   RO         7049    i.dmp_set_shake_reject_thresh  inv_mpu_dmp_motion_driver.o
    0x0800f9e8   0x00000026   Code   RO         7050    i.dmp_set_shake_reject_time  inv_mpu_dmp_motion_driver.o
    0x0800fa0e   0x00000026   Code   RO         7051    i.dmp_set_shake_reject_timeout  inv_mpu_dmp_motion_driver.o
    0x0800fa34   0x00000046   Code   RO         7052    i.dmp_set_tap_axes  inv_mpu_dmp_motion_driver.o
    0x0800fa7a   0x00000026   Code   RO         7053    i.dmp_set_tap_count  inv_mpu_dmp_motion_driver.o
    0x0800faa0   0x000001c0   Code   RO         7054    i.dmp_set_tap_thresh  inv_mpu_dmp_motion_driver.o
    0x0800fc60   0x00000026   Code   RO         7055    i.dmp_set_tap_time  inv_mpu_dmp_motion_driver.o
    0x0800fc86   0x00000026   Code   RO         7056    i.dmp_set_tap_time_multi  inv_mpu_dmp_motion_driver.o
    0x0800fcac   0x00000018   Code   RO         7775    i.fabs              m_wm.l(fabs.o)
    0x0800fcc4   0x0000001c   Code   RO         5445    i.fputc             roclog.o
    0x0800fce0   0x00000050   Code   RO         8055    i.free              mc_w.l(malloc.o)
    0x0800fd30   0x000000d0   Code   RO         7224    i.get_accel_prod_shift  inv_mpu.o
    0x0800fe00   0x00000470   Code   RO         7225    i.get_st_biases     inv_mpu.o
    0x08010270   0x0000011c   Code   RO         7226    i.gyro_self_test    inv_mpu.o
    0x0801038c   0x00000028   Code   RO         7227    i.inv_orientation_matrix_to_scalar  inv_mpu.o
    0x080103b4   0x0000004e   Code   RO         7228    i.inv_row_2_scale   inv_mpu.o
    0x08010402   0x0000004c   Code   RO         4357    i.main              main.o
    0x0801044e   0x00000002   PAD
    0x08010450   0x0000006c   Code   RO         8056    i.malloc            mc_w.l(malloc.o)
    0x080104bc   0x00000002   Code   RO         7229    i.mget_ms           inv_mpu.o
    0x080104be   0x00000002   PAD
    0x080104c0   0x00000070   Code   RO         7230    i.mpu_configure_fifo  inv_mpu.o
    0x08010530   0x00000218   Code   RO         7231    i.mpu_dmp_get_data  inv_mpu.o
    0x08010748   0x00000098   Code   RO         7232    i.mpu_dmp_init      inv_mpu.o
    0x080107e0   0x0000004c   Code   RO         7233    i.mpu_get_accel_fsr  inv_mpu.o
    0x0801082c   0x00000054   Code   RO         7235    i.mpu_get_accel_sens  inv_mpu.o
    0x08010880   0x00000010   Code   RO         7240    i.mpu_get_fifo_config  inv_mpu.o
    0x08010890   0x00000044   Code   RO         7241    i.mpu_get_gyro_fsr  inv_mpu.o
    0x080108d4   0x00000060   Code   RO         7243    i.mpu_get_gyro_sens  inv_mpu.o
    0x08010934   0x00000050   Code   RO         7245    i.mpu_get_lpf       inv_mpu.o
    0x08010984   0x00000020   Code   RO         7247    i.mpu_get_sample_rate  inv_mpu.o
    0x080109a4   0x00000204   Code   RO         7249    i.mpu_init          inv_mpu.o
    0x08010ba8   0x000000b8   Code   RO         7250    i.mpu_load_firmware  inv_mpu.o
    0x08010c60   0x000000e0   Code   RO         7251    i.mpu_lp_accel_mode  inv_mpu.o
    0x08010d40   0x000000c0   Code   RO         7254    i.mpu_read_fifo_stream  inv_mpu.o
    0x08010e00   0x00000080   Code   RO         7255    i.mpu_read_mem      inv_mpu.o
    0x08010e80   0x000001c8   Code   RO         7258    i.mpu_reset_fifo    inv_mpu.o
    0x08011048   0x0000011c   Code   RO         7259    i.mpu_run_self_test  inv_mpu.o
    0x08011164   0x00000084   Code   RO         7261    i.mpu_set_accel_fsr  inv_mpu.o
    0x080111e8   0x0000014c   Code   RO         7262    i.mpu_set_bypass    inv_mpu.o
    0x08011334   0x00000090   Code   RO         7264    i.mpu_set_dmp_state  inv_mpu.o
    0x080113c4   0x00000088   Code   RO         7265    i.mpu_set_gyro_fsr  inv_mpu.o
    0x0801144c   0x0000006c   Code   RO         7266    i.mpu_set_int_latched  inv_mpu.o
    0x080114b8   0x00000084   Code   RO         7268    i.mpu_set_lpf       inv_mpu.o
    0x0801153c   0x0000009c   Code   RO         7269    i.mpu_set_sample_rate  inv_mpu.o
    0x080115d8   0x000000d0   Code   RO         7270    i.mpu_set_sensors   inv_mpu.o
    0x080116a8   0x00000080   Code   RO         7271    i.mpu_write_mem     inv_mpu.o
    0x08011728   0x0000009a   Code   RO         7272    i.run_self_test     inv_mpu.o
    0x080117c2   0x00000002   PAD
    0x080117c4   0x00000090   Code   RO         7273    i.set_int_enable    inv_mpu.o
    0x08011854   0x0000006e   Code   RO         8124    i.sqrt              m_wm.l(sqrt_full.o)
    0x080118c2   0x00000008   Data   RO         2626    .constdata          stm32f4xx_hal_dma.o
    0x080118ca   0x00000018   Data   RO         3937    .constdata          system_stm32f4xx.o
    0x080118e2   0x0000004a   Data   RO         3998    .constdata          rocrobotcontrol.o
    0x0801192c   0x00000015   Data   RO         4236    .constdata          rocrobotdhalgorithm.o
    0x08011941   0x0000000f   Data   RO         4358    .constdata          main.o
    0x08011950   0x00000012   Data   RO         4693    .constdata          stm32f4xx_it.o
    0x08011962   0x00000034   Data   RO         5293    .constdata          rocpca9685.o
    0x08011996   0x00000058   Data   RO         5366    .constdata          rocbluetooth.o
    0x080119ee   0x0000004a   Data   RO         5529    .constdata          rocservo.o
    0x08011a38   0x0000000b   Data   RO         5620    .constdata          rocled.o
    0x08011a43   0x00000026   Data   RO         5668    .constdata          rocbeeper.o
    0x08011a69   0x00000038   Data   RO         5737    .constdata          rocmotor.o
    0x08011aa1   0x00000028   Data   RO         5795    .constdata          rocbattery.o
    0x08011ac9   0x00000042   Data   RO         5847    .constdata          rocremotecontrol.o
    0x08011b0b   0x0000005b   Data   RO         5907    .constdata          rocmpu6050.o
    0x08011b66   0x00000cf9   Data   RO         6031    .constdata          roctftlcd.o
    0x0801285f   0x0000000d   Data   RO         6368    .constdata          rocrelay.o
    0x0801286c   0x00002208   Data   RO         6408    .constdata          rocfont.o
    0x08014a74   0x00000bf6   Data   RO         7058    .constdata          inv_mpu_dmp_motion_driver.o
    0x0801566a   0x00000002   PAD
    0x0801566c   0x00000050   Data   RO         7275    .constdata          inv_mpu.o
    0x080156bc   0x00000804   Data   RO         7696    .constdata          arm_cortexM4lf_math.lib(arm_common_tables.o)
    0x08015ec0   0x00000050   Data   RO         7722    .constdata          m_wm.l(acos.o)
    0x08015f10   0x00000050   Data   RO         7736    .constdata          m_wm.l(asin.o)
    0x08015f60   0x00000098   Data   RO         7750    .constdata          m_wm.l(atan.o)
    0x08015ff8   0x00000008   Data   RO         8121    .constdata          m_wm.l(qnan.o)
    0x08016000   0x00000041   Data   RO         3999    .conststring        rocrobotcontrol.o
    0x08016041   0x00000003   PAD
    0x08016044   0x00000081   Data   RO         4237    .conststring        rocrobotdhalgorithm.o
    0x080160c5   0x00000003   PAD
    0x080160c8   0x00000043   Data   RO         5294    .conststring        rocpca9685.o
    0x0801610b   0x00000001   PAD
    0x0801610c   0x0000009e   Data   RO         5530    .conststring        rocservo.o
    0x080161aa   0x00000002   PAD
    0x080161ac   0x00000089   Data   RO         5738    .conststring        rocmotor.o
    0x08016235   0x00000003   PAD
    0x08016238   0x0000004d   Data   RO         7276    .conststring        inv_mpu.o
    0x08016285   0x00000003   PAD
    0x08016288   0x00000020   Data   RO         8178    Region$$Table       anon$$obj.o


    Execution Region RW_IRAM1 (Base: 0x20000000, Size: 0x00013d78, Max: 0x00020000, ABSOLUTE, COMPRESSED[0x000000d0])

    Base Addr    Size         Type   Attr      Idx    E Section Name        Object

    0x20000000   0x00000009   Data   RW         3057    .data               stm32f4xx_hal.o
    0x20000009   0x00000003   PAD
    0x2000000c   0x00000004   Data   RW         3938    .data               system_stm32f4xx.o
    0x20000010   0x0000004d   Data   RW         4000    .data               rocrobotcontrol.o
    0x2000005d   0x00000003   PAD
    0x20000060   0x00000139   Data   RW         4238    .data               rocrobotdhalgorithm.o
    0x20000199   0x00000066   Data   RW         5367    .data               rocbluetooth.o
    0x200001ff   0x00000001   PAD
    0x20000200   0x00000004   Data   RW         5446    .data               roclog.o
    0x20000204   0x00000005   Data   RW         5531    .data               rocservo.o
    0x20000209   0x00000001   PAD
    0x2000020a   0x00000006   Data   RW         5669    .data               rocbeeper.o
    0x20000210   0x0000000a   Data   RW         5796    .data               rocbattery.o
    0x2000021a   0x00000002   Data   RW         5848    .data               rocremotecontrol.o
    0x2000021c   0x0000000a   Data   RW         6032    .data               roctftlcd.o
    0x20000226   0x00000002   PAD
    0x20000228   0x00000035   Data   RW         7277    .data               inv_mpu.o
    0x2000025d   0x00000003   PAD
    0x20000260   0x00000004   Data   RW         8156    .data               mc_w.l(mvars.o)
    0x20000264   0x00000004   Data   RW         8157    .data               mc_w.l(mvars.o)
    0x20000268   0x00000004   Data   RW         8161    .data               mc_w.l(errno.o)
    0x2000026c   0x00000004   PAD
    0x20000270   0x00000178   Zero   RW         4235    .bss                rocrobotdhalgorithm.o
    0x200003e8   0x000000a8   Zero   RW         4465    .bss                i2c.o
    0x20000490   0x00000170   Zero   RW         4513    .bss                spi.o
    0x20000600   0x000000b4   Zero   RW         4562    .bss                tim.o
    0x200006b4   0x00000240   Zero   RW         4616    .bss                usart.o
    0x200008f4   0x000000a8   Zero   RW         4868    .bss                adc.o
    0x2000099c   0x00000298   Zero   RW         4999    .bss                usbh_conf.o
    0x20000c34   0x00000064   Zero   RW         5365    .bss                rocbluetooth.o
    0x20000c98   0x00000090   Zero   RW         5528    .bss                rocservo.o
    0x20000d28   0x00000028   Zero   RW         5794    .bss                rocbattery.o
    0x20000d50   0x00000016   Zero   RW         5846    .bss                rocremotecontrol.o
    0x20000d66   0x0000f000   Zero   RW         6030    .bss                roctftlcd.o
    0x2000fd66   0x00000002   PAD
    0x2000fd68   0x00000010   Zero   RW         7057    .bss                inv_mpu_dmp_motion_driver.o
    0x2000fd78   0x00002000   Zero   RW            2    HEAP                startup_stm32f405xx.o
    0x20011d78   0x00002000   Zero   RW            1    STACK               startup_stm32f405xx.o


==============================================================================

Image component sizes


      Code (inc. data)   RO Data    RW Data    ZI Data      Debug   Object Name

       312         66          0          0        168       2047   adc.o
       168          6          0          0          0        970   dma.o
       548         18          0          0          0       1323   gpio.o
       524         90          0          0        168       3258   i2c.o
      6950        320        157         53          0      36948   inv_mpu.o
      3128        138       3062          0         16      23802   inv_mpu_dmp_motion_driver.o
       424         74         15          0          0       3233   main.o
       472        214         40         10         40       4464   rocbattery.o
       640        316         38          6          0       6150   rocbeeper.o
       864        450         88        102        100       7512   rocbluetooth.o
       476         44       8712          0          0       3232   rocfont.o
       108         58         11          0          0       1848   rocled.o
       640        270          0          4          0       7098   roclog.o
       380        234        193          0          0       2258   rocmotor.o
      1106        396         91          0          0       9409   rocmpu6050.o
      1044        282        119          0          0       7173   rocpca9685.o
       144         80         13          0          0       1890   rocrelay.o
       508        248         66          2         22       4765   rocremotecontrol.o
      3880        656        139         77          0      30940   rocrobotcontrol.o
     13248        724        150        313        376      16210   rocrobotdhalgorithm.o
      1156        438        232          5        144      10444   rocservo.o
      4954        702       3321         10      61440      27001   roctftlcd.o
       536         96          0          0        368       2788   spi.o
        36          8        392          0      16384        888   startup_stm32f405xx.o
       236         38          0          9          0       5093   stm32f4xx_hal.o
      1704         56          0          0          0       9122   stm32f4xx_hal_adc.o
         2          0          0          0          0       1157   stm32f4xx_hal_adc_ex.o
       348         22          0          0          0      33389   stm32f4xx_hal_cortex.o
      1446         16          8          0          0       7706   stm32f4xx_hal_dma.o
       888         86          0          0          0       4183   stm32f4xx_hal_gpio.o
      3430          4          0          0          0       6796   stm32f4xx_hal_hcd.o
      2762         40          0          0          0     684394   stm32f4xx_hal_i2c.o
       156          6          0          0          0       1046   stm32f4xx_hal_msp.o
      1732         84          0          0          0       6044   stm32f4xx_hal_rcc.o
      1502         16          0          0          0      10670   stm32f4xx_hal_spi.o
       780         44          0          0          0       7066   stm32f4xx_hal_tim.o
       102          0          0          0          0       2634   stm32f4xx_hal_tim_ex.o
      2712         42          0          0          0      17636   stm32f4xx_hal_uart.o
       344        126         18          0          0      13911   stm32f4xx_it.o
       820         10          0          0          0       9523   stm32f4xx_ll_usb.o
       100         18         24          4          0       1383   system_stm32f4xx.o
       400         82          0          0        180       3160   tim.o
       836        140          0          0        576       3780   usart.o
         0          0          0          0          0       7792   usb_host.o
       164          0          0          0        664       4643   usbh_conf.o
       200         30          0          0          0       3418   usbh_core.o
        30          0          0          0          0       1192   usbh_pipes.o

    ----------------------------------------------------------------------
     62984       6788      16938        608      80648    1061389   Object Totals
         0          0         32          0          0          0   (incl. Generated)
        44          0         17         13          2          0   (incl. Padding)

    ----------------------------------------------------------------------

      Code (inc. data)   RO Data    RW Data    ZI Data      Debug   Library Member Name

         0          0       2052          0          0       4636   arm_common_tables.o
       120         12          0          0          0      17018   arm_cos_f32.o
       132         14          0          0          0        750   arm_sin_f32.o
       856        118         80          0          0        288   acos.o
       864         94         80          0          0        280   asin.o
       744        106        152          0          0        352   atan.o
       496         64          0          0          0        192   atan2.o
       104         16          0          0          0        496   dunder.o
        44          0          0          0          0        248   fabs.o
        48          0          0          0          0        124   fpclassify.o
       248          0          0          0          0        152   poly.o
         0          0          8          0          0          0   qnan.o
       110          0          0          0          0        148   sqrt_full.o
        86          0          0          0          0          0   __dczerorl2.o
         0          0          0          0          0          0   entry.o
         0          0          0          0          0          0   entry10a.o
         0          0          0          0          0          0   entry11a.o
         8          4          0          0          0          0   entry2.o
         4          0          0          0          0          0   entry5.o
         0          0          0          0          0          0   entry7b.o
         0          0          0          0          0          0   entry8b.o
         8          4          0          0          0          0   entry9a.o
        12          6          0          4          0         68   errno.o
        30          0          0          0          0          0   handlers.o
        36          8          0          0          0         68   init.o
         0          0          0          0          0          0   iusefp.o
        98          0          0          0          0         84   ldiv.o
        30          0          0          0          0         68   llshl.o
        36          0          0          0          0         68   llsshr.o
        32          0          0          0          0         68   llushr.o
       188         20          0          0          0        160   malloc.o
        26          0          0          0          0         80   memcmp.o
        36          0          0          0          0         68   memcpya.o
        36          0          0          0          0        108   memseta.o
         0          0          0          8          0          0   mvars.o
      2324         94          0          0          0        600   printfa.o
        44          0          0          0          0         80   uidiv.o
        98          0          0          0          0         92   uldiv.o
        48          0          0          0          0         68   cdcmple.o
        48          0          0          0          0         68   cdrcmple.o
        56          0          0          0          0         88   d2f.o
       334          0          0          0          0        148   dadd.o
       222          0          0          0          0        100   ddiv.o
       186          0          0          0          0        176   depilogue.o
        50          0          0          0          0         76   dfixui.o
        48          0          0          0          0         68   dfixul.o
        34          0          0          0          0         76   dflti.o
        26          0          0          0          0         76   dfltui.o
       228          0          0          0          0         96   dmul.o
       162          0          0          0          0        100   dsqrt.o
        38          0          0          0          0         68   f2d.o
       110          0          0          0          0        168   fepilogue.o

    ----------------------------------------------------------------------
      8498        560       2372         12          4      27672   Library Totals
        10          0          0          0          4          0   (incl. Padding)

    ----------------------------------------------------------------------

      Code (inc. data)   RO Data    RW Data    ZI Data      Debug   Library Name

       252         26       2052          0          0      22404   arm_cortexM4lf_math.lib
      3514        398        320          0          0       2280   m_wm.l
      3132        136          0         12          0       1612   mc_w.l
      1590          0          0          0          0       1376   mf_w.l

    ----------------------------------------------------------------------
      8498        560       2372         12          4      27672   Library Totals

    ----------------------------------------------------------------------

==============================================================================


      Code (inc. data)   RO Data    RW Data    ZI Data      Debug   

     71482       7348      19310        620      80652    1048533   Grand Totals
     71482       7348      19310        208      80652    1048533   ELF Image Totals (compressed)
     71482       7348      19310        208          0          0   ROM Totals

==============================================================================

    Total RO  Size (Code + RO Data)                90792 (  88.66kB)
    Total RW  Size (RW Data + ZI Data)             81272 (  79.37kB)
    Total ROM Size (Code + RO Data + RW Data)      91000 (  88.87kB)

==============================================================================

