<html>
<body>
<pre>
<h1>礦ision Build Log</h1>
<h2>Tool Versions:</h2>
IDE-Version: μVision V5.22.0.0
Copyright (C) 2016 ARM Ltd and ARM Germany GmbH. All rights reserved.
License Information: z Admin, z, LIC=1WS45-G7VHA-GMR99-4JNQS-WFZ8I-8RI52
 
Tool Versions:
Toolchain:       MDK-ARM Professional  Version: 5.22
Toolchain Path:  D:\Program Files (x86)\Keil_v5\ARM\ARMCC\Bin
C Compiler:      Armcc.exe V5.06 update 4 (build 422)
Assembler:       Armasm.exe V5.06 update 4 (build 422)
Linker/Locator:  ArmLink.exe V5.06 update 4 (build 422)
Library Manager: ArmAr.exe V5.06 update 4 (build 422)
Hex Converter:   FromElf.exe V5.06 update 4 (build 422)
CPU DLL:         SARMCM3.DLL V5.22
Dialog DLL:      DCM.DLL V1.13.9.0
Target DLL:      Segger\JL2CM3.dll V2.99.23.0
Dialog DLL:      TCM.DLL V1.21.0.0
 
<h2>Project:</h2>
E:\学科竞赛\2018年IDT传感器创新设计大赛\项目设计\软件设计\SweepRobot\Stm32F4\RobotProject\MDK-ARM\SweepRobot.uvprojx
Project File Date:  07/14/2019

<h2>Output:</h2>
*** Using Compiler 'V5.06 update 4 (build 422)', folder: 'D:\Program Files (x86)\Keil_v5\ARM\ARMCC\Bin'
Build target 'SweepRobot'
assembling startup_stm32f405xx.s...
compiling stm32f4xx_hal_i2c_ex.c...
compiling stm32f4xx_hal_i2c.c...
compiling stm32f4xx_hal_tim_ex.c...
compiling stm32f4xx_hal_spi.c...
compiling stm32f4xx_hal_rcc_ex.c...
compiling stm32f4xx_hal_rcc.c...
compiling stm32f4xx_hal_flash_ramfunc.c...
compiling stm32f4xx_hal_tim.c...
compiling stm32f4xx_hal_flash.c...
compiling stm32f4xx_hal_flash_ex.c...
compiling stm32f4xx_hal_uart.c...
compiling stm32f4xx_hal_pwr_ex.c...
compiling stm32f4xx_hal_gpio.c...
compiling stm32f4xx_hal_adc_ex.c...
compiling stm32f4xx_hal_hcd.c...
compiling stm32f4xx_hal_pwr.c...
compiling stm32f4xx_hal_adc.c...
compiling stm32f4xx_hal_dma.c...
compiling stm32f4xx_hal_dma_ex.c...
compiling stm32f4xx_hal.c...
compiling stm32f4xx_hal_cortex.c...
compiling stm32f4xx_ll_usb.c...
compiling system_stm32f4xx.c...
compiling RocRobotControl.c...
compiling tim.c...
compiling spi.c...
compiling usart.c...
compiling stm32f4xx_it.c...
compiling dma.c...
compiling stm32f4xx_hal_msp.c...
compiling i2c.c...
compiling gpio.c...
compiling main.c...
compiling RocRobotDhAlgorithm.c...
compiling adc.c...
compiling RocLog.c...
compiling RocBeeper.c...
compiling RocLed.c...
compiling mouse.c...
compiling RocBluetooth.c...
compiling RocPca9685.c...
compiling RocServo.c...
compiling usbh_conf.c...
compiling usb_host.c...
compiling menu.c...
compiling keyboard.c...
compiling RocRemoteControl.c...
compiling RocMotor.c...
compiling RocRelay.c...
compiling RocOled.c...
compiling usbh_ctlreq.c...
compiling RocFont.c...
compiling RocSimulatedI2c.c...
compiling RocBattery.c...
compiling usbh_core.c...
compiling RocMpu6050.c...
compiling RocTftLcd.c...
compiling usbh_ioreq.c...
compiling inv_mpu.c...
compiling usbh_hid_mouse.c...
compiling usbh_pipes.c...
compiling usbh_hid.c...
compiling inv_mpu_dmp_motion_driver.c...
compiling usbh_hid_keybd.c...
compiling usbh_hid_parser.c...
linking...
Program Size: Code=71482 RO-data=19310 RW-data=620 ZI-data=80652  
FromELF: creating hex file...
"SweepRobot\SweepRobot.axf" - 0 Error(s), 0 Warning(s).

<h2>Software Packages used:</h2>

Package Vendor: ARM
                http://www.keil.com/pack/ARM.CMSIS.5.0.0.pack
                ARM::CMSIS:CORE:5.0.0
                CMSIS (Cortex Microcontroller Software Interface Standard)
   * Component: CORE Version: 5.0.0

<h2>Collection of Component include folders:</h2>
  E:\学科竞赛\2018年IDT传感器创新设计大赛\项目设计\软件设计\SweepRobot\Stm32F4\RobotProject\MDK-ARM\RTE\_SweepRobot
  D:\Program Files (x86)\Keil_v5\ARM\PACK\ARM\CMSIS\5.0.0\CMSIS\Include
  D:\Program Files (x86)\Keil_v5\ARM\PACK\Keil\STM32F4xx_DFP\2.11.0\Drivers\CMSIS\Device\ST\STM32F4xx\Include

<h2>Collection of Component Files used:</h2>

   * Component: ARM::CMSIS:CORE:5.0.0
Build Time Elapsed:  00:00:47
</pre>
</body>
</html>
