Component: ARM Compiler 5.06 update 4 (build 422) Tool: armlink [4d35d2]

==============================================================================

Section Cross References

    startup_stm32f405xx.o(RESET) refers to startup_stm32f405xx.o(STACK) for __initial_sp
    startup_stm32f405xx.o(RESET) refers to startup_stm32f405xx.o(.text) for Reset_Handler
    startup_stm32f405xx.o(RESET) refers to stm32f4xx_it.o(i.NMI_Handler) for NMI_Handler
    startup_stm32f405xx.o(RESET) refers to stm32f4xx_it.o(i.HardFault_Handler) for HardFault_Handler
    startup_stm32f405xx.o(RESET) refers to stm32f4xx_it.o(i.MemManage_Handler) for MemManage_Handler
    startup_stm32f405xx.o(RESET) refers to stm32f4xx_it.o(i.BusFault_Handler) for BusFault_Handler
    startup_stm32f405xx.o(RESET) refers to stm32f4xx_it.o(i.UsageFault_Handler) for UsageFault_Handler
    startup_stm32f405xx.o(RESET) refers to stm32f4xx_it.o(i.SVC_Handler) for SVC_Handler
    startup_stm32f405xx.o(RESET) refers to stm32f4xx_it.o(i.DebugMon_Handler) for DebugMon_Handler
    startup_stm32f405xx.o(RESET) refers to stm32f4xx_it.o(i.PendSV_Handler) for PendSV_Handler
    startup_stm32f405xx.o(RESET) refers to stm32f4xx_it.o(i.SysTick_Handler) for SysTick_Handler
    startup_stm32f405xx.o(RESET) refers to stm32f4xx_it.o(i.DMA1_Stream1_IRQHandler) for DMA1_Stream1_IRQHandler
    startup_stm32f405xx.o(RESET) refers to stm32f4xx_it.o(i.DMA1_Stream3_IRQHandler) for DMA1_Stream3_IRQHandler
    startup_stm32f405xx.o(RESET) refers to stm32f4xx_it.o(i.DMA1_Stream5_IRQHandler) for DMA1_Stream5_IRQHandler
    startup_stm32f405xx.o(RESET) refers to stm32f4xx_it.o(i.DMA1_Stream6_IRQHandler) for DMA1_Stream6_IRQHandler
    startup_stm32f405xx.o(RESET) refers to stm32f4xx_it.o(i.ADC_IRQHandler) for ADC_IRQHandler
    startup_stm32f405xx.o(RESET) refers to stm32f4xx_it.o(i.TIM2_IRQHandler) for TIM2_IRQHandler
    startup_stm32f405xx.o(RESET) refers to stm32f4xx_it.o(i.SPI1_IRQHandler) for SPI1_IRQHandler
    startup_stm32f405xx.o(RESET) refers to stm32f4xx_it.o(i.USART2_IRQHandler) for USART2_IRQHandler
    startup_stm32f405xx.o(RESET) refers to stm32f4xx_it.o(i.USART3_IRQHandler) for USART3_IRQHandler
    startup_stm32f405xx.o(RESET) refers to stm32f4xx_it.o(i.TIM6_DAC_IRQHandler) for TIM6_DAC_IRQHandler
    startup_stm32f405xx.o(RESET) refers to stm32f4xx_it.o(i.TIM7_IRQHandler) for TIM7_IRQHandler
    startup_stm32f405xx.o(RESET) refers to stm32f4xx_it.o(i.DMA2_Stream0_IRQHandler) for DMA2_Stream0_IRQHandler
    startup_stm32f405xx.o(RESET) refers to stm32f4xx_it.o(i.DMA2_Stream3_IRQHandler) for DMA2_Stream3_IRQHandler
    startup_stm32f405xx.o(RESET) refers to stm32f4xx_it.o(i.OTG_FS_IRQHandler) for OTG_FS_IRQHandler
    startup_stm32f405xx.o(.text) refers to system_stm32f4xx.o(i.SystemInit) for SystemInit
    startup_stm32f405xx.o(.text) refers to entry.o(.ARM.Collect$$$$00000000) for __main
    stm32f4xx_hal_i2c.o(i.HAL_I2C_DeInit) refers to i2c.o(i.HAL_I2C_MspDeInit) for HAL_I2C_MspDeInit
    stm32f4xx_hal_i2c.o(i.HAL_I2C_ER_IRQHandler) refers to stm32f4xx_hal_i2c.o(i.I2C_Slave_AF) for I2C_Slave_AF
    stm32f4xx_hal_i2c.o(i.HAL_I2C_ER_IRQHandler) refers to stm32f4xx_hal_i2c.o(i.I2C_ITError) for I2C_ITError
    stm32f4xx_hal_i2c.o(i.HAL_I2C_EV_IRQHandler) refers to stm32f4xx_hal_i2c.o(i.I2C_Master_SB) for I2C_Master_SB
    stm32f4xx_hal_i2c.o(i.HAL_I2C_EV_IRQHandler) refers to stm32f4xx_hal_i2c.o(i.I2C_Master_ADD10) for I2C_Master_ADD10
    stm32f4xx_hal_i2c.o(i.HAL_I2C_EV_IRQHandler) refers to stm32f4xx_hal_i2c.o(i.I2C_Master_ADDR) for I2C_Master_ADDR
    stm32f4xx_hal_i2c.o(i.HAL_I2C_EV_IRQHandler) refers to stm32f4xx_hal_i2c.o(i.I2C_MasterTransmit_TXE) for I2C_MasterTransmit_TXE
    stm32f4xx_hal_i2c.o(i.HAL_I2C_EV_IRQHandler) refers to stm32f4xx_hal_i2c.o(i.I2C_MasterTransmit_BTF) for I2C_MasterTransmit_BTF
    stm32f4xx_hal_i2c.o(i.HAL_I2C_EV_IRQHandler) refers to stm32f4xx_hal_i2c.o(i.I2C_MasterReceive_RXNE) for I2C_MasterReceive_RXNE
    stm32f4xx_hal_i2c.o(i.HAL_I2C_EV_IRQHandler) refers to stm32f4xx_hal_i2c.o(i.I2C_MasterReceive_BTF) for I2C_MasterReceive_BTF
    stm32f4xx_hal_i2c.o(i.HAL_I2C_EV_IRQHandler) refers to stm32f4xx_hal_i2c.o(i.I2C_Slave_ADDR) for I2C_Slave_ADDR
    stm32f4xx_hal_i2c.o(i.HAL_I2C_EV_IRQHandler) refers to stm32f4xx_hal_i2c.o(i.I2C_Slave_STOPF) for I2C_Slave_STOPF
    stm32f4xx_hal_i2c.o(i.HAL_I2C_EV_IRQHandler) refers to stm32f4xx_hal_i2c.o(i.I2C_SlaveTransmit_TXE) for I2C_SlaveTransmit_TXE
    stm32f4xx_hal_i2c.o(i.HAL_I2C_EV_IRQHandler) refers to stm32f4xx_hal_i2c.o(i.I2C_SlaveTransmit_BTF) for I2C_SlaveTransmit_BTF
    stm32f4xx_hal_i2c.o(i.HAL_I2C_EV_IRQHandler) refers to stm32f4xx_hal_i2c.o(i.I2C_SlaveReceive_RXNE) for I2C_SlaveReceive_RXNE
    stm32f4xx_hal_i2c.o(i.HAL_I2C_EV_IRQHandler) refers to stm32f4xx_hal_i2c.o(i.I2C_SlaveReceive_BTF) for I2C_SlaveReceive_BTF
    stm32f4xx_hal_i2c.o(i.HAL_I2C_Init) refers to i2c.o(i.HAL_I2C_MspInit) for HAL_I2C_MspInit
[...]
    RocBluetoothRecvIsFinshed                0x08006131   Thumb Code    54  rocbluetooth.o(i.RocBluetoothRecvIsFinshed)
    RocBluetoothUsart_Init                   0x0800619d   Thumb Code    82  rocbluetooth.o(i.RocBluetoothUsart_Init)
    RocDoubleDatToStringDat                  0x080066f1   Thumb Code   432  roctftlcd.o(i.RocDoubleDatToStringDat)
    RocLedInit                               0x080068cd   Thumb Code    22  rocled.o(i.RocLedInit)
    RocLedToggle                             0x08006911   Thumb Code    12  rocled.o(i.RocLedToggle)
    RocLedTurnOff                            0x08006921   Thumb Code    14  rocled.o(i.RocLedTurnOff)
    RocLogE                                  0x08006935   Thumb Code    88  roclog.o(i.RocLogE)
    RocLogI                                  0x080069d5   Thumb Code    88  roclog.o(i.RocLogI)
    RocLogN                                  0x08006a61   Thumb Code    84  roclog.o(i.RocLogN)
    RocLogW                                  0x08006afd   Thumb Code    88  roclog.o(i.RocLogW)
    RocMotorInit                             0x08006b99   Thumb Code    90  rocmotor.o(i.RocMotorInit)
    RocMotorServoTurnAngleSet                0x08006cd1   Thumb Code    56  rocmotor.o(i.RocMotorServoTurnAngleSet)
    RocMpu6050EulerAngleGet                  0x08006d15   Thumb Code    30  rocmpu6050.o(i.RocMpu6050EulerAngleGet)
    RocMpu6050Init                           0x08006d35   Thumb Code    96  rocmpu6050.o(i.RocMpu6050Init)
    RocMpu6050ReadByte                       0x08006e3d   Thumb Code    54  rocmpu6050.o(i.RocMpu6050ReadByte)
    RocMpu6050ReadLen                        0x08006e9d   Thumb Code    56  rocmpu6050.o(i.RocMpu6050ReadLen)
    RocMpu6050SetAccelFsr                    0x08006f6d   Thumb Code    16  rocmpu6050.o(i.RocMpu6050SetAccelFsr)
    RocMpu6050SetGyroFsr                     0x08006f7d   Thumb Code    16  rocmpu6050.o(i.RocMpu6050SetGyroFsr)
    RocMpu6050SetLpf                         0x08006f8d   Thumb Code    58  rocmpu6050.o(i.RocMpu6050SetLpf)
    RocMpu6050SetRate                        0x08006fc7   Thumb Code    58  rocmpu6050.o(i.RocMpu6050SetRate)
    RocMpu6050WriteByte                      0x08007001   Thumb Code   102  rocmpu6050.o(i.RocMpu6050WriteByte)
    RocMpu6050WriteLen                       0x080070b1   Thumb Code   112  rocmpu6050.o(i.RocMpu6050WriteLen)
    RocPca9685Init                           0x08007169   Thumb Code   178  rocpca9685.o(i.RocPca9685Init)
    RocPca9685OutPwm                         0x080072b9   Thumb Code    92  rocpca9685.o(i.RocPca9685OutPwm)
    RocPca9685OutPwmAll                      0x08007319   Thumb Code   130  rocpca9685.o(i.RocPca9685OutPwmAll)
    RocPca9685PwmOutDisable                  0x080073a1   Thumb Code    24  rocpca9685.o(i.RocPca9685PwmOutDisable)
    RocPca9685PwmOutEnable                   0x080073bd   Thumb Code    24  rocpca9685.o(i.RocPca9685PwmOutEnable)
    RocRemoteControlInit                     0x08007565   Thumb Code    28  rocremotecontrol.o(i.RocRemoteControlInit)
    RocRemoteDataTransmit                    0x080075a5   Thumb Code    58  rocremotecontrol.o(i.RocRemoteDataTransmit)
    RocRemoteReceiveCallback                 0x08007651   Thumb Code    92  rocremotecontrol.o(i.RocRemoteReceiveCallback)
    RocRemoteTransUsartInit                  0x080076c5   Thumb Code    82  rocremotecontrol.o(i.RocRemoteTransUsartInit)
    RocRobotAlgoCtrlInit                     0x08007885   Thumb Code   120  rocrobotdhalgorithm.o(i.RocRobotAlgoCtrlInit)
    RocRobotClosedLoopWalkCalculate          0x08007939   Thumb Code  2246  rocrobotdhalgorithm.o(i.RocRobotClosedLoopWalkCalculate)
    RocRobotCtrlDeltaMoveCoorInput           0x080082ad   Thumb Code   130  rocrobotdhalgorithm.o(i.RocRobotCtrlDeltaMoveCoorInput)
    RocRobotCtrlInfoGet                      0x08008369   Thumb Code     4  rocrobotdhalgorithm.o(i.RocRobotCtrlInfoGet)
    RocRobotGaitSeqUpdate                    0x08008be9   Thumb Code   336  rocrobotdhalgorithm.o(i.RocRobotGaitSeqUpdate)
    RocRobotInit                             0x08008d61   Thumb Code   330  rocrobotcontrol.o(i.RocRobotInit)
    RocRobotMain                             0x08008fd5   Thumb Code    20  rocrobotcontrol.o(i.RocRobotMain)
    RocRobotMoveStatus_Get                   0x0800916d   Thumb Code     8  rocrobotdhalgorithm.o(i.RocRobotMoveStatus_Get)
    RocRobotMoveStatus_Set                   0x08009179   Thumb Code     8  rocrobotdhalgorithm.o(i.RocRobotMoveStatus_Set)
    RocRobotOpenLoopCircleCalculate          0x08009185   Thumb Code  2324  rocrobotdhalgorithm.o(i.RocRobotOpenLoopCircleCalculate)
    RocRobotOpenLoopWalkCalculate            0x08009ab1   Thumb Code  2020  rocrobotdhalgorithm.o(i.RocRobotOpenLoopWalkCalculate)
    RocRobotSingleLegCtrl                    0x0800a7d9   Thumb Code   170  rocrobotdhalgorithm.o(i.RocRobotSingleLegCtrl)
    RocRobotSingleLegSelect                  0x0800a895   Thumb Code     8  rocrobotdhalgorithm.o(i.RocRobotSingleLegSelect)
    RocServoControl                          0x0800a971   Thumb Code    78  rocservo.o(i.RocServoControl)
    RocServoInit                             0x0800a9c9   Thumb Code    68  rocservo.o(i.RocServoInit)
    RocServoOutputDisable                    0x0800aa95   Thumb Code     8  rocservo.o(i.RocServoOutputDisable)
    RocServoOutputEnable                     0x0800aa9d   Thumb Code     8  rocservo.o(i.RocServoOutputEnable)
    RocServoSpeedSet                         0x0800ac71   Thumb Code   120  rocservo.o(i.RocServoSpeedSet)
    RocServoTimerStart                       0x0800ad49   Thumb Code    28  rocservo.o(i.RocServoTimerStart)
    RocServoTimerStop                        0x0800ad95   Thumb Code    28  rocservo.o(i.RocServoTimerStop)
    RocServoTurnIsFinshed                    0x0800ade1   Thumb Code     6  rocservo.o(i.RocServoTurnIsFinshed)
    RocTftLcdAllClear                        0x0800ae9d   Thumb Code    82  roctftlcd.o(i.RocTftLcdAllClear)
    RocTftLcdDrawGbk16Num                    0x0800b0b5   Thumb Code   192  roctftlcd.o(i.RocTftLcdDrawGbk16Num)
    RocTftLcdDrawGbk16Str                    0x0800b201   Thumb Code   492  roctftlcd.o(i.RocTftLcdDrawGbk16Str)
    RocTftLcdDrawGbk24Str                    0x0800b3fd   Thumb Code   578  roctftlcd.o(i.RocTftLcdDrawGbk24Str)
    RocTftLcdDrawLine                        0x0800b651   Thumb Code   186  roctftlcd.o(i.RocTftLcdDrawLine)
    RocTftLcdDrawPoint                       0x0800b70b   Thumb Code    24  roctftlcd.o(i.RocTftLcdDrawPoint)
    RocTftLcdDrawTubeNum                     0x0800b725   Thumb Code   136  roctftlcd.o(i.RocTftLcdDrawTubeNum)
    RocTftLcdInit                            0x0800b8b9   Thumb Code    52  roctftlcd.o(i.RocTftLcdInit)
    RocTftLcdShowErrorMsg                    0x0800bef5   Thumb Code    24  roctftlcd.o(i.RocTftLcdShowErrorMsg)
    SPI1_IRQHandler                          0x0800c099   Thumb Code    10  stm32f4xx_it.o(i.SPI1_IRQHandler)
    SVC_Handler                              0x0800c237   Thumb Code     2  stm32f4xx_it.o(i.SVC_Handler)
    SysTick_Handler                          0x0800c239   Thumb Code    12  stm32f4xx_it.o(i.SysTick_Handler)
    SystemClock_Config                       0x0800c245   Thumb Code   198  main.o(i.SystemClock_Config)
    SystemInit                               0x0800c325   Thumb Code    82  system_stm32f4xx.o(i.SystemInit)
    TIM2_IRQHandler                          0x0800c389   Thumb Code    10  stm32f4xx_it.o(i.TIM2_IRQHandler)
    TIM6_DAC_IRQHandler                      0x0800c399   Thumb Code    10  stm32f4xx_it.o(i.TIM6_DAC_IRQHandler)
    TIM7_IRQHandler                          0x0800c3a9   Thumb Code    10  stm32f4xx_it.o(i.TIM7_IRQHandler)
    TIM_Base_SetConfig                       0x0800c3b9   Thumb Code   184  stm32f4xx_hal_tim.o(i.TIM_Base_SetConfig)
    USART2_IRQHandler                        0x0800cac5   Thumb Code    16  stm32f4xx_it.o(i.USART2_IRQHandler)
    USART3_IRQHandler                        0x0800cad9   Thumb Code    16  stm32f4xx_it.o(i.USART3_IRQHandler)
    USBH_AllocPipe                           0x0800caed   Thumb Code    38  usbh_pipes.o(i.USBH_AllocPipe)
    USBH_ClosePipe                           0x0800cb13   Thumb Code    18  usbh_pipes.o(i.USBH_ClosePipe)
    USBH_ClrFeature                          0x0800cb25   Thumb Code    40  usbh_ctlreq.o(i.USBH_ClrFeature)
    USBH_CtlReceiveData                      0x0800cb4d   Thumb Code    42  usbh_ioreq.o(i.USBH_CtlReceiveData)
    USBH_CtlReq                              0x0800cb77   Thumb Code    84  usbh_ctlreq.o(i.USBH_CtlReq)
    USBH_CtlSendData                         0x0800cbcb   Thumb Code    52  usbh_ioreq.o(i.USBH_CtlSendData)
    USBH_CtlSendSetup                        0x0800cbff   Thumb Code    38  usbh_ioreq.o(i.USBH_CtlSendSetup)
    USBH_FindInterface                       0x0800cc25   Thumb Code    80  usbh_core.o(i.USBH_FindInterface)
    USBH_FreePipe                            0x0800cc75   Thumb Code    30  usbh_pipes.o(i.USBH_FreePipe)
    USBH_GetDescriptor                       0x0800cc93   Thumb Code    74  usbh_ctlreq.o(i.USBH_GetDescriptor)
    USBH_HID_EventCallback                   0x0800cd99   Thumb Code     2  usbh_hid.o(i.USBH_HID_EventCallback)
    USBH_HID_GetHIDDescriptor                0x0800cd9b   Thumb Code    30  usbh_hid.o(i.USBH_HID_GetHIDDescriptor)
    USBH_HID_GetHIDReportDescriptor          0x0800cdb9   Thumb Code    30  usbh_hid.o(i.USBH_HID_GetHIDReportDescriptor)
    USBH_HID_GetReport                       0x0800cdd7   Thumb Code    52  usbh_hid.o(i.USBH_HID_GetReport)
    USBH_HID_KeybdInit                       0x0800d109   Thumb Code    80  usbh_hid_keybd.o(i.USBH_HID_KeybdInit)
    USBH_HID_MouseInit                       0x0800d161   Thumb Code    66  usbh_hid_mouse.o(i.USBH_HID_MouseInit)
    USBH_HID_SetIdle                         0x0800d2c3   Thumb Code    40  usbh_hid.o(i.USBH_HID_SetIdle)
    USBH_HID_SetProtocol                     0x0800d2eb   Thumb Code    42  usbh_hid.o(i.USBH_HID_SetProtocol)
    USBH_Init                                0x0800d51d   Thumb Code    68  usbh_core.o(i.USBH_Init)
    USBH_InterruptReceiveData                0x0800d581   Thumb Code    42  usbh_ioreq.o(i.USBH_InterruptReceiveData)
    USBH_LL_ClosePipe                        0x0800d5ab   Thumb Code    68  usbh_conf.o(i.USBH_LL_ClosePipe)
    USBH_LL_Connect                          0x0800d5ef   Thumb Code    46  usbh_core.o(i.USBH_LL_Connect)
    USBH_LL_Disconnect                       0x0800d61d   Thumb Code    74  usbh_core.o(i.USBH_LL_Disconnect)
    USBH_LL_DriverVBUS                       0x0800d685   Thumb Code    26  usbh_conf.o(i.USBH_LL_DriverVBUS)
    USBH_LL_GetURBState                      0x0800d69f   Thumb Code    18  usbh_conf.o(i.USBH_LL_GetURBState)
    USBH_LL_IncTimer                         0x0800d6b1   Thumb Code    22  usbh_core.o(i.USBH_LL_IncTimer)
    USBH_LL_Init                             0x0800d6c9   Thumb Code    86  usbh_conf.o(i.USBH_LL_Init)
    USBH_LL_OpenPipe                         0x0800d739   Thumb Code   114  usbh_conf.o(i.USBH_LL_OpenPipe)
    USBH_LL_SetTimer                         0x0800d7ab   Thumb Code     6  usbh_core.o(i.USBH_LL_SetTimer)
    USBH_LL_SetToggle                        0x0800d7b1   Thumb Code    58  usbh_conf.o(i.USBH_LL_SetToggle)
    USBH_LL_Start                            0x0800d7eb   Thumb Code    60  usbh_conf.o(i.USBH_LL_Start)
    USBH_LL_Stop                             0x0800d827   Thumb Code    60  usbh_conf.o(i.USBH_LL_Stop)
    USBH_LL_SubmitURB                        0x0800d863   Thumb Code   118  usbh_conf.o(i.USBH_LL_SubmitURB)
    USBH_OpenPipe                            0x0800d8d9   Thumb Code    42  usbh_pipes.o(i.USBH_OpenPipe)
    USBH_RegisterClass                       0x0800d905   Thumb Code    82  usbh_core.o(i.USBH_RegisterClass)
    USBH_SelectInterface                     0x0800d999   Thumb Code   150  usbh_core.o(i.USBH_SelectInterface)
    USBH_Start                               0x0800daad   Thumb Code    22  usbh_core.o(i.USBH_Start)
    USB_CoreInit                             0x0800dafd   Thumb Code   108  stm32f4xx_ll_usb.o(i.USB_CoreInit)
    USB_DisableGlobalInt                     0x0800dbb9   Thumb Code    14  stm32f4xx_ll_usb.o(i.USB_DisableGlobalInt)
    USB_DoPing                               0x0800dbc9   Thumb Code    60  stm32f4xx_ll_usb.o(i.USB_DoPing)
    USB_DriveVbus                            0x0800dc09   Thumb Code    68  stm32f4xx_ll_usb.o(i.USB_DriveVbus)
    USB_EnableGlobalInt                      0x0800dc4d   Thumb Code    14  stm32f4xx_ll_usb.o(i.USB_EnableGlobalInt)
    USB_FlushRxFifo                          0x0800dc5d   Thumb Code    38  stm32f4xx_ll_usb.o(i.USB_FlushRxFifo)
    USB_FlushTxFifo                          0x0800dc89   Thumb Code    44  stm32f4xx_ll_usb.o(i.USB_FlushTxFifo)
    USB_GetCurrentFrame                      0x0800dcb9   Thumb Code    12  stm32f4xx_ll_usb.o(i.USB_GetCurrentFrame)
    USB_GetMode                              0x0800dcc5   Thumb Code    10  stm32f4xx_ll_usb.o(i.USB_GetMode)
    USB_HC_Halt                              0x0800dccf   Thumb Code   328  stm32f4xx_ll_usb.o(i.USB_HC_Halt)
    USB_HC_Init                              0x0800de17   Thumb Code   392  stm32f4xx_ll_usb.o(i.USB_HC_Init)
    USB_HC_ReadInterrupt                     0x0800df9f   Thumb Code    12  stm32f4xx_ll_usb.o(i.USB_HC_ReadInterrupt)
    USB_HC_StartXfer                         0x0800dfad   Thumb Code   386  stm32f4xx_ll_usb.o(i.USB_HC_StartXfer)
    USB_HostInit                             0x0800e135   Thumb Code   214  stm32f4xx_ll_usb.o(i.USB_HostInit)
    USB_InitFSLSPClkSel                      0x0800e221   Thumb Code    62  stm32f4xx_ll_usb.o(i.USB_InitFSLSPClkSel)
    USB_ReadInterrupts                       0x0800e25f   Thumb Code    12  stm32f4xx_ll_usb.o(i.USB_ReadInterrupts)
    USB_ReadPacket                           0x0800e26b   Thumb Code    34  stm32f4xx_ll_usb.o(i.USB_ReadPacket)
    USB_SetCurrentMode                       0x0800e28d   Thumb Code    48  stm32f4xx_ll_usb.o(i.USB_SetCurrentMode)
    USB_StopHost                             0x0800e2bd   Thumb Code   174  stm32f4xx_ll_usb.o(i.USB_StopHost)
    USB_WritePacket                          0x0800e36b   Thumb Code    48  stm32f4xx_ll_usb.o(i.USB_WritePacket)
    UsageFault_Handler                       0x0800e39b   Thumb Code     4  stm32f4xx_it.o(i.UsageFault_Handler)
    _Error_Handler                           0x0800e3a1   Thumb Code    24  main.o(i._Error_Handler)
    __0printf                                0x0800e3e9   Thumb Code    22  printfa.o(i.__0printf)
    __1printf                                0x0800e3e9   Thumb Code     0  printfa.o(i.__0printf)
    __2printf                                0x0800e3e9   Thumb Code     0  printfa.o(i.__0printf)
    __c89printf                              0x0800e3e9   Thumb Code     0  printfa.o(i.__0printf)
    printf                                   0x0800e3e9   Thumb Code     0  printfa.o(i.__0printf)
    __0vsnprintf                             0x0800e409   Thumb Code    40  printfa.o(i.__0vsnprintf)
    __1vsnprintf                             0x0800e409   Thumb Code     0  printfa.o(i.__0vsnprintf)
    __2vsnprintf                             0x0800e409   Thumb Code     0  printfa.o(i.__0vsnprintf)
    __c89vsnprintf                           0x0800e409   Thumb Code     0  printfa.o(i.__0vsnprintf)
    vsnprintf                                0x0800e409   Thumb Code     0  printfa.o(i.__0vsnprintf)
    __ARM_fpclassify                         0x0800e435   Thumb Code    48  fpclassify.o(i.__ARM_fpclassify)
    __hardfp_acos                            0x0800e469   Thumb Code   738  acos.o(i.__hardfp_acos)
    __hardfp_asin                            0x0800e7c1   Thumb Code   770  asin.o(i.__hardfp_asin)
    __hardfp_atan                            0x0800eb21   Thumb Code   622  atan.o(i.__hardfp_atan)
    __hardfp_atan2                           0x0800edf9   Thumb Code   432  atan2.o(i.__hardfp_atan2)
    __hardfp_fabs                            0x0800efe9   Thumb Code    20  fabs.o(i.__hardfp_fabs)
    __kernel_poly                            0x0800effd   Thumb Code   248  poly.o(i.__kernel_poly)
    __mathlib_dbl_infnan                     0x0800f0f5   Thumb Code    20  dunder.o(i.__mathlib_dbl_infnan)
    __mathlib_dbl_infnan2                    0x0800f109   Thumb Code    20  dunder.o(i.__mathlib_dbl_infnan2)
    __mathlib_dbl_invalid                    0x0800f121   Thumb Code    24  dunder.o(i.__mathlib_dbl_invalid)
    __mathlib_dbl_underflow                  0x0800f141   Thumb Code    24  dunder.o(i.__mathlib_dbl_underflow)
    __scatterload_copy                       0x0800f161   Thumb Code    14  handlers.o(i.__scatterload_copy)
    __scatterload_null                       0x0800f16f   Thumb Code     2  handlers.o(i.__scatterload_null)
    __scatterload_zeroinit                   0x0800f171   Thumb Code    14  handlers.o(i.__scatterload_zeroinit)
    __set_errno                              0x0800f181   Thumb Code     6  errno.o(i.__set_errno)
    atan                                     0x0800fb15   Thumb Code    16  atan.o(i.atan)
    dmp_enable_6x_lp_quat                    0x0800fb89   Thumb Code    60  inv_mpu_dmp_motion_driver.o(i.dmp_enable_6x_lp_quat)
    dmp_enable_feature                       0x0800fbc5   Thumb Code   530  inv_mpu_dmp_motion_driver.o(i.dmp_enable_feature)
    dmp_enable_gyro_cal                      0x0800fde1   Thumb Code    62  inv_mpu_dmp_motion_driver.o(i.dmp_enable_gyro_cal)
    dmp_enable_lp_quat                       0x0800fe39   Thumb Code    60  inv_mpu_dmp_motion_driver.o(i.dmp_enable_lp_quat)
    dmp_load_motion_driver_firmware          0x0800fe75   Thumb Code    20  inv_mpu_dmp_motion_driver.o(i.dmp_load_motion_driver_firmware)
    dmp_read_fifo                            0x0800fe8d   Thumb Code   456  inv_mpu_dmp_motion_driver.o(i.dmp_read_fifo)
    dmp_set_accel_bias                       0x08010059   Thumb Code   300  inv_mpu_dmp_motion_driver.o(i.dmp_set_accel_bias)
    dmp_set_fifo_rate                        0x08010189   Thumb Code    96  inv_mpu_dmp_motion_driver.o(i.dmp_set_fifo_rate)
    dmp_set_gyro_bias                        0x080101f9   Thumb Code   294  inv_mpu_dmp_motion_driver.o(i.dmp_set_gyro_bias)
    dmp_set_orientation                      0x08010329   Thumb Code   290  inv_mpu_dmp_motion_driver.o(i.dmp_set_orientation)
    dmp_set_shake_reject_thresh              0x08010461   Thumb Code    56  inv_mpu_dmp_motion_driver.o(i.dmp_set_shake_reject_thresh)
    dmp_set_shake_reject_time                0x08010499   Thumb Code    38  inv_mpu_dmp_motion_driver.o(i.dmp_set_shake_reject_time)
    dmp_set_shake_reject_timeout             0x080104bf   Thumb Code    38  inv_mpu_dmp_motion_driver.o(i.dmp_set_shake_reject_timeout)
    dmp_set_tap_axes                         0x080104e5   Thumb Code    70  inv_mpu_dmp_motion_driver.o(i.dmp_set_tap_axes)
    dmp_set_tap_count                        0x0801052b   Thumb Code    38  inv_mpu_dmp_motion_driver.o(i.dmp_set_tap_count)
    dmp_set_tap_thresh                       0x08010551   Thumb Code   412  inv_mpu_dmp_motion_driver.o(i.dmp_set_tap_thresh)
    dmp_set_tap_time                         0x08010711   Thumb Code    38  inv_mpu_dmp_motion_driver.o(i.dmp_set_tap_time)
    dmp_set_tap_time_multi                   0x08010737   Thumb Code    38  inv_mpu_dmp_motion_driver.o(i.dmp_set_tap_time_multi)
    fabs                                     0x0801075d   Thumb Code    24  fabs.o(i.fabs)
    fifo_init                                0x08010775   Thumb Code    14  usbh_hid.o(i.fifo_init)
    fifo_write                               0x08010783   Thumb Code    96  usbh_hid.o(i.fifo_write)
    fputc                                    0x080107e5   Thumb Code    22  roclog.o(i.fputc)
    free                                     0x08010801   Thumb Code    76  malloc.o(i.free)
    inv_orientation_matrix_to_scalar         0x08010ead   Thumb Code    40  inv_mpu.o(i.inv_orientation_matrix_to_scalar)
    inv_row_2_scale                          0x08010ed5   Thumb Code    78  inv_mpu.o(i.inv_row_2_scale)
    main                                     0x08010f23   Thumb Code    76  main.o(i.main)
    malloc                                   0x08010f71   Thumb Code    92  malloc.o(i.malloc)
    mget_ms                                  0x08010fdd   Thumb Code     2  inv_mpu.o(i.mget_ms)
    mpu_configure_fifo                       0x08010fe1   Thumb Code   106  inv_mpu.o(i.mpu_configure_fifo)
    mpu_dmp_get_data                         0x08011051   Thumb Code   520  inv_mpu.o(i.mpu_dmp_get_data)
    mpu_dmp_init                             0x08011269   Thumb Code   146  inv_mpu.o(i.mpu_dmp_init)
    mpu_get_accel_fsr                        0x08011301   Thumb Code    72  inv_mpu.o(i.mpu_get_accel_fsr)
    mpu_get_accel_sens                       0x0801134d   Thumb Code    78  inv_mpu.o(i.mpu_get_accel_sens)
    mpu_get_fifo_config                      0x080113a1   Thumb Code    12  inv_mpu.o(i.mpu_get_fifo_config)
    mpu_get_gyro_fsr                         0x080113b1   Thumb Code    64  inv_mpu.o(i.mpu_get_gyro_fsr)
    mpu_get_gyro_sens                        0x080113f5   Thumb Code    74  inv_mpu.o(i.mpu_get_gyro_sens)
    mpu_get_lpf                              0x08011455   Thumb Code    74  inv_mpu.o(i.mpu_get_lpf)
    mpu_get_sample_rate                      0x080114a5   Thumb Code    26  inv_mpu.o(i.mpu_get_sample_rate)
    mpu_init                                 0x080114c5   Thumb Code   416  inv_mpu.o(i.mpu_init)
    mpu_load_firmware                        0x080116b5   Thumb Code   180  inv_mpu.o(i.mpu_load_firmware)
    mpu_lp_accel_mode                        0x0801176d   Thumb Code   218  inv_mpu.o(i.mpu_lp_accel_mode)
    mpu_read_fifo_stream                     0x0801184d   Thumb Code   186  inv_mpu.o(i.mpu_read_fifo_stream)
    mpu_read_mem                             0x0801190d   Thumb Code   122  inv_mpu.o(i.mpu_read_mem)
    mpu_reset_fifo                           0x0801198d   Thumb Code   450  inv_mpu.o(i.mpu_reset_fifo)
    mpu_run_self_test                        0x08011b55   Thumb Code   278  inv_mpu.o(i.mpu_run_self_test)
    mpu_set_accel_fsr                        0x08011c71   Thumb Code   126  inv_mpu.o(i.mpu_set_accel_fsr)
    mpu_set_bypass                           0x08011cf5   Thumb Code   328  inv_mpu.o(i.mpu_set_bypass)
    mpu_set_dmp_state                        0x08011e41   Thumb Code   138  inv_mpu.o(i.mpu_set_dmp_state)
    mpu_set_gyro_fsr                         0x08011ed1   Thumb Code   132  inv_mpu.o(i.mpu_set_gyro_fsr)
    mpu_set_int_latched                      0x08011f59   Thumb Code   102  inv_mpu.o(i.mpu_set_int_latched)
    mpu_set_lpf                              0x08011fc5   Thumb Code   126  inv_mpu.o(i.mpu_set_lpf)
    mpu_set_sample_rate                      0x08012049   Thumb Code   152  inv_mpu.o(i.mpu_set_sample_rate)
    mpu_set_sensors                          0x080120e5   Thumb Code   202  inv_mpu.o(i.mpu_set_sensors)
    mpu_write_mem                            0x080121b5   Thumb Code   122  inv_mpu.o(i.mpu_write_mem)
    run_self_test                            0x08012235   Thumb Code   154  inv_mpu.o(i.run_self_test)
    sqrt                                     0x08012361   Thumb Code   110  sqrt_full.o(i.sqrt)
    AHBPrescTable                            0x080123d6   Data          16  system_stm32f4xx.o(.constdata)
    APBPrescTable                            0x080123e6   Data           8  system_stm32f4xx.o(.constdata)
    g_Ascii16                                0x08012672   Data        1521  roctftlcd.o(.constdata)
    g_Sz32                                   0x08012c63   Data        1921  roctftlcd.o(.constdata)
    g_Hz16                                   0x080133e4   Data        1768  roctftlcd.o(.constdata)
    g_Hz24                                   0x08013acc   Data        1406  roctftlcd.o(.constdata)
    g_ImageQQ                                0x0801404a   Data        3200  roctftlcd.o(.constdata)
    reg                                      0x0801594c   Data          27  inv_mpu.o(.constdata)
    hw                                       0x08015968   Data          12  inv_mpu.o(.constdata)
    test                                     0x08015974   Data          40  inv_mpu.o(.constdata)
    sinTable_f32                             0x0801599c   Data        2052  arm_common_tables.o(.constdata)
    __mathlib_zero                           0x080162d8   Data           8  qnan.o(.constdata)
    Region$$Table$$Base                      0x08016574   Number         0  anon$$obj.o(Region$$Table)
    Region$$Table$$Limit                     0x08016594   Number         0  anon$$obj.o(Region$$Table)
    uwTick                                   0x20000000   Data           4  stm32f4xx_hal.o(.data)
    uwTickPrio                               0x20000004   Data           4  stm32f4xx_hal.o(.data)
    uwTickFreq                               0x20000008   Data           1  stm32f4xx_hal.o(.data)
    SystemCoreClock                          0x2000000c   Data           4  system_stm32f4xx.o(.data)
    Appli_state                              0x20000195   Data           1  usb_host.o(.data)
    __stdout                                 0x200001fc   Data           4  roclog.o(.data)
    HID_Class                                0x20000224   Data          32  usbh_hid.o(.data)
    keybd_report_data                        0x20000244   Data           8  usbh_hid_keybd.o(.data)
    mouse_info                               0x2000024c   Data           5  usbh_hid_mouse.o(.data)
    mouse_report_data                        0x20000254   Data           4  usbh_hid_mouse.o(.data)
    __microlib_freelist                      0x20000290   Data           4  mvars.o(.data)
    __microlib_freelist_initialised          0x20000294   Data           4  mvars.o(.data)
    hi2c1                                    0x20000410   Data          84  i2c.o(.bss)
    hi2c2                                    0x20000464   Data          84  i2c.o(.bss)
    hspi1                                    0x200004b8   Data          88  spi.o(.bss)
    hdma_spi1_tx                             0x20000510   Data          96  spi.o(.bss)
    htim2                                    0x20000570   Data          60  tim.o(.bss)
    htim6                                    0x200005ac   Data          60  tim.o(.bss)
    htim7                                    0x200005e8   Data          60  tim.o(.bss)
    huart1                                   0x20000624   Data          64  usart.o(.bss)
    huart2                                   0x20000664   Data          64  usart.o(.bss)
    huart3                                   0x200006a4   Data          64  usart.o(.bss)
    hdma_usart2_rx                           0x200006e4   Data          96  usart.o(.bss)
    hdma_usart2_tx                           0x20000744   Data          96  usart.o(.bss)
    hdma_usart3_rx                           0x200007a4   Data          96  usart.o(.bss)
    hdma_usart3_tx                           0x20000804   Data          96  usart.o(.bss)
    hadc1                                    0x20000864   Data          72  adc.o(.bss)
    hdma_adc1                                0x200008ac   Data          96  adc.o(.bss)
    hUsbHostFS                               0x2000090c   Data         968  usb_host.o(.bss)
    hhcd_USB_OTG_FS                          0x20000cd4   Data         664  usbh_conf.o(.bss)
    g_PwmExpetVal                            0x20000fd0   Data          36  rocservo.o(.bss)
    keybd_info                               0x2000e09e   Data          15  usbh_hid_keybd.o(.bss)
    __heap_base                              0x2000e0c0   Data           0  startup_stm32f405xx.o(HEAP)
    __heap_limit                             0x200100c0   Data           0  startup_stm32f405xx.o(HEAP)
    __initial_sp                             0x200120c0   Data           0  startup_stm32f405xx.o(STACK)



==============================================================================

Memory Map of the image

  Image Entry point : 0x08000189

  Load Region LR_IROM1 (Base: 0x08000000, Size: 0x00016830, Max: 0x00100000, ABSOLUTE, COMPRESSED[0x00016680])

    Execution Region ER_IROM1 (Base: 0x08000000, Size: 0x00016594, Max: 0x00100000, ABSOLUTE)

    Base Addr    Size         Type   Attr      Idx    E Section Name        Object

    0x08000000   0x00000188   Data   RO            3    RESET               startup_stm32f405xx.o
    0x08000188   0x00000000   Code   RO         7584  * .ARM.Collect$$$$00000000  mc_w.l(entry.o)
    0x08000188   0x00000004   Code   RO         7937    .ARM.Collect$$$$00000001  mc_w.l(entry2.o)
    0x0800018c   0x00000004   Code   RO         7940    .ARM.Collect$$$$00000004  mc_w.l(entry5.o)
    0x08000190   0x00000000   Code   RO         7942    .ARM.Collect$$$$00000008  mc_w.l(entry7b.o)
    0x08000190   0x00000000   Code   RO         7944    .ARM.Collect$$$$0000000A  mc_w.l(entry8b.o)
    0x08000190   0x00000008   Code   RO         7945    .ARM.Collect$$$$0000000B  mc_w.l(entry9a.o)
    0x08000198   0x00000000   Code   RO         7947    .ARM.Collect$$$$0000000D  mc_w.l(entry10a.o)
    0x08000198   0x00000000   Code   RO         7949    .ARM.Collect$$$$0000000F  mc_w.l(entry11a.o)
    0x08000198   0x00000004   Code   RO         7938    .ARM.Collect$$$$00002712  mc_w.l(entry2.o)
    0x0800019c   0x00000024   Code   RO            4    .text               startup_stm32f405xx.o
    0x080001c0   0x00000078   Code   RO         7365    .text               arm_cortexM4lf_math.lib(arm_cos_f32.o)
    0x08000238   0x00000084   Code   RO         7421    .text               arm_cortexM4lf_math.lib(arm_sin_f32.o)
    0x080002bc   0x00000062   Code   RO         7587    .text               mc_w.l(uldiv.o)
    0x0800031e   0x00000062   Code   RO         7589    .text               mc_w.l(ldiv.o)
    0x08000380   0x00000024   Code   RO         7591    .text               mc_w.l(memcpya.o)
    0x080003a4   0x00000024   Code   RO         7593    .text               mc_w.l(memseta.o)
    0x080003c8   0x0000001a   Code   RO         7595    .text               mc_w.l(memcmp.o)
    0x080003e2   0x0000014e   Code   RO         7888    .text               mf_w.l(dadd.o)
    0x08000530   0x000000e4   Code   RO         7890    .text               mf_w.l(dmul.o)
    0x08000614   0x000000de   Code   RO         7892    .text               mf_w.l(ddiv.o)
    0x080006f2   0x0000001a   Code   RO         7894    .text               mf_w.l(dfltui.o)
    0x0800070c   0x00000032   Code   RO         7896    .text               mf_w.l(dfixui.o)
    0x0800073e   0x00000026   Code   RO         7898    .text               mf_w.l(f2d.o)
    0x08000764   0x00000030   Code   RO         7900    .text               mf_w.l(cdcmple.o)
    0x08000794   0x00000030   Code   RO         7902    .text               mf_w.l(cdrcmple.o)
    0x080007c4   0x00000038   Code   RO         7904    .text               mf_w.l(d2f.o)
    0x080007fc   0x0000002c   Code   RO         7951    .text               mc_w.l(uidiv.o)
    0x08000828   0x0000001e   Code   RO         7953    .text               mc_w.l(llshl.o)
    0x08000846   0x00000020   Code   RO         7955    .text               mc_w.l(llushr.o)
    0x08000866   0x00000024   Code   RO         7957    .text               mc_w.l(llsshr.o)
    0x0800088a   0x00000000   Code   RO         7968    .text               mc_w.l(iusefp.o)
    0x0800088a   0x0000006e   Code   RO         7969    .text               mf_w.l(fepilogue.o)
    0x080008f8   0x000000ba   Code   RO         7971    .text               mf_w.l(depilogue.o)
    0x080009b2   0x00000030   Code   RO         7975    .text               mf_w.l(dfixul.o)
    0x080009e2   0x00000002   PAD
    0x080009e4   0x00000024   Code   RO         7977    .text               mc_w.l(init.o)
    0x08000a08   0x000000a2   Code   RO         7979    .text               mf_w.l(dsqrt.o)
    0x08000aaa   0x00000056   Code   RO         7989    .text               mc_w.l(__dczerorl2.o)
    0x08000b00   0x0000006e   Code   RO         3208    i.ADC_DMAConvCplt   stm32f4xx_hal_adc.o
    0x08000b6e   0x0000001a   Code   RO         3209    i.ADC_DMAError      stm32f4xx_hal_adc.o
    0x08000b88   0x0000000e   Code   RO         3210    i.ADC_DMAHalfConvCplt  stm32f4xx_hal_adc.o
    0x08000b96   0x00000002   PAD
    0x08000b98   0x00000010   Code   RO         4640    i.ADC_IRQHandler    stm32f4xx_it.o
    0x08000ba8   0x0000015c   Code   RO         3211    i.ADC_Init          stm32f4xx_hal_adc.o
    0x08000d04   0x00000004   Code   RO         4641    i.BusFault_Handler  stm32f4xx_it.o
    0x08000d08   0x00000010   Code   RO         4642    i.DMA1_Stream1_IRQHandler  stm32f4xx_it.o
    0x08000d18   0x00000010   Code   RO         4643    i.DMA1_Stream3_IRQHandler  stm32f4xx_it.o
    0x08000d28   0x00000010   Code   RO         4644    i.DMA1_Stream5_IRQHandler  stm32f4xx_it.o
    0x08000d38   0x00000010   Code   RO         4645    i.DMA1_Stream6_IRQHandler  stm32f4xx_it.o
    0x08000d48   0x00000010   Code   RO         4646    i.DMA2_Stream0_IRQHandler  stm32f4xx_it.o
    0x08000d58   0x00000010   Code   RO         4647    i.DMA2_Stream3_IRQHandler  stm32f4xx_it.o
    0x08000d68   0x00000034   Code   RO         2611    i.DMA_CalcBaseAndBitshift  stm32f4xx_hal_dma.o
    0x08000d9c   0x000000aa   Code   RO         2612    i.DMA_CheckFifoParam  stm32f4xx_hal_dma.o
    0x08000e46   0x0000002c   Code   RO         2613    i.DMA_SetConfig     stm32f4xx_hal_dma.o
    0x08000e72   0x00000052   Code   RO         6242    i.DeInitStateMachine  usbh_core.o
    0x08000ec4   0x00000002   Code   RO         4648    i.DebugMon_Handler  stm32f4xx_it.o
    0x08000ec6   0x00000002   Code   RO         3382    i.HAL_ADCEx_InjectedConvCpltCallback  stm32f4xx_hal_adc_ex.o
    0x08000ec8   0x0000018c   Code   RO         3213    i.HAL_ADC_ConfigChannel  stm32f4xx_hal_adc.o
    0x08001054   0x00000044   Code   RO         5748    i.HAL_ADC_ConvCpltCallback  rocbattery.o
    0x08001098   0x00000002   Code   RO         3215    i.HAL_ADC_ConvHalfCpltCallback  stm32f4xx_hal_adc.o
    0x0800109a   0x00000002   Code   RO         3217    i.HAL_ADC_ErrorCallback  stm32f4xx_hal_adc.o
    0x0800109c   0x00000174   Code   RO         3221    i.HAL_ADC_IRQHandler  stm32f4xx_hal_adc.o
    0x08001210   0x00000068   Code   RO         3222    i.HAL_ADC_Init      stm32f4xx_hal_adc.o
    0x08001278   0x00000002   Code   RO         3223    i.HAL_ADC_LevelOutOfWindowCallback  stm32f4xx_hal_adc.o
    0x0800127a   0x00000002   PAD
    0x0800127c   0x000000b8   Code   RO         4826    i.HAL_ADC_MspInit   adc.o
    0x08001334   0x00000148   Code   RO         3229    i.HAL_ADC_Start_DMA  stm32f4xx_hal_adc.o
    0x0800147c   0x000000aa   Code   RO         2614    i.HAL_DMA_Abort     stm32f4xx_hal_dma.o
    0x08001526   0x00000028   Code   RO         2615    i.HAL_DMA_Abort_IT  stm32f4xx_hal_dma.o
    0x0800154e   0x00000002   PAD
    0x08001550   0x00000240   Code   RO         2619    i.HAL_DMA_IRQHandler  stm32f4xx_hal_dma.o
    0x08001790   0x000000ec   Code   RO         2620    i.HAL_DMA_Init      stm32f4xx_hal_dma.o
    0x0800187c   0x0000009e   Code   RO         2624    i.HAL_DMA_Start_IT  stm32f4xx_hal_dma.o
    0x0800191a   0x00000002   PAD
    0x0800191c   0x00000040   Code   RO         3038    i.HAL_Delay         stm32f4xx_hal.o
    0x0800195c   0x00000164   Code   RO         2504    i.HAL_GPIO_DeInit   stm32f4xx_hal_gpio.o
    0x08001ac0   0x00000200   Code   RO         2507    i.HAL_GPIO_Init     stm32f4xx_hal_gpio.o
    0x08001cc0   0x00000008   Code   RO         2510    i.HAL_GPIO_TogglePin  stm32f4xx_hal_gpio.o
    0x08001cc8   0x0000000c   Code   RO         2511    i.HAL_GPIO_WritePin  stm32f4xx_hal_gpio.o
    0x08001cd4   0x0000000c   Code   RO         3045    i.HAL_GetTick       stm32f4xx_hal.o
    0x08001ce0   0x0000000e   Code   RO         4938    i.HAL_HCD_Connect_Callback  usbh_conf.o
    0x08001cee   0x0000000e   Code   RO         4939    i.HAL_HCD_Disconnect_Callback  usbh_conf.o
    0x08001cfc   0x0000000c   Code   RO         3486    i.HAL_HCD_GetCurrentFrame  stm32f4xx_hal_hcd.o
    0x08001d08   0x00000014   Code   RO         3490    i.HAL_HCD_HC_GetURBState  stm32f4xx_hal_hcd.o
    0x08001d1c   0x00000034   Code   RO         3492    i.HAL_HCD_HC_Halt   stm32f4xx_hal_hcd.o
    0x08001d50   0x000000ba   Code   RO         3493    i.HAL_HCD_HC_Init   stm32f4xx_hal_hcd.o
    0x08001e0a   0x00000002   Code   RO         4940    i.HAL_HCD_HC_NotifyURBChange_Callback  usbh_conf.o
    0x08001e0c   0x00000268   Code   RO         3495    i.HAL_HCD_HC_SubmitRequest  stm32f4xx_hal_hcd.o
    0x08002074   0x00000166   Code   RO         3496    i.HAL_HCD_IRQHandler  stm32f4xx_hal_hcd.o
    0x080021da   0x0000005a   Code   RO         3497    i.HAL_HCD_Init      stm32f4xx_hal_hcd.o
    0x08002234   0x0000007c   Code   RO         4942    i.HAL_HCD_MspInit   usbh_conf.o
    0x080022b0   0x0000000e   Code   RO         4943    i.HAL_HCD_SOF_Callback  usbh_conf.o
    0x080022be   0x00000036   Code   RO         3502    i.HAL_HCD_Start     stm32f4xx_hal_hcd.o
    0x080022f4   0x0000002e   Code   RO         3503    i.HAL_HCD_Stop      stm32f4xx_hal_hcd.o
    0x08002322   0x0000003c   Code   RO           15    i.HAL_I2C_DeInit    stm32f4xx_hal_i2c.o
    0x0800235e   0x00000008   Code   RO           23    i.HAL_I2C_GetState  stm32f4xx_hal_i2c.o
    0x08002366   0x00000002   PAD
    0x08002368   0x00000128   Code   RO           24    i.HAL_I2C_Init      stm32f4xx_hal_i2c.o
    0x08002490   0x00000328   Code   RO           40    i.HAL_I2C_Mem_Read  stm32f4xx_hal_i2c.o
    0x080027b8   0x00000188   Code   RO           43    i.HAL_I2C_Mem_Write  stm32f4xx_hal_i2c.o
    0x08002940   0x00000054   Code   RO         4439    i.HAL_I2C_MspDeInit  i2c.o
    0x08002994   0x00000118   Code   RO         4440    i.HAL_I2C_MspInit   i2c.o
    0x08002aac   0x00000018   Code   RO         3049    i.HAL_IncTick       stm32f4xx_hal.o
    0x08002ac4   0x0000003c   Code   RO         3050    i.HAL_Init          stm32f4xx_hal.o
    0x08002b00   0x0000004c   Code   RO         3051    i.HAL_InitTick      stm32f4xx_hal.o
    0x08002b4c   0x0000009c   Code   RO         4801    i.HAL_MspInit       stm32f4xx_hal_msp.o
    0x08002be8   0x0000001a   Code   RO         2896    i.HAL_NVIC_EnableIRQ  stm32f4xx_hal_cortex.o
    0x08002c02   0x0000007c   Code   RO         2902    i.HAL_NVIC_SetPriority  stm32f4xx_hal_cortex.o
    0x08002c7e   0x00000002   PAD
    0x08002c80   0x00000028   Code   RO         2903    i.HAL_NVIC_SetPriorityGrouping  stm32f4xx_hal_cortex.o
    0x08002ca8   0x00000180   Code   RO         2108    i.HAL_RCC_ClockConfig  stm32f4xx_hal_rcc.o
    0x08002e28   0x0000000c   Code   RO         2113    i.HAL_RCC_GetHCLKFreq  stm32f4xx_hal_rcc.o
    0x08002e34   0x00000020   Code   RO         2115    i.HAL_RCC_GetPCLK1Freq  stm32f4xx_hal_rcc.o
    0x08002e54   0x00000020   Code   RO         2116    i.HAL_RCC_GetPCLK2Freq  stm32f4xx_hal_rcc.o
    0x08002e74   0x000000b0   Code   RO         2117    i.HAL_RCC_GetSysClockFreq  stm32f4xx_hal_rcc.o
    0x08002f24   0x00000448   Code   RO         2120    i.HAL_RCC_OscConfig  stm32f4xx_hal_rcc.o
    0x0800336c   0x0000003c   Code   RO         5954    i.HAL_SPI_ErrorCallback  roctftlcd.o
    0x080033a8   0x00000008   Code   RO          588    i.HAL_SPI_GetState  stm32f4xx_hal_spi.o
    0x080033b0   0x00000138   Code   RO          589    i.HAL_SPI_IRQHandler  stm32f4xx_hal_spi.o
    0x080034e8   0x0000008c   Code   RO          590    i.HAL_SPI_Init      stm32f4xx_hal_spi.o
    0x08003574   0x000000c4   Code   RO         4488    i.HAL_SPI_MspInit   spi.o
    0x08003638   0x000001a6   Code   RO          598    i.HAL_SPI_Transmit  stm32f4xx_hal_spi.o
    0x080037de   0x00000002   PAD
    0x080037e0   0x000000dc   Code   RO          602    i.HAL_SPI_Transmit_DMA  stm32f4xx_hal_spi.o
    0x080038bc   0x00000002   Code   RO         5955    i.HAL_SPI_TxCpltCallback  roctftlcd.o
    0x080038be   0x00000002   Code   RO          605    i.HAL_SPI_TxHalfCpltCallback  stm32f4xx_hal_spi.o
    0x080038c0   0x00000028   Code   RO         2905    i.HAL_SYSTICK_CLKSourceConfig  stm32f4xx_hal_cortex.o
    0x080038e8   0x00000002   Code   RO         2906    i.HAL_SYSTICK_Callback  stm32f4xx_hal_cortex.o
    0x080038ea   0x00000034   Code   RO         2907    i.HAL_SYSTICK_Config  stm32f4xx_hal_cortex.o
    0x0800391e   0x00000008   Code   RO         2908    i.HAL_SYSTICK_IRQHandler  stm32f4xx_hal_cortex.o
    0x08003926   0x00000002   Code   RO         1537    i.HAL_TIMEx_BreakCallback  stm32f4xx_hal_tim_ex.o
    0x08003928   0x00000002   Code   RO         1538    i.HAL_TIMEx_CommutationCallback  stm32f4xx_hal_tim_ex.o
    0x0800392a   0x00000062   Code   RO         1554    i.HAL_TIMEx_MasterConfigSynchronization  stm32f4xx_hal_tim_ex.o
    0x0800398c   0x00000034   Code   RO          898    i.HAL_TIM_Base_Init  stm32f4xx_hal_tim.o
    0x080039c0   0x00000088   Code   RO         4530    i.HAL_TIM_Base_MspInit  tim.o
    0x08003a48   0x0000001e   Code   RO          903    i.HAL_TIM_Base_Start_IT  stm32f4xx_hal_tim.o
    0x08003a66   0x00000038   Code   RO          906    i.HAL_TIM_Base_Stop_IT  stm32f4xx_hal_tim.o
    0x08003a9e   0x00000002   Code   RO          927    i.HAL_TIM_IC_CaptureCallback  stm32f4xx_hal_tim.o
    0x08003aa0   0x00000196   Code   RO          940    i.HAL_TIM_IRQHandler  stm32f4xx_hal_tim.o
    0x08003c36   0x00000002   Code   RO          943    i.HAL_TIM_OC_DelayElapsedCallback  stm32f4xx_hal_tim.o
    0x08003c38   0x00000002   Code   RO          970    i.HAL_TIM_PWM_PulseFinishedCallback  stm32f4xx_hal_tim.o
    0x08003c3a   0x00000002   PAD
    0x08003c3c   0x00000070   Code   RO         3972    i.HAL_TIM_PeriodElapsedCallback  rocrobotcontrol.o
    0x08003cac   0x00000002   Code   RO          981    i.HAL_TIM_TriggerCallback  stm32f4xx_hal_tim.o
    0x08003cae   0x00000066   Code   RO         1795    i.HAL_UART_DMAStop  stm32f4xx_hal_uart.o
    0x08003d14   0x0000006c   Code   RO         5315    i.HAL_UART_ErrorCallback  rocbluetooth.o
    0x08003d80   0x00000014   Code   RO         1799    i.HAL_UART_GetState  stm32f4xx_hal_uart.o
    0x08003d94   0x0000014c   Code   RO         1800    i.HAL_UART_IRQHandler  stm32f4xx_hal_uart.o
    0x08003ee0   0x00000072   Code   RO         1801    i.HAL_UART_Init     stm32f4xx_hal_uart.o
    0x08003f52   0x00000002   PAD
    0x08003f54   0x00000260   Code   RO         4584    i.HAL_UART_MspInit  usart.o
    0x080041b4   0x000000c4   Code   RO         1805    i.HAL_UART_Receive_DMA  stm32f4xx_hal_uart.o
    0x08004278   0x00000010   Code   RO         5316    i.HAL_UART_RxCpltCallback  rocbluetooth.o
    0x08004288   0x00000002   Code   RO         1808    i.HAL_UART_RxHalfCpltCallback  stm32f4xx_hal_uart.o
    0x0800428a   0x000000d6   Code   RO         1809    i.HAL_UART_Transmit  stm32f4xx_hal_uart.o
    0x08004360   0x0000009c   Code   RO         1810    i.HAL_UART_Transmit_DMA  stm32f4xx_hal_uart.o
    0x080043fc   0x00000010   Code   RO         5317    i.HAL_UART_TxCpltCallback  rocbluetooth.o
    0x0800440c   0x00000002   Code   RO         1813    i.HAL_UART_TxHalfCpltCallback  stm32f4xx_hal_uart.o
    0x0800440e   0x000004f2   Code   RO         3504    i.HCD_HC_IN_IRQHandler  stm32f4xx_hal_hcd.o
    0x08004900   0x000004d0   Code   RO         3505    i.HCD_HC_OUT_IRQHandler  stm32f4xx_hal_hcd.o
    0x08004dd0   0x000000d2   Code   RO         3506    i.HCD_Port_IRQHandler  stm32f4xx_hal_hcd.o
    0x08004ea2   0x00000002   PAD
    0x08004ea4   0x00000108   Code   RO         3507    i.HCD_RXQLVL_IRQHandler  stm32f4xx_hal_hcd.o
    0x08004fac   0x00000030   Code   RO         4649    i.HardFault_Handler  stm32f4xx_it.o
    0x08004fdc   0x00000034   Code   RO           62    i.I2C_IsAcknowledgeFailed  stm32f4xx_hal_i2c.o
    0x08005010   0x00000158   Code   RO           72    i.I2C_RequestMemoryRead  stm32f4xx_hal_i2c.o
    0x08005168   0x000000e0   Code   RO           73    i.I2C_RequestMemoryWrite  stm32f4xx_hal_i2c.o
    0x08005248   0x00000056   Code   RO           81    i.I2C_WaitOnBTFFlagUntilTimeout  stm32f4xx_hal_i2c.o
    0x0800529e   0x0000007c   Code   RO           82    i.I2C_WaitOnFlagUntilTimeout  stm32f4xx_hal_i2c.o
    0x0800531a   0x000000ac   Code   RO           83    i.I2C_WaitOnMasterAddressFlagUntilTimeout  stm32f4xx_hal_i2c.o
    0x080053c6   0x0000006e   Code   RO           84    i.I2C_WaitOnRXNEFlagUntilTimeout  stm32f4xx_hal_i2c.o
    0x08005434   0x00000056   Code   RO           86    i.I2C_WaitOnTXEFlagUntilTimeout  stm32f4xx_hal_i2c.o
    0x0800548a   0x00000002   PAD
    0x0800548c   0x00000080   Code   RO         4827    i.MX_ADC1_Init      adc.o
    0x0800550c   0x00000098   Code   RO         4415    i.MX_DMA_Init       dma.o
    0x080055a4   0x0000019c   Code   RO         4391    i.MX_GPIO_Init      gpio.o
    0x08005740   0x00000050   Code   RO         4441    i.MX_I2C1_Init      i2c.o
    0x08005790   0x00000050   Code   RO         4442    i.MX_I2C2_Init      i2c.o
    0x080057e0   0x00000034   Code   RO         4328    i.MX_NVIC_Init      main.o
    0x08005814   0x00000058   Code   RO         4489    i.MX_SPI1_Init      spi.o
    0x0800586c   0x00000058   Code   RO         4531    i.MX_TIM2_Init      tim.o
    0x080058c4   0x00000058   Code   RO         4532    i.MX_TIM6_Init      tim.o
    0x0800591c   0x00000058   Code   RO         4533    i.MX_TIM7_Init      tim.o
    0x08005974   0x0000004c   Code   RO         4585    i.MX_USART1_UART_Init  usart.o
    0x080059c0   0x0000004c   Code   RO         4586    i.MX_USART2_UART_Init  usart.o
    0x08005a0c   0x0000004c   Code   RO         4587    i.MX_USART3_UART_Init  usart.o
    0x08005a58   0x00000028   Code   RO         4867    i.MX_USB_HOST_Init  usb_host.o
    0x08005a80   0x00000004   Code   RO         4650    i.MemManage_Handler  stm32f4xx_it.o
    0x08005a84   0x00000002   Code   RO         4651    i.NMI_Handler       stm32f4xx_it.o
    0x08005a86   0x00000002   PAD
    0x08005a88   0x00000010   Code   RO         2909    i.NVIC_GetPriorityGrouping  stm32f4xx_hal_cortex.o
    0x08005a98   0x00000028   Code   RO         2910    i.NVIC_SetPriority  stm32f4xx_hal_cortex.o
    0x08005ac0   0x00000010   Code   RO         4652    i.OTG_FS_IRQHandler  stm32f4xx_it.o
    0x08005ad0   0x00000002   Code   RO         4653    i.PendSV_Handler    stm32f4xx_it.o
    0x08005ad2   0x00000002   PAD
    0x08005ad4   0x00000074   Code   RO         3973    i.RocBatteryCheckTaskEntry  rocrobotcontrol.o
    0x08005b48   0x00000078   Code   RO         5749    i.RocBatteryInit    rocbattery.o
    0x08005bc0   0x000000ac   Code   RO         5750    i.RocBatteryVoltageAdcSample  rocbattery.o
    0x08005c6c   0x00000064   Code   RO         5751    i.RocBatteryVoltageConvertStart  rocbattery.o
    0x08005cd0   0x0000000c   Code   RO         5752    i.RocBatteryVoltageGet  rocbattery.o
    0x08005cdc   0x00000040   Code   RO         5618    i.RocBeeperBlink    rocbeeper.o
    0x08005d1c   0x00000070   Code   RO         5619    i.RocBeeperInit     rocbeeper.o
    0x08005d8c   0x00000014   Code   RO         5620    i.RocBeeperOff      rocbeeper.o
    0x08005da0   0x00000014   Code   RO         5621    i.RocBeeperOn       rocbeeper.o
    0x08005db4   0x00000024   Code   RO         5622    i.RocBeeperTaskBackground  rocbeeper.o
    0x08005dd8   0x000000d0   Code   RO         5623    i.RocBeeperTimerPeriodSet  rocbeeper.o
    0x08005ea8   0x00000050   Code   RO         5624    i.RocBeeperTimerStart  rocbeeper.o
    0x08005ef8   0x00000050   Code   RO         5625    i.RocBeeperTimerStop  rocbeeper.o
    0x08005f48   0x00000014   Code   RO         5626    i.RocBeeperToggle   rocbeeper.o
    0x08005f5c   0x0000000c   Code   RO         5318    i.RocBluetoothCtrlCmd_Get  rocbluetooth.o
    0x08005f68   0x000000a0   Code   RO         5320    i.RocBluetoothData_Send  rocbluetooth.o
    0x08006008   0x000000b4   Code   RO         5321    i.RocBluetoothInit  rocbluetooth.o
    0x080060bc   0x00000074   Code   RO         5322    i.RocBluetoothReceiveCallback  rocbluetooth.o
    0x08006130   0x0000006c   Code   RO         5323    i.RocBluetoothRecvIsFinshed  rocbluetooth.o
    0x0800619c   0x00000094   Code   RO         5324    i.RocBluetoothUsart_Init  rocbluetooth.o
    0x08006230   0x000004c0   Code   RO         4201    i.RocDhAlgorithmReverse  rocrobotdhalgorithm.o
    0x080066f0   0x000001dc   Code   RO         5956    i.RocDoubleDatToStringDat  roctftlcd.o
    0x080068cc   0x00000044   Code   RO         5575    i.RocLedInit        rocled.o
    0x08006910   0x00000010   Code   RO         5576    i.RocLedToggle      rocled.o
    0x08006920   0x00000014   Code   RO         5577    i.RocLedTurnOff     rocled.o
    0x08006934   0x000000a0   Code   RO         5397    i.RocLogE           roclog.o
    0x080069d4   0x0000008c   Code   RO         5398    i.RocLogI           roclog.o
    0x08006a60   0x0000009c   Code   RO         5399    i.RocLogN           roclog.o
    0x08006afc   0x0000009c   Code   RO         5400    i.RocLogW           roclog.o
    0x08006b98   0x00000138   Code   RO         5689    i.RocMotorInit      rocmotor.o
    0x08006cd0   0x00000044   Code   RO         5694    i.RocMotorServoTurnAngleSet  rocmotor.o
    0x08006d14   0x0000001e   Code   RO         5852    i.RocMpu6050EulerAngleGet  rocmpu6050.o
    0x08006d32   0x00000002   PAD
    0x08006d34   0x00000108   Code   RO         5856    i.RocMpu6050Init    rocmpu6050.o
    0x08006e3c   0x00000060   Code   RO         5857    i.RocMpu6050ReadByte  rocmpu6050.o
    0x08006e9c   0x00000060   Code   RO         5858    i.RocMpu6050ReadLen  rocmpu6050.o
    0x08006efc   0x00000070   Code   RO         5859    i.RocMpu6050RegInit  rocmpu6050.o
    0x08006f6c   0x00000010   Code   RO         5860    i.RocMpu6050SetAccelFsr  rocmpu6050.o
    0x08006f7c   0x00000010   Code   RO         5861    i.RocMpu6050SetGyroFsr  rocmpu6050.o
    0x08006f8c   0x0000003a   Code   RO         5862    i.RocMpu6050SetLpf  rocmpu6050.o
    0x08006fc6   0x0000003a   Code   RO         5863    i.RocMpu6050SetRate  rocmpu6050.o
    0x08007000   0x000000b0   Code   RO         5864    i.RocMpu6050WriteByte  rocmpu6050.o
    0x080070b0   0x000000b8   Code   RO         5865    i.RocMpu6050WriteLen  rocmpu6050.o
    0x08007168   0x00000150   Code   RO         5244    i.RocPca9685Init    rocpca9685.o
    0x080072b8   0x00000060   Code   RO         5245    i.RocPca9685OutPwm  rocpca9685.o
    0x08007318   0x00000088   Code   RO         5246    i.RocPca9685OutPwmAll  rocpca9685.o
    0x080073a0   0x0000001c   Code   RO         5247    i.RocPca9685PwmOutDisable  rocpca9685.o
    0x080073bc   0x0000001c   Code   RO         5248    i.RocPca9685PwmOutEnable  rocpca9685.o
    0x080073d8   0x0000005c   Code   RO         5249    i.RocPca9685ReadReg  rocpca9685.o
    0x08007434   0x000000d4   Code   RO         5251    i.RocPca9685SetPwmFreq  rocpca9685.o
    0x08007508   0x0000005c   Code   RO         5252    i.RocPca9685WriteReg  rocpca9685.o
    0x08007564   0x00000040   Code   RO         5800    i.RocRemoteControlInit  rocremotecontrol.o
    0x080075a4   0x000000ac   Code   RO         5801    i.RocRemoteDataTransmit  rocremotecontrol.o
    0x08007650   0x00000074   Code   RO         5802    i.RocRemoteReceiveCallback  rocremotecontrol.o
    0x080076c4   0x0000009c   Code   RO         5804    i.RocRemoteTransUsartInit  rocremotecontrol.o
    0x08007760   0x00000124   Code   RO         3974    i.RocRemoteWaklInfoTransmit  rocrobotcontrol.o
    0x08007884   0x000000a4   Code   RO         4202    i.RocRobotAlgoCtrlInit  rocrobotdhalgorithm.o
    0x08007928   0x00000010   Code   RO         3975    i.RocRobotBatteryChargeBeeperAction  rocrobotcontrol.o
    0x08007938   0x000008d8   Code   RO         4203    i.RocRobotClosedLoopWalkCalculate  rocrobotdhalgorithm.o
    0x08008210   0x00000078   Code   RO         3976    i.RocRobotControlInit  rocrobotcontrol.o
    0x08008288   0x00000024   Code   RO         3977    i.RocRobotCtrlCmdIsChanged  rocrobotcontrol.o
    0x080082ac   0x00000088   Code   RO         4204    i.RocRobotCtrlDeltaMoveCoorInput  rocrobotdhalgorithm.o
    0x08008334   0x0000000c   Code   RO         3978    i.RocRobotCtrlFlagGet  rocrobotcontrol.o
    0x08008340   0x00000028   Code   RO         3979    i.RocRobotCtrlFlagSet  rocrobotcontrol.o
    0x08008368   0x00000008   Code   RO         4205    i.RocRobotCtrlInfoGet  rocrobotdhalgorithm.o
    0x08008370   0x00000048   Code   RO         3980    i.RocRobotCtrlTaskEntry  rocrobotcontrol.o
    0x080083b8   0x00000054   Code   RO         4206    i.RocRobotCurLegPosUpdate  rocrobotdhalgorithm.o
    0x0800840c   0x000007b4   Code   RO         4207    i.RocRobotGaitPosUpdate  rocrobotdhalgorithm.o
    0x08008bc0   0x00000028   Code   RO         4208    i.RocRobotGaitSelect  rocrobotdhalgorithm.o
    0x08008be8   0x00000160   Code   RO         4209    i.RocRobotGaitSeqUpdate  rocrobotdhalgorithm.o
    0x08008d48   0x00000018   Code   RO         3981    i.RocRobotImuEulerAngleGet  rocrobotcontrol.o
    0x08008d60   0x00000204   Code   RO         3982    i.RocRobotInit      rocrobotcontrol.o
    0x08008f64   0x0000000c   Code   RO         3983    i.RocRobotInitEndBeeperAction  rocrobotcontrol.o
    0x08008f70   0x00000064   Code   RO         3984    i.RocRobotLcdShowInfoEntry  rocrobotcontrol.o
    0x08008fd4   0x00000014   Code   RO         3985    i.RocRobotMain      rocrobotcontrol.o
    0x08008fe8   0x00000054   Code   RO         3986    i.RocRobotMotionTrackOnLcdDraw  rocrobotcontrol.o
    0x0800903c   0x00000070   Code   RO         3987    i.RocRobotMoveContextSwitch  rocrobotcontrol.o
    0x080090ac   0x000000c0   Code   RO         3988    i.RocRobotMoveCtrlCore  rocrobotcontrol.o
    0x0800916c   0x0000000c   Code   RO         4210    i.RocRobotMoveStatus_Get  rocrobotdhalgorithm.o
    0x08009178   0x0000000c   Code   RO         4211    i.RocRobotMoveStatus_Set  rocrobotdhalgorithm.o
    0x08009184   0x0000092c   Code   RO         4212    i.RocRobotOpenLoopCircleCalculate  rocrobotdhalgorithm.o
    0x08009ab0   0x00000804   Code   RO         4213    i.RocRobotOpenLoopWalkCalculate  rocrobotdhalgorithm.o
    0x0800a2b4   0x00000114   Code   RO         3989    i.RocRobotPowerOnGaitSeq_Run  rocrobotcontrol.o
    0x0800a3c8   0x00000024   Code   RO         3990    i.RocRobotPowerOnTaskEntry  rocrobotcontrol.o
    0x0800a3ec   0x000003c4   Code   RO         3991    i.RocRobotRemoteControl  rocrobotcontrol.o
    0x0800a7b0   0x0000000c   Code   RO         3992    i.RocRobotRunModeGet  rocrobotcontrol.o
    0x0800a7bc   0x0000000c   Code   RO         3993    i.RocRobotRunModeSet  rocrobotcontrol.o
    0x0800a7c8   0x00000010   Code   RO         3994    i.RocRobotSensorMeasure  rocrobotcontrol.o
    0x0800a7d8   0x000000bc   Code   RO         4214    i.RocRobotSingleLegCtrl  rocrobotdhalgorithm.o
    0x0800a894   0x0000000c   Code   RO         4215    i.RocRobotSingleLegSelect  rocrobotdhalgorithm.o
    0x0800a8a0   0x00000048   Code   RO         3995    i.RocRobotStartRun  rocrobotcontrol.o
    0x0800a8e8   0x00000038   Code   RO         4216    i.RocRobotStepErrorCheck  rocrobotdhalgorithm.o
    0x0800a920   0x00000050   Code   RO         3996    i.RocRobotStopRun   rocrobotcontrol.o
    0x0800a970   0x00000058   Code   RO         5473    i.RocServoControl   rocservo.o
    0x0800a9c8   0x000000ac   Code   RO         5474    i.RocServoInit      rocservo.o
    0x0800aa74   0x00000020   Code   RO         5475    i.RocServoInputUpdate  rocservo.o
    0x0800aa94   0x00000008   Code   RO         5476    i.RocServoOutputDisable  rocservo.o
    0x0800aa9c   0x00000008   Code   RO         5477    i.RocServoOutputEnable  rocservo.o
    0x0800aaa4   0x0000003c   Code   RO         5478    i.RocServoPwmDatInit  rocservo.o
    0x0800aae0   0x00000098   Code   RO         5479    i.RocServoPwmIncreCalculate  rocservo.o
    0x0800ab78   0x00000080   Code   RO         5480    i.RocServoPwmOutput  rocservo.o
    0x0800abf8   0x00000024   Code   RO         5481    i.RocServoPwmRecod  rocservo.o
    0x0800ac1c   0x00000054   Code   RO         5482    i.RocServoPwmUpdate  rocservo.o
    0x0800ac70   0x000000d8   Code   RO         5483    i.RocServoSpeedSet  rocservo.o
    0x0800ad48   0x0000004c   Code   RO         5484    i.RocServoTimerStart  rocservo.o
    0x0800ad94   0x0000004c   Code   RO         5485    i.RocServoTimerStop  rocservo.o
    0x0800ade0   0x0000000c   Code   RO         5486    i.RocServoTurnIsFinshed  rocservo.o
    0x0800adec   0x00000058   Code   RO         5957    i.RocSpiDmaWriteData  roctftlcd.o
    0x0800ae44   0x00000058   Code   RO         5958    i.RocSpiWriteData   roctftlcd.o
    0x0800ae9c   0x0000005c   Code   RO         5959    i.RocTftLcdAllClear  roctftlcd.o
    0x0800aef8   0x00000022   Code   RO         5960    i.RocTftLcdBgr2Rgb  roctftlcd.o
    0x0800af1a   0x00000002   PAD
    0x0800af1c   0x00000094   Code   RO         5961    i.RocTftLcdColorTest  roctftlcd.o
    0x0800afb0   0x00000082   Code   RO         5962    i.RocTftLcdDisplayButtonDown  roctftlcd.o
    0x0800b032   0x00000082   Code   RO         5963    i.RocTftLcdDisplayButtonUp  roctftlcd.o
    0x0800b0b4   0x0000014c   Code   RO         5965    i.RocTftLcdDrawGbk16Num  roctftlcd.o
    0x0800b200   0x000001fc   Code   RO         5966    i.RocTftLcdDrawGbk16Str  roctftlcd.o
    0x0800b3fc   0x00000254   Code   RO         5968    i.RocTftLcdDrawGbk24Str  roctftlcd.o
    0x0800b650   0x000000ba   Code   RO         5969    i.RocTftLcdDrawLine  roctftlcd.o
    0x0800b70a   0x00000018   Code   RO         5970    i.RocTftLcdDrawPoint  roctftlcd.o
    0x0800b722   0x00000002   PAD
    0x0800b724   0x0000008c   Code   RO         5973    i.RocTftLcdDrawTubeNum  roctftlcd.o
    0x0800b7b0   0x00000108   Code   RO         5974    i.RocTftLcdFontTest  roctftlcd.o
    0x0800b8b8   0x00000070   Code   RO         5975    i.RocTftLcdInit     roctftlcd.o
    0x0800b928   0x000001f0   Code   RO         5976    i.RocTftLcdMainMenuTest  roctftlcd.o
    0x0800bb18   0x00000090   Code   RO         5977    i.RocTftLcdNumTest  roctftlcd.o
    0x0800bba8   0x0000020c   Code   RO         5978    i.RocTftLcdRegInit  roctftlcd.o
    0x0800bdb4   0x000000ac   Code   RO         5979    i.RocTftLcdRegionClear  roctftlcd.o
    0x0800be60   0x00000028   Code   RO         5980    i.RocTftLcdReset    roctftlcd.o
    0x0800be88   0x0000003a   Code   RO         5981    i.RocTftLcdSetRegion  roctftlcd.o
    0x0800bec2   0x00000032   Code   RO         5982    i.RocTftLcdSetXY    roctftlcd.o
    0x0800bef4   0x00000018   Code   RO         5983    i.RocTftLcdShowErrorMsg  roctftlcd.o
    0x0800bf0c   0x000000b8   Code   RO         5984    i.RocTftLcdShowImage  roctftlcd.o
    0x0800bfc4   0x0000002c   Code   RO         5985    i.RocTftLcdTestDemo  roctftlcd.o
    0x0800bff0   0x00000014   Code   RO         5986    i.RocTftLcdWaitWriteDone  roctftlcd.o
    0x0800c004   0x0000003c   Code   RO         5987    i.RocTftLcdWrite16Dat  roctftlcd.o
    0x0800c040   0x0000002c   Code   RO         5988    i.RocTftLcdWriteDat  roctftlcd.o
    0x0800c06c   0x0000002c   Code   RO         5989    i.RocTftLcdWriteReg  roctftlcd.o
    0x0800c098   0x00000010   Code   RO         4654    i.SPI1_IRQHandler   stm32f4xx_it.o
    0x0800c0a8   0x00000028   Code   RO          614    i.SPI_CheckFlag_BSY  stm32f4xx_hal_spi.o
    0x0800c0d0   0x00000014   Code   RO          618    i.SPI_DMAAbortOnError  stm32f4xx_hal_spi.o
    0x0800c0e4   0x00000028   Code   RO          619    i.SPI_DMAError      stm32f4xx_hal_spi.o
    0x0800c10c   0x0000000e   Code   RO          621    i.SPI_DMAHalfTransmitCplt  stm32f4xx_hal_spi.o
    0x0800c11a   0x00000072   Code   RO          625    i.SPI_DMATransmitCplt  stm32f4xx_hal_spi.o
    0x0800c18c   0x000000aa   Code   RO          632    i.SPI_WaitFlagStateUntilTimeout  stm32f4xx_hal_spi.o
    0x0800c236   0x00000002   Code   RO         4655    i.SVC_Handler       stm32f4xx_it.o
    0x0800c238   0x0000000c   Code   RO         4656    i.SysTick_Handler   stm32f4xx_it.o
    0x0800c244   0x000000e0   Code   RO         4329    i.SystemClock_Config  main.o
    0x0800c324   0x00000064   Code   RO         3936    i.SystemInit        system_stm32f4xx.o
    0x0800c388   0x00000010   Code   RO         4657    i.TIM2_IRQHandler   stm32f4xx_it.o
    0x0800c398   0x00000010   Code   RO         4658    i.TIM6_DAC_IRQHandler  stm32f4xx_it.o
    0x0800c3a8   0x00000010   Code   RO         4659    i.TIM7_IRQHandler   stm32f4xx_it.o
    0x0800c3b8   0x000000e4   Code   RO          982    i.TIM_Base_SetConfig  stm32f4xx_hal_tim.o
    0x0800c49c   0x00000014   Code   RO         1814    i.UART_DMAAbortOnError  stm32f4xx_hal_uart.o
    0x0800c4b0   0x00000050   Code   RO         1815    i.UART_DMAError     stm32f4xx_hal_uart.o
    0x0800c500   0x00000046   Code   RO         1816    i.UART_DMAReceiveCplt  stm32f4xx_hal_uart.o
    0x0800c546   0x0000000e   Code   RO         1818    i.UART_DMARxHalfCplt  stm32f4xx_hal_uart.o
    0x0800c554   0x00000036   Code   RO         1820    i.UART_DMATransmitCplt  stm32f4xx_hal_uart.o
    0x0800c58a   0x0000000e   Code   RO         1822    i.UART_DMATxHalfCplt  stm32f4xx_hal_uart.o
    0x0800c598   0x00000020   Code   RO         1824    i.UART_EndRxTransfer  stm32f4xx_hal_uart.o
    0x0800c5b8   0x00000020   Code   RO         1825    i.UART_EndTransmit_IT  stm32f4xx_hal_uart.o
    0x0800c5d8   0x00000014   Code   RO         1826    i.UART_EndTxTransfer  stm32f4xx_hal_uart.o
    0x0800c5ec   0x0000009a   Code   RO         1827    i.UART_Receive_IT   stm32f4xx_hal_uart.o
    0x0800c686   0x00000002   PAD
    0x0800c688   0x00000368   Code   RO         1828    i.UART_SetConfig    stm32f4xx_hal_uart.o
    0x0800c9f0   0x00000068   Code   RO         1829    i.UART_Transmit_IT  stm32f4xx_hal_uart.o
    0x0800ca58   0x0000006c   Code   RO         1830    i.UART_WaitOnFlagUntilTimeout  stm32f4xx_hal_uart.o
    0x0800cac4   0x00000014   Code   RO         4660    i.USART2_IRQHandler  stm32f4xx_it.o
    0x0800cad8   0x00000014   Code   RO         4661    i.USART3_IRQHandler  stm32f4xx_it.o
    0x0800caec   0x00000026   Code   RO         6545    i.USBH_AllocPipe    usbh_pipes.o
    0x0800cb12   0x00000012   Code   RO         6546    i.USBH_ClosePipe    usbh_pipes.o
    0x0800cb24   0x00000028   Code   RO         6365    i.USBH_ClrFeature   usbh_ctlreq.o
    0x0800cb4c   0x0000002a   Code   RO         6475    i.USBH_CtlReceiveData  usbh_ioreq.o
    0x0800cb76   0x00000054   Code   RO         6366    i.USBH_CtlReq       usbh_ctlreq.o
    0x0800cbca   0x00000034   Code   RO         6476    i.USBH_CtlSendData  usbh_ioreq.o
    0x0800cbfe   0x00000026   Code   RO         6477    i.USBH_CtlSendSetup  usbh_ioreq.o
    0x0800cc24   0x00000050   Code   RO         6244    i.USBH_FindInterface  usbh_core.o
    0x0800cc74   0x0000001e   Code   RO         6547    i.USBH_FreePipe     usbh_pipes.o
    0x0800cc92   0x0000004a   Code   RO         6367    i.USBH_GetDescriptor  usbh_ctlreq.o
    0x0800ccdc   0x00000028   Code   RO         6548    i.USBH_GetFreePipe  usbh_pipes.o
    0x0800cd04   0x00000094   Code   RO         6592    i.USBH_HID_ClassRequest  usbh_hid.o
    0x0800cd98   0x00000002   Code   RO         6593    i.USBH_HID_EventCallback  usbh_hid.o
    0x0800cd9a   0x0000001e   Code   RO         6595    i.USBH_HID_GetHIDDescriptor  usbh_hid.o
    0x0800cdb8   0x0000001e   Code   RO         6596    i.USBH_HID_GetHIDReportDescriptor  usbh_hid.o
    0x0800cdd6   0x00000034   Code   RO         6598    i.USBH_HID_GetReport  usbh_hid.o
    0x0800ce0a   0x00000050   Code   RO         6599    i.USBH_HID_InterfaceDeInit  usbh_hid.o
    0x0800ce5a   0x00000002   PAD
    0x0800ce5c   0x000002ac   Code   RO         6600    i.USBH_HID_InterfaceInit  usbh_hid.o
    0x0800d108   0x00000058   Code   RO         6722    i.USBH_HID_KeybdInit  usbh_hid_keybd.o
    0x0800d160   0x0000004c   Code   RO         6767    i.USBH_HID_MouseInit  usbh_hid_mouse.o
    0x0800d1ac   0x0000002a   Code   RO         6601    i.USBH_HID_ParseHIDDesc  usbh_hid.o
    0x0800d1d6   0x000000c8   Code   RO         6602    i.USBH_HID_Process  usbh_hid.o
    0x0800d29e   0x00000024   Code   RO         6603    i.USBH_HID_SOFProcess  usbh_hid.o
    0x0800d2c2   0x00000028   Code   RO         6604    i.USBH_HID_SetIdle  usbh_hid.o
    0x0800d2ea   0x0000002a   Code   RO         6605    i.USBH_HID_SetProtocol  usbh_hid.o
    0x0800d314   0x000001ec   Code   RO         6372    i.USBH_HandleControl  usbh_ctlreq.o
    0x0800d500   0x0000001c   Code   RO         6248    i.USBH_HandleSof    usbh_core.o
    0x0800d51c   0x00000064   Code   RO         6249    i.USBH_Init         usbh_core.o
    0x0800d580   0x0000002a   Code   RO         6478    i.USBH_InterruptReceiveData  usbh_ioreq.o
    0x0800d5aa   0x00000044   Code   RO         4945    i.USBH_LL_ClosePipe  usbh_conf.o
    0x0800d5ee   0x0000002e   Code   RO         6250    i.USBH_LL_Connect   usbh_core.o
    0x0800d61c   0x00000068   Code   RO         6251    i.USBH_LL_Disconnect  usbh_core.o
    0x0800d684   0x0000001a   Code   RO         4947    i.USBH_LL_DriverVBUS  usbh_conf.o
    0x0800d69e   0x00000012   Code   RO         4951    i.USBH_LL_GetURBState  usbh_conf.o
    0x0800d6b0   0x00000016   Code   RO         6252    i.USBH_LL_IncTimer  usbh_core.o
    0x0800d6c6   0x00000002   PAD
    0x0800d6c8   0x00000070   Code   RO         4952    i.USBH_LL_Init      usbh_conf.o
    0x0800d738   0x00000072   Code   RO         4953    i.USBH_LL_OpenPipe  usbh_conf.o
    0x0800d7aa   0x00000006   Code   RO         6253    i.USBH_LL_SetTimer  usbh_core.o
    0x0800d7b0   0x0000003a   Code   RO         4955    i.USBH_LL_SetToggle  usbh_conf.o
    0x0800d7ea   0x0000003c   Code   RO         4956    i.USBH_LL_Start     usbh_conf.o
    0x0800d826   0x0000003c   Code   RO         4957    i.USBH_LL_Stop      usbh_conf.o
    0x0800d862   0x00000076   Code   RO         4958    i.USBH_LL_SubmitURB  usbh_conf.o
    0x0800d8d8   0x0000002a   Code   RO         6549    i.USBH_OpenPipe     usbh_pipes.o
    0x0800d902   0x00000002   PAD
    0x0800d904   0x00000094   Code   RO         6256    i.USBH_RegisterClass  usbh_core.o
    0x0800d998   0x00000114   Code   RO         6257    i.USBH_SelectInterface  usbh_core.o
    0x0800daac   0x00000016   Code   RO         6258    i.USBH_Start        usbh_core.o
    0x0800dac2   0x00000002   PAD
    0x0800dac4   0x00000038   Code   RO         4869    i.USBH_UserProcess  usb_host.o
    0x0800dafc   0x00000070   Code   RO         3651    i.USB_CoreInit      stm32f4xx_ll_usb.o
    0x0800db6c   0x0000004c   Code   RO         3652    i.USB_CoreReset     stm32f4xx_ll_usb.o
    0x0800dbb8   0x0000000e   Code   RO         3658    i.USB_DisableGlobalInt  stm32f4xx_ll_usb.o
    0x0800dbc6   0x00000002   PAD
    0x0800dbc8   0x00000040   Code   RO         3659    i.USB_DoPing        stm32f4xx_ll_usb.o
    0x0800dc08   0x00000044   Code   RO         3660    i.USB_DriveVbus     stm32f4xx_ll_usb.o
    0x0800dc4c   0x0000000e   Code   RO         3666    i.USB_EnableGlobalInt  stm32f4xx_ll_usb.o
    0x0800dc5a   0x00000002   PAD
    0x0800dc5c   0x0000002c   Code   RO         3667    i.USB_FlushRxFifo   stm32f4xx_ll_usb.o
    0x0800dc88   0x00000030   Code   RO         3668    i.USB_FlushTxFifo   stm32f4xx_ll_usb.o
    0x0800dcb8   0x0000000c   Code   RO         3669    i.USB_GetCurrentFrame  stm32f4xx_ll_usb.o
    0x0800dcc4   0x0000000a   Code   RO         3672    i.USB_GetMode       stm32f4xx_ll_usb.o
    0x0800dcce   0x00000148   Code   RO         3673    i.USB_HC_Halt       stm32f4xx_ll_usb.o
    0x0800de16   0x00000188   Code   RO         3674    i.USB_HC_Init       stm32f4xx_ll_usb.o
    0x0800df9e   0x0000000c   Code   RO         3675    i.USB_HC_ReadInterrupt  stm32f4xx_ll_usb.o
    0x0800dfaa   0x00000002   PAD
    0x0800dfac   0x00000188   Code   RO         3676    i.USB_HC_StartXfer  stm32f4xx_ll_usb.o
    0x0800e134   0x000000ec   Code   RO         3677    i.USB_HostInit      stm32f4xx_ll_usb.o
    0x0800e220   0x0000003e   Code   RO         3678    i.USB_InitFSLSPClkSel  stm32f4xx_ll_usb.o
    0x0800e25e   0x0000000c   Code   RO         3683    i.USB_ReadInterrupts  stm32f4xx_ll_usb.o
    0x0800e26a   0x00000022   Code   RO         3684    i.USB_ReadPacket    stm32f4xx_ll_usb.o
    0x0800e28c   0x00000030   Code   RO         3686    i.USB_SetCurrentMode  stm32f4xx_ll_usb.o
    0x0800e2bc   0x000000ae   Code   RO         3690    i.USB_StopHost      stm32f4xx_ll_usb.o
    0x0800e36a   0x00000030   Code   RO         3691    i.USB_WritePacket   stm32f4xx_ll_usb.o
    0x0800e39a   0x00000004   Code   RO         4662    i.UsageFault_Handler  stm32f4xx_it.o
    0x0800e39e   0x00000002   PAD
    0x0800e3a0   0x00000048   Code   RO         4330    i._Error_Handler    main.o
    0x0800e3e8   0x00000020   Code   RO         7832    i.__0printf         mc_w.l(printfa.o)
    0x0800e408   0x0000002c   Code   RO         7837    i.__0vsnprintf      mc_w.l(printfa.o)
    0x0800e434   0x00000030   Code   RO         7920    i.__ARM_fpclassify  m_wm.l(fpclassify.o)
    0x0800e464   0x00000004   PAD
    0x0800e468   0x00000358   Code   RO         7524    i.__hardfp_acos     m_wm.l(acos.o)
    0x0800e7c0   0x00000360   Code   RO         7538    i.__hardfp_asin     m_wm.l(asin.o)
    0x0800eb20   0x000002d8   Code   RO         7552    i.__hardfp_atan     m_wm.l(atan.o)
    0x0800edf8   0x000001f0   Code   RO         7566    i.__hardfp_atan2    m_wm.l(atan2.o)
    0x0800efe8   0x00000014   Code   RO         7578    i.__hardfp_fabs     m_wm.l(fabs.o)
    0x0800effc   0x000000f8   Code   RO         7922    i.__kernel_poly     m_wm.l(poly.o)
    0x0800f0f4   0x00000014   Code   RO         7907    i.__mathlib_dbl_infnan  m_wm.l(dunder.o)
    0x0800f108   0x00000014   Code   RO         7908    i.__mathlib_dbl_infnan2  m_wm.l(dunder.o)
    0x0800f11c   0x00000004   PAD
    0x0800f120   0x00000020   Code   RO         7909    i.__mathlib_dbl_invalid  m_wm.l(dunder.o)
    0x0800f140   0x00000020   Code   RO         7912    i.__mathlib_dbl_underflow  m_wm.l(dunder.o)
    0x0800f160   0x0000000e   Code   RO         7983    i.__scatterload_copy  mc_w.l(handlers.o)
    0x0800f16e   0x00000002   Code   RO         7984    i.__scatterload_null  mc_w.l(handlers.o)
    0x0800f170   0x0000000e   Code   RO         7985    i.__scatterload_zeroinit  mc_w.l(handlers.o)
    0x0800f17e   0x00000002   PAD
    0x0800f180   0x0000000c   Code   RO         7963    i.__set_errno       mc_w.l(errno.o)
    0x0800f18c   0x00000184   Code   RO         7839    i._fp_digits        mc_w.l(printfa.o)
    0x0800f310   0x000006dc   Code   RO         7840    i._printf_core      mc_w.l(printfa.o)
    0x0800f9ec   0x00000024   Code   RO         7841    i._printf_post_padding  mc_w.l(printfa.o)
    0x0800fa10   0x0000002e   Code   RO         7842    i._printf_pre_padding  mc_w.l(printfa.o)
    0x0800fa3e   0x00000016   Code   RO         7843    i._snputc           mc_w.l(printfa.o)
    0x0800fa54   0x000000c0   Code   RO         7028    i.accel_self_test   inv_mpu.o
    0x0800fb14   0x00000010   Code   RO         7554    i.atan              m_wm.l(atan.o)
    0x0800fb24   0x00000064   Code   RO         6834    i.decode_gesture    inv_mpu_dmp_motion_driver.o
    0x0800fb88   0x0000003c   Code   RO         6835    i.dmp_enable_6x_lp_quat  inv_mpu_dmp_motion_driver.o
    0x0800fbc4   0x0000021c   Code   RO         6836    i.dmp_enable_feature  inv_mpu_dmp_motion_driver.o
    0x0800fde0   0x00000058   Code   RO         6837    i.dmp_enable_gyro_cal  inv_mpu_dmp_motion_driver.o
    0x0800fe38   0x0000003c   Code   RO         6838    i.dmp_enable_lp_quat  inv_mpu_dmp_motion_driver.o
    0x0800fe74   0x00000018   Code   RO         6843    i.dmp_load_motion_driver_firmware  inv_mpu_dmp_motion_driver.o
    0x0800fe8c   0x000001cc   Code   RO         6844    i.dmp_read_fifo     inv_mpu_dmp_motion_driver.o
    0x08010058   0x00000130   Code   RO         6847    i.dmp_set_accel_bias  inv_mpu_dmp_motion_driver.o
    0x08010188   0x00000070   Code   RO         6848    i.dmp_set_fifo_rate  inv_mpu_dmp_motion_driver.o
    0x080101f8   0x00000130   Code   RO         6849    i.dmp_set_gyro_bias  inv_mpu_dmp_motion_driver.o
    0x08010328   0x00000138   Code   RO         6851    i.dmp_set_orientation  inv_mpu_dmp_motion_driver.o
    0x08010460   0x00000038   Code   RO         6854    i.dmp_set_shake_reject_thresh  inv_mpu_dmp_motion_driver.o
    0x08010498   0x00000026   Code   RO         6855    i.dmp_set_shake_reject_time  inv_mpu_dmp_motion_driver.o
    0x080104be   0x00000026   Code   RO         6856    i.dmp_set_shake_reject_timeout  inv_mpu_dmp_motion_driver.o
    0x080104e4   0x00000046   Code   RO         6857    i.dmp_set_tap_axes  inv_mpu_dmp_motion_driver.o
    0x0801052a   0x00000026   Code   RO         6858    i.dmp_set_tap_count  inv_mpu_dmp_motion_driver.o
    0x08010550   0x000001c0   Code   RO         6859    i.dmp_set_tap_thresh  inv_mpu_dmp_motion_driver.o
    0x08010710   0x00000026   Code   RO         6860    i.dmp_set_tap_time  inv_mpu_dmp_motion_driver.o
    0x08010736   0x00000026   Code   RO         6861    i.dmp_set_tap_time_multi  inv_mpu_dmp_motion_driver.o
    0x0801075c   0x00000018   Code   RO         7580    i.fabs              m_wm.l(fabs.o)
    0x08010774   0x0000000e   Code   RO         6607    i.fifo_init         usbh_hid.o
    0x08010782   0x00000060   Code   RO         6609    i.fifo_write        usbh_hid.o
    0x080107e2   0x00000002   PAD
    0x080107e4   0x0000001c   Code   RO         5404    i.fputc             roclog.o
    0x08010800   0x00000050   Code   RO         7860    i.free              mc_w.l(malloc.o)
    0x08010850   0x000000d0   Code   RO         7029    i.get_accel_prod_shift  inv_mpu.o
    0x08010920   0x00000470   Code   RO         7030    i.get_st_biases     inv_mpu.o
    0x08010d90   0x0000011c   Code   RO         7031    i.gyro_self_test    inv_mpu.o
    0x08010eac   0x00000028   Code   RO         7032    i.inv_orientation_matrix_to_scalar  inv_mpu.o
    0x08010ed4   0x0000004e   Code   RO         7033    i.inv_row_2_scale   inv_mpu.o
    0x08010f22   0x0000004c   Code   RO         4331    i.main              main.o
    0x08010f6e   0x00000002   PAD
    0x08010f70   0x0000006c   Code   RO         7861    i.malloc            mc_w.l(malloc.o)
    0x08010fdc   0x00000002   Code   RO         7034    i.mget_ms           inv_mpu.o
    0x08010fde   0x00000002   PAD
    0x08010fe0   0x00000070   Code   RO         7035    i.mpu_configure_fifo  inv_mpu.o
    0x08011050   0x00000218   Code   RO         7036    i.mpu_dmp_get_data  inv_mpu.o
    0x08011268   0x00000098   Code   RO         7037    i.mpu_dmp_init      inv_mpu.o
    0x08011300   0x0000004c   Code   RO         7038    i.mpu_get_accel_fsr  inv_mpu.o
    0x0801134c   0x00000054   Code   RO         7040    i.mpu_get_accel_sens  inv_mpu.o
    0x080113a0   0x00000010   Code   RO         7045    i.mpu_get_fifo_config  inv_mpu.o
    0x080113b0   0x00000044   Code   RO         7046    i.mpu_get_gyro_fsr  inv_mpu.o
    0x080113f4   0x00000060   Code   RO         7048    i.mpu_get_gyro_sens  inv_mpu.o
    0x08011454   0x00000050   Code   RO         7050    i.mpu_get_lpf       inv_mpu.o
    0x080114a4   0x00000020   Code   RO         7052    i.mpu_get_sample_rate  inv_mpu.o
    0x080114c4   0x000001f0   Code   RO         7054    i.mpu_init          inv_mpu.o
    0x080116b4   0x000000b8   Code   RO         7055    i.mpu_load_firmware  inv_mpu.o
    0x0801176c   0x000000e0   Code   RO         7056    i.mpu_lp_accel_mode  inv_mpu.o
    0x0801184c   0x000000c0   Code   RO         7059    i.mpu_read_fifo_stream  inv_mpu.o
    0x0801190c   0x00000080   Code   RO         7060    i.mpu_read_mem      inv_mpu.o
    0x0801198c   0x000001c8   Code   RO         7063    i.mpu_reset_fifo    inv_mpu.o
    0x08011b54   0x0000011c   Code   RO         7064    i.mpu_run_self_test  inv_mpu.o
    0x08011c70   0x00000084   Code   RO         7066    i.mpu_set_accel_fsr  inv_mpu.o
    0x08011cf4   0x0000014c   Code   RO         7067    i.mpu_set_bypass    inv_mpu.o
    0x08011e40   0x00000090   Code   RO         7069    i.mpu_set_dmp_state  inv_mpu.o
    0x08011ed0   0x00000088   Code   RO         7070    i.mpu_set_gyro_fsr  inv_mpu.o
    0x08011f58   0x0000006c   Code   RO         7071    i.mpu_set_int_latched  inv_mpu.o
    0x08011fc4   0x00000084   Code   RO         7073    i.mpu_set_lpf       inv_mpu.o
    0x08012048   0x0000009c   Code   RO         7074    i.mpu_set_sample_rate  inv_mpu.o
    0x080120e4   0x000000d0   Code   RO         7075    i.mpu_set_sensors   inv_mpu.o
    0x080121b4   0x00000080   Code   RO         7076    i.mpu_write_mem     inv_mpu.o
    0x08012234   0x0000009a   Code   RO         7077    i.run_self_test     inv_mpu.o
    0x080122ce   0x00000002   PAD
    0x080122d0   0x00000090   Code   RO         7078    i.set_int_enable    inv_mpu.o
    0x08012360   0x0000006e   Code   RO         7927    i.sqrt              m_wm.l(sqrt_full.o)
    0x080123ce   0x00000008   Data   RO         2626    .constdata          stm32f4xx_hal_dma.o
    0x080123d6   0x00000018   Data   RO         3937    .constdata          system_stm32f4xx.o
    0x080123ee   0x0000004a   Data   RO         3997    .constdata          rocrobotcontrol.o
    0x08012438   0x00000015   Data   RO         4218    .constdata          rocrobotdhalgorithm.o
    0x0801244d   0x0000000f   Data   RO         4332    .constdata          main.o
    0x0801245c   0x00000012   Data   RO         4663    .constdata          stm32f4xx_it.o
    0x0801246e   0x00000034   Data   RO         5253    .constdata          rocpca9685.o
    0x080124a2   0x00000058   Data   RO         5326    .constdata          rocbluetooth.o
    0x080124fa   0x0000004a   Data   RO         5488    .constdata          rocservo.o
    0x08012544   0x0000000b   Data   RO         5579    .constdata          rocled.o
    0x0801254f   0x00000026   Data   RO         5627    .constdata          rocbeeper.o
    0x08012575   0x00000038   Data   RO         5696    .constdata          rocmotor.o
    0x080125ad   0x00000028   Data   RO         5754    .constdata          rocbattery.o
    0x080125d5   0x00000042   Data   RO         5806    .constdata          rocremotecontrol.o
    0x08012617   0x0000005b   Data   RO         5866    .constdata          rocmpu6050.o
    0x08012672   0x000026e3   Data   RO         5991    .constdata          roctftlcd.o
    0x08014d55   0x00000bf6   Data   RO         6863    .constdata          inv_mpu_dmp_motion_driver.o
    0x0801594b   0x00000001   PAD
    0x0801594c   0x00000050   Data   RO         7080    .constdata          inv_mpu.o
    0x0801599c   0x00000804   Data   RO         7501    .constdata          arm_cortexM4lf_math.lib(arm_common_tables.o)
    0x080161a0   0x00000050   Data   RO         7527    .constdata          m_wm.l(acos.o)
    0x080161f0   0x00000050   Data   RO         7541    .constdata          m_wm.l(asin.o)
    0x08016240   0x00000098   Data   RO         7555    .constdata          m_wm.l(atan.o)
    0x080162d8   0x00000008   Data   RO         7924    .constdata          m_wm.l(qnan.o)
    0x080162e0   0x00000041   Data   RO         3998    .conststring        rocrobotcontrol.o
    0x08016321   0x00000003   PAD
    0x08016324   0x00000081   Data   RO         4219    .conststring        rocrobotdhalgorithm.o
    0x080163a5   0x00000003   PAD
    0x080163a8   0x00000043   Data   RO         5254    .conststring        rocpca9685.o
    0x080163eb   0x00000001   PAD
    0x080163ec   0x000000a5   Data   RO         5489    .conststring        rocservo.o
    0x08016491   0x00000003   PAD
    0x08016494   0x00000089   Data   RO         5697    .conststring        rocmotor.o
    0x0801651d   0x00000003   PAD
    0x08016520   0x00000004   Data   RO         6610    .conststring        usbh_hid.o
    0x08016524   0x0000004d   Data   RO         7081    .conststring        inv_mpu.o
    0x08016571   0x00000003   PAD
    0x08016574   0x00000020   Data   RO         7981    Region$$Table       anon$$obj.o


    Execution Region RW_IRAM1 (Base: 0x20000000, Size: 0x000120c0, Max: 0x00020000, ABSOLUTE, COMPRESSED[0x000000ec])

    Base Addr    Size         Type   Attr      Idx    E Section Name        Object

    0x20000000   0x00000009   Data   RW         3057    .data               stm32f4xx_hal.o
    0x20000009   0x00000003   PAD
    0x2000000c   0x00000004   Data   RW         3938    .data               system_stm32f4xx.o
    0x20000010   0x0000004c   Data   RW         3999    .data               rocrobotcontrol.o
    0x2000005c   0x00000139   Data   RW         4220    .data               rocrobotdhalgorithm.o
    0x20000195   0x00000001   Data   RW         4871    .data               usb_host.o
    0x20000196   0x00000066   Data   RW         5327    .data               rocbluetooth.o
    0x200001fc   0x00000004   Data   RW         5405    .data               roclog.o
    0x20000200   0x00000005   Data   RW         5490    .data               rocservo.o
    0x20000205   0x00000001   PAD
    0x20000206   0x00000006   Data   RW         5628    .data               rocbeeper.o
    0x2000020c   0x0000000a   Data   RW         5755    .data               rocbattery.o
    0x20000216   0x00000002   Data   RW         5807    .data               rocremotecontrol.o
    0x20000218   0x0000000a   Data   RW         5992    .data               roctftlcd.o
    0x20000222   0x00000002   PAD
    0x20000224   0x00000020   Data   RW         6611    .data               usbh_hid.o
    0x20000244   0x00000008   Data   RW         6725    .data               usbh_hid_keybd.o
    0x2000024c   0x0000000c   Data   RW         6769    .data               usbh_hid_mouse.o
    0x20000258   0x00000035   Data   RW         7082    .data               inv_mpu.o
    0x2000028d   0x00000003   PAD
    0x20000290   0x00000004   Data   RW         7959    .data               mc_w.l(mvars.o)
    0x20000294   0x00000004   Data   RW         7960    .data               mc_w.l(mvars.o)
    0x20000298   0x00000004   Data   RW         7964    .data               mc_w.l(errno.o)
    0x2000029c   0x00000004   PAD
    0x200002a0   0x00000170   Zero   RW         4217    .bss                rocrobotdhalgorithm.o
    0x20000410   0x000000a8   Zero   RW         4443    .bss                i2c.o
    0x200004b8   0x000000b8   Zero   RW         4490    .bss                spi.o
    0x20000570   0x000000b4   Zero   RW         4534    .bss                tim.o
    0x20000624   0x00000240   Zero   RW         4588    .bss                usart.o
    0x20000864   0x000000a8   Zero   RW         4828    .bss                adc.o
    0x2000090c   0x000003c8   Zero   RW         4870    .bss                usb_host.o
    0x20000cd4   0x00000298   Zero   RW         4959    .bss                usbh_conf.o
    0x20000f6c   0x00000064   Zero   RW         5325    .bss                rocbluetooth.o
    0x20000fd0   0x00000090   Zero   RW         5487    .bss                rocservo.o
    0x20001060   0x00000028   Zero   RW         5753    .bss                rocbattery.o
    0x20001088   0x00000016   Zero   RW         5805    .bss                rocremotecontrol.o
    0x2000109e   0x0000d000   Zero   RW         5990    .bss                roctftlcd.o
    0x2000e09e   0x0000000f   Zero   RW         6723    .bss                usbh_hid_keybd.o
    0x2000e0ad   0x00000003   PAD
    0x2000e0b0   0x00000010   Zero   RW         6862    .bss                inv_mpu_dmp_motion_driver.o
    0x2000e0c0   0x00002000   Zero   RW            2    HEAP                startup_stm32f405xx.o
    0x200100c0   0x00002000   Zero   RW            1    STACK               startup_stm32f405xx.o


==============================================================================

Image component sizes


      Code (inc. data)   RO Data    RW Data    ZI Data      Debug   Object Name

       312         66          0          0        168       2059   adc.o
       152          6          0          0          0        970   dma.o
       412         16          0          0          0       1243   gpio.o
       524         90          0          0        168       3270   i2c.o
      6930        320        157         53          0      37044   inv_mpu.o
      3128        138       3062          0         16      23858   inv_mpu_dmp_motion_driver.o
       424         74         15          0          0       3813   main.o
         0          0          0          0          0        688   mouse.o
       472        214         40         10         40       4476   rocbattery.o
       640        316         38          6          0       6182   rocbeeper.o
       864        450         88        102        100       7517   rocbluetooth.o
       104         56         11          0          0       1856   rocled.o
       640        270          0          4          0       7110   roclog.o
       380        234        193          0          0       2266   rocmotor.o
      1106        396         91          0          0       9441   rocmpu6050.o
      1020        278        119          0          0       7197   rocpca9685.o
       508        248         66          2         22       4977   rocremotecontrol.o
      3344        546        139         76          0      27774   rocrobotcontrol.o
     10916        622        150        313        368      14342   rocrobotdhalgorithm.o
      1148        438        239          5        144      10484   rocservo.o
      5314        744       9955         10      53248      29313   roctftlcd.o
       284         62          0          0        184       2014   spi.o
        36          8        392          0      16384        892   startup_stm32f405xx.o
       236         38          0          9          0       5113   stm32f4xx_hal.o
      1704         56          0          0          0       9154   stm32f4xx_hal_adc.o
         2          0          0          0          0       1161   stm32f4xx_hal_adc_ex.o
       348         22          0          0          0      33425   stm32f4xx_hal_cortex.o
      1446         16          8          0          0       7730   stm32f4xx_hal_dma.o
       888         86          0          0          0       4199   stm32f4xx_hal_gpio.o
      4406          4          0          0          0      12201   stm32f4xx_hal_hcd.o
      2762         40          0          0          0     684478   stm32f4xx_hal_i2c.o
       156          6          0          0          0       1054   stm32f4xx_hal_msp.o
      1732         84          0          0          0       6064   stm32f4xx_hal_rcc.o
      1502         16          0          0          0      10710   stm32f4xx_hal_spi.o
       780         44          0          0          0       7098   stm32f4xx_hal_tim.o
       102          0          0          0          0       2646   stm32f4xx_hal_tim_ex.o
      2712         42          0          0          0      17696   stm32f4xx_hal_uart.o
       312        114         18          0          0      12855   stm32f4xx_it.o
      2200         52          0          0          0      17436   stm32f4xx_ll_usb.o
       100         18         24          4          0       1391   system_stm32f4xx.o
       400         82          0          0        180       3180   tim.o
       836        140          0          0        576       3800   usart.o
        96         18          0          1        968      19600   usb_host.o
       802         34          0          0        664      11086   usbh_conf.o
       914        254          0          0          0       9191   usbh_core.o
       690         40          0          0          0       4293   usbh_ctlreq.o
      1496        148          4         32          0      16259   usbh_hid.o
        88          8          0          8         15       2340   usbh_hid_keybd.o
        76         10          0         12          0       1844   usbh_hid_mouse.o
       174          0          0          0          0       4049   usbh_ioreq.o
       168          0          0          0          0       4482   usbh_pipes.o

    ----------------------------------------------------------------------
     65844       6964      14858        656      73248    1123321   Object Totals
         0          0         32          0          0          0   (incl. Generated)
        58          0         17          9          3          0   (incl. Padding)

    ----------------------------------------------------------------------

      Code (inc. data)   RO Data    RW Data    ZI Data      Debug   Library Member Name

         0          0       2052          0          0       4636   arm_common_tables.o
       120         12          0          0          0      17018   arm_cos_f32.o
       132         14          0          0          0        750   arm_sin_f32.o
       856        118         80          0          0        288   acos.o
       864         94         80          0          0        280   asin.o
       744        106        152          0          0        352   atan.o
       496         64          0          0          0        192   atan2.o
       104         16          0          0          0        496   dunder.o
        44          0          0          0          0        248   fabs.o
        48          0          0          0          0        124   fpclassify.o
       248          0          0          0          0        152   poly.o
         0          0          8          0          0          0   qnan.o
       110          0          0          0          0        148   sqrt_full.o
        86          0          0          0          0          0   __dczerorl2.o
         0          0          0          0          0          0   entry.o
         0          0          0          0          0          0   entry10a.o
         0          0          0          0          0          0   entry11a.o
         8          4          0          0          0          0   entry2.o
         4          0          0          0          0          0   entry5.o
         0          0          0          0          0          0   entry7b.o
         0          0          0          0          0          0   entry8b.o
         8          4          0          0          0          0   entry9a.o
        12          6          0          4          0         68   errno.o
        30          0          0          0          0          0   handlers.o
        36          8          0          0          0         68   init.o
         0          0          0          0          0          0   iusefp.o
        98          0          0          0          0         84   ldiv.o
        30          0          0          0          0         68   llshl.o
        36          0          0          0          0         68   llsshr.o
        32          0          0          0          0         68   llushr.o
       188         20          0          0          0        160   malloc.o
        26          0          0          0          0         80   memcmp.o
        36          0          0          0          0         68   memcpya.o
        36          0          0          0          0        108   memseta.o
         0          0          0          8          0          0   mvars.o
      2324         94          0          0          0        600   printfa.o
        44          0          0          0          0         80   uidiv.o
        98          0          0          0          0         92   uldiv.o
        48          0          0          0          0         68   cdcmple.o
        48          0          0          0          0         68   cdrcmple.o
        56          0          0          0          0         88   d2f.o
       334          0          0          0          0        148   dadd.o
       222          0          0          0          0        100   ddiv.o
       186          0          0          0          0        176   depilogue.o
        50          0          0          0          0         76   dfixui.o
        48          0          0          0          0         68   dfixul.o
        26          0          0          0          0         76   dfltui.o
       228          0          0          0          0         96   dmul.o
       162          0          0          0          0        100   dsqrt.o
        38          0          0          0          0         68   f2d.o
       110          0          0          0          0        168   fepilogue.o

    ----------------------------------------------------------------------
      8466        560       2372         12          4      27596   Library Totals
        12          0          0          0          4          0   (incl. Padding)

    ----------------------------------------------------------------------

      Code (inc. data)   RO Data    RW Data    ZI Data      Debug   Library Name

       252         26       2052          0          0      22404   arm_cortexM4lf_math.lib
      3514        398        320          0          0       2280   m_wm.l
      3132        136          0         12          0       1612   mc_w.l
      1556          0          0          0          0       1300   mf_w.l

    ----------------------------------------------------------------------
      8466        560       2372         12          4      27596   Library Totals

    ----------------------------------------------------------------------

==============================================================================


      Code (inc. data)   RO Data    RW Data    ZI Data      Debug   

     74310       7524      17230        668      73252    1105341   Grand Totals
     74310       7524      17230        236      73252    1105341   ELF Image Totals (compressed)
     74310       7524      17230        236          0          0   ROM Totals

==============================================================================

    Total RO  Size (Code + RO Data)                91540 (  89.39kB)
    Total RW  Size (RW Data + ZI Data)             73920 (  72.19kB)
    Total ROM Size (Code + RO Data + RW Data)      91776 (  89.63kB)

==============================================================================

